******************************************************************************
            TI ARM Clang Linker PC v5.1.1                      
******************************************************************************
>> Linked Sat Aug 22 19:30:56 2026

OUTPUT FILE NAME:   <project0.out>
ENTRY POINT SYMBOL: "_c_int00_noargs"  address: 000041b1


MEMORY CONFIGURATION

         name            origin    length      used     unused   attr    fill
----------------------  --------  ---------  --------  --------  ----  --------
  FLASH                 00000000   00040000  00004d05  0003b2fb  R  X
  SRAM                  20000000   00008000  00000921  000076df  RW X


SEGMENT ALLOCATION MAP

run origin  load origin   length   init length attrs members
----------  ----------- ---------- ----------- ----- -------
00000000    00000000    0000026c   0000026c    r--
  00000000    00000000    0000026c   0000026c    r-- .intvecs
00000280    00000280    00004438   00004438    r-x
  00000280    00000280    000043cc   000043cc    r-x .text
  0000464c    0000464c    0000006c   0000006c    r-- .const
000046c0    000046c0    00000664   00000664    r--
  000046c0    000046c0    00000635   00000635    r-- .rodata
  00004cf8    00004cf8    0000002c   0000002c    r-- .cinit
20000000    20000000    00000925   00000000    rw-
  20000000    20000000    00000814   00000000    rw- .bss
  20000818    20000818    00000100   00000000    rw- .stack
  20000918    20000918    0000000d   00000000    rw- .data


SECTION ALLOCATION MAP

 output                                  attributes/
section   page    origin      length       input sections
--------  ----  ----------  ----------   ----------------
.intvecs   0    00000000    0000026c     
                  00000000    0000026c     startup_ccs.o (.intvecs)

.text      0    00000280    000043cc     
                  00000280    000009c0     libc.a : _printfi.c.obj (.text:__TI_printfi)
                  00000c40    000002dc            : strcmp_t2.S.obj (.text:strcmp)
                  00000f1c    00000004     startup_ccs.o (.text.FaultISR)
                  00000f20    00000298     libc.a : _printfi.c.obj (.text._pconv_a)
                  000011b8    00000238            : _printfi.c.obj (.text._pconv_g)
                  000013f0    00000230     app_common.o (.text.App_Common_RunEsp8266Sequence)
                  00001620    0000020c     app_common.o (.text.App_Common_MqttConnect)
                  0000182c    000001b6     libclang_rt.builtins.a : adddf3.S.obj (.text)
                  000019e2    00000006     startup_ccs.o (.text.ResetISR)
                  000019e8    00000198     libc.a : _printfi.c.obj (.text.fcvt)
                  00001b80    00000188     uart1.o (.text.AT_Send_Command)
                  00001d08    00000176     mqtt.o (.text.Mqtt_Connect)
                  00001e7e    00000002     libclang_rt.builtins.a : aeabi_div0.c.obj (.text.__aeabi_ldiv0)
                  00001e80    00000170     am2301b.o (.text.AM2301B_Read)
                  00001ff0    00000160     libc.a : _printfi.c.obj (.text._pconv_e)
                  00002150    0000014c     libclang_rt.builtins.a : divdf3.S.obj (.text)
                  0000229c    00000128     app_common.o (.text.App_Common_MqttPublishLoop)
                  000023c4    00000122     lcd.o (.text.I2C0_BurstWrite)
                  000024e6    00000120     uart1.o (.text.UART1_ReadIpdData)
                  00002606    0000011a     i2c0.o (.text.I2C0_ReadBytes)
                  00002720    00000118     i2c0.o (.text.I2C0_ProbeAddr)
                  00002838    00000118     driverlib.lib : sysctl.obj (.text:SysCtlClockGet)
                  00002950    0000010c     libc.a : s_scalbn.c.obj (.text.scalbn)
                  00002a5c    00000108     uart1.o (.text.UART1_Init)
                  00002b64    000000fc     libclang_rt.builtins.a : muldf3.S.obj (.text)
                  00002c60    000000f8     i2c0.o (.text.I2C0_WriteBytesOnly)
                  00002d58    000000f4     driverlib.lib : sysctl.obj (.text:SysCtlClockSet)
                  00002e4c    000000f0     uart1.o (.text.UART1_GetRxBufferData)
                  00002f3c    000000dc     uart.o (.text.UART0_Init)
                  00003018    000000ca     i2c0.o (.text.I2C0_ScanBus)
                  000030e2    000000c2     i2c0.o (.text.I2C0_Init)
                  000031a4    000000be     uart1.o (.text.UART1_CaptureResponse)
                  00003262    000000bc     adc.o (.text.ADC0_Init)
                  0000331e    000000b4     uart1.o (.text.UART1_ReadByteTimeout)
                  000033d2    000000b0     i2c0.o (.text.I2C0_WaitDone)
                  00003482    00000002     --HOLE-- [fill = 0]
                  00003484    000000b0     libclang_rt.builtins.a : udivmoddi4.S.obj (.text)
                  00003534    000000a8     mqtt.o (.text.Mqtt_Publish)
                  000035dc    000000a6     main.o (.text.main)
                  00003682    000000a0     app_common.o (.text.App_Common_WiFiConnectAP)
                  00003722    00000096     uart1.o (.text.UART1_Handler)
                  000037b8    00000090     uart1.o (.text.UART1_WaitForPatternAndEcho)
                  00003848    00000088     uart1.o (.text.UART1_WaitForPattern)
                  000038d0    00000082     gpio.o (.text.PortF_Init)
                  00003952    00000002     --HOLE-- [fill = 0]
                  00003954    00000082     libclang_rt.builtins.a : aeabi_dcmp.S.obj (.text)
                  000039d6    00000074     libc.a : copy_decompress_lzss.c.obj (.text:decompress:lzss)
                  00003a4a    00000072     uart1.o (.text.UART1_PrintDebug)
                  00003abc    00000070     libc.a : _printfi.c.obj (.text._mcpy)
                  00003b2c    0000006e     libclang_rt.builtins.a : truncdfsf2.S.obj (.text)
                  00003b9a    00000006     driverlib.lib : sysctl.obj (.text:SysCtlDelay)
                  00003ba0    00000068     libc.a : s_frexp.c.obj (.text.frexp)
                  00003c08    00000062     mqtt.o (.text.Mqtt_SendPacket)
                  00003c6a    00000002     --HOLE-- [fill = 0]
                  00003c6c    00000060     libclang_rt.builtins.a : comparedf2.c.obj (.text.__ledf2)
                  00003ccc    0000005e     app_common.o (.text.App_Common_DisplaySensorData)
                  00003d2a    00000002     --HOLE-- [fill = 0]
                  00003d2c    0000005c     libclang_rt.builtins.a : comparedf2.c.obj (.text.__gedf2)
                  00003d88    0000005a     mqtt.o (.text.MqttPacket_Str)
                  00003de2    00000056     libc.a : _ltoa.c.obj (.text.__TI_ltoa)
                  00003e38    00000054            : _printfi.c.obj (.text._pconv_f)
                  00003e8c    00000052     i2c0.o (.text.I2C0_WriteCmdOnly)
                  00003ede    0000004e     libc.a : _printfi.c.obj (.text._ecpy)
                  00003f2c    00000048            : snprintf.c.obj (.text.snprintf)
                  00003f74    00000048     libclang_rt.builtins.a : fixdfsi.S.obj (.text)
                  00003fbc    00000046     adc.o (.text.ADC0_Read)
                  00004002    00000046     uart1.o (.text.UART1_ClearRxBuffer)
                  00004048    00000044     libc.a : atoi.c.obj (.text.atoi)
                  0000408c    00000040     lcd.o (.text.LCD_Init)
                  000040cc    00000040     uart1.o (.text.UART1_WriteRaw)
                  0000410c    00000038     libc.a : autoinit.c.obj (.text:__TI_auto_init_nobinit_nopinit)
                  00004144    00000038     libclang_rt.builtins.a : extendsfdf2.S.obj (.text)
                  0000417c    00000034     libc.a : _printfi.c.obj (.text._fcpy)
                  000041b0    00000034            : boot_cortex_m.c.obj (.text:_c_int00_noargs)
                  000041e4    00000032     app_common.o (.text.Delay_ms)
                  00004216    00000032     lcd.o (.text.Delay_ms)
                  00004248    00000032     main.o (.text.Delay_ms)
                  0000427a    00000002     --HOLE-- [fill = 0]
                  0000427c    00000030     libclang_rt.builtins.a : comparedf2.c.obj (.text.__aeabi_dcmpun)
                  000042ac    00000030     libc.a : snprintf.c.obj (.text._outs)
                  000042dc    0000002e     lcd.o (.text.LCD_TestInit)
                  0000430a    0000002e     uart.o (.text.UART0_WriteChar)
                  00004338    0000002e     uart1.o (.text.UART1_WriteChar)
                  00004366    00000002     --HOLE-- [fill = 0]
                  00004368    0000002e     libclang_rt.builtins.a : floatsidf.S.obj (.text)
                  00004396    0000002c     mqtt.o (.text.MqttPacket_Byte)
                  000043c2    0000002c     libc.a : strstr.c.obj (.text.strstr)
                  000043ee    00000028            : memmov.c.obj (.text.memmove)
                  00004416    00000026     lcd.o (.text.LCD_Command)
                  0000443c    00000024     uart.o (.text.UART0_WriteString)
                  00004460    00000024     uart1.o (.text.UART1_DelayMs)
                  00004484    00000022     uart1.o (.text.UART1_FlushRxFifo)
                  000044a6    00000022     uart1.o (.text.UART1_TicksPerMs)
                  000044c8    00000022     uart1.o (.text.UART1_WriteString)
                  000044ea    00000022     libc.a : memccpy.c.obj (.text.memccpy)
                  0000450c    00000018     lcd.o (.text.LCD_WriteChar)
                  00004524    00000018     libc.a : snprintf.c.obj (.text._outc)
                  0000453c    00000014     libclang_rt.builtins.a : aeabi_uldivmod.S.obj (.text)
                  00004550    00000012     libc.a : memcpy_t2.S.obj (.text:TI_memcpy_small)
                  00004562    00000002     --HOLE-- [fill = 0]
                  00004564    00000012     libclang_rt.builtins.a : aeabi_memset.S.obj (.text)
                  00004576    00000010     am2301b.o (.text.AM2301B_Init)
                  00004586    00000010     mqtt.o (.text.MqttPacket_Init)
                  00004596    00000010     libc.a : _printfi.c.obj (.text.strchr)
                  000045a6    00000010            : wcslen.c.obj (.text.wcslen)
                  000045b6    00000010     driverlib.lib : interrupt.obj (.text:IntMasterEnable)
                  000045c6    00000010     libc.a : copy_zero_init.c.obj (.text:decompress:ZI)
                  000045d6    0000000e            : _printfi.c.obj (.text.strlen)
                  000045e4    0000000e            : strlen.c.obj (.text.strlen)
                  000045f2    0000000e            : memset_t2.S.obj (.text:TI_memset_small)
                  00004600    0000000e            : copy_decompress_none.c.obj (.text:decompress:none)
                  0000460e    0000000c     driverlib.lib : cpu.obj (.text:CPUcpsie)
                  0000461a    00000002     --HOLE-- [fill = 0]
                  0000461c    00000008     libc.a : aeabi_portable.c.obj (.text.__aeabi_errno_addr)
                  00004624    00000006            : exit.c.obj (.text:abort)
                  0000462a    00000004     libsysbm.a : hostexit.c.obj (.text.HOSTexit)
                  0000462e    00000004     startup_ccs.o (.text.IntDefaultHandler)
                  00004632    00000004     startup_ccs.o (.text.NmiSR)
                  00004636    00000004     libclang_rt.builtins.a : aeabi_ddiv.c.obj (.text.__aeabi_ddiv)
                  0000463a    00000004                            : aeabi_dmul.c.obj (.text.__aeabi_dmul)
                  0000463e    00000004     libc.a : pre_init.c.obj (.text._system_pre_init)
                  00004642    00000002     --HOLE-- [fill = 0]
                  00004644    00000004     libclang_rt.builtins.a : aeabi_memcpy.S.obj (.text)
                  00004648    00000004                            : aeabi_memmove.S.obj (.text)

.const     0    0000464c    0000006c     
                  0000464c    0000006c     driverlib.lib : sysctl.obj (.const:g_pui32Xtals)

.rodata    0    000046c0    00000635     
                  000046c0    00000101     libc.a : aeabi_ctype.S.obj (.rodata:__aeabi_ctype_table_)
                  000047c1    00000032     app_common.o (.rodata.str1.3323826569216535863.1)
                  000047f3    00000030     app_common.o (.rodata.str1.6858423907132777704.1)
                  00004823    0000002b     app_common.o (.rodata.str1.6469349170187891810.1)
                  0000484e    0000002a     app_common.o (.rodata.str1.9349281024333406967.1)
                  00004878    00000029     app_common.o (.rodata.str1.10368302602187927654.1)
                  000048a1    00000026     main.o (.rodata.str1.8154729771448623357.1)
                  000048c7    00000025     main.o (.rodata.str1.17100691992556644108.1)
                  000048ec    00000023     app_common.o (.rodata.str1.4845466243474658765.1)
                  0000490f    00000020     app_common.o (.rodata.str1.6098721478075672564.1)
                  0000492f    0000001f     app_common.o (.rodata.str1.15841481993680758348.1)
                  0000494e    0000001f     app_common.o (.rodata.str1.8344176913558929136.1)
                  0000496d    0000001e     main.o (.rodata.str1.15159059442110792349.1)
                  0000498b    0000001c     app_common.o (.rodata.str1.7523408769317302708.1)
                  000049a7    0000001b     app_common.o (.rodata.str1.16546099650905957834.1)
                  000049c2    0000001a     app_common.o (.rodata.str1.3188423377676684541.1)
                  000049dc    00000019     app_common.o (.rodata.str1.2473626441357759200.1)
                  000049f5    00000018     app_common.o (.rodata.str1.2012820364827226503.1)
                  00004a0d    00000018     app_common.o (.rodata.str1.5598573169653468338.1)
                  00004a25    00000016     app_common.o (.rodata.str1.15297355126783084090.1)
                  00004a3b    00000016     app_common.o (.rodata.str1.15932952478000258479.1)
                  00004a51    00000015     app_common.o (.rodata.str1.10429554286195325064.1)
                  00004a66    00000014     app_common.o (.rodata.str1.12171418687344171670.1)
                  00004a7a    00000014     app_common.o (.rodata.str1.2011251919367194446.1)
                  00004a8e    00000014     app_common.o (.rodata.str1.7825819665639612490.1)
                  00004aa2    00000013     app_common.o (.rodata.str1.15983282028594655199.1)
                  00004ab5    00000013     app_common.o (.rodata.str1.1792150719650926156.1)
                  00004ac8    00000012     app_common.o (.rodata.str1.17116982383396894824.1)
                  00004ada    00000012     app_common.o (.rodata.str1.17724244221455043402.1)
                  00004aec    00000012     app_common.o (.rodata.str1.6360017490550387393.1)
                  00004afe    00000011     libc.a : _printfi.c.obj (.rodata.str1.10348868589481759720.1)
                  00004b0f    00000011     app_common.o (.rodata.str1.13413388549492472208.1)
                  00004b20    00000011     libc.a : _printfi.c.obj (.rodata.str1.15363888844622738466.1)
                  00004b31    00000011     app_common.o (.rodata.str1.2970959555391549778.1)
                  00004b42    00000011     app_common.o (.rodata.str1.4660533908639497122.1)
                  00004b53    00000011     app_common.o (.rodata.str1.4682556997905695029.1)
                  00004b64    00000011     app_common.o (.rodata.str1.7258265919487828035.1)
                  00004b75    0000000f     app_common.o (.rodata.str1.11918709766738123712.1)
                  00004b84    0000000f     app_common.o (.rodata.str1.13004182986476396538.1)
                  00004b93    0000000f     uart1.o (.rodata.str1.15875891266525215839.1)
                  00004ba2    0000000f     app_common.o (.rodata.str1.17281170310585640519.1)
                  00004bb1    0000000f     app_common.o (.rodata.str1.7121151532836613393.1)
                  00004bc0    0000000e     mqtt.o (.rodata.str1.6119411462599232091.1)
                  00004bce    0000000d     i2c0.o (.rodata.str1.16857564704301768665.1)
                  00004bdb    0000000d     app_common.o (.rodata.str1.9176486389282610541.1)
                  00004be8    0000000c     app_common.o (.rodata.str1.15418962876121317165.1)
                  00004bf4    0000000c     app_common.o (.rodata.str1.17128752484913213662.1)
                  00004c00    0000000c     i2c0.o (.rodata.str1.561729138136085595.1)
                  00004c0c    0000000c     app_common.o (.rodata.str1.6071548003363279629.1)
                  00004c18    0000000c     uart1.o (.rodata.str1.7655064156386441684.1)
                  00004c24    0000000b     app_common.o (.rodata.str1.2813041528949800643.1)
                  00004c2f    0000000b     app_common.o (.rodata.str1.3732695515871305224.1)
                  00004c3a    0000000b     app_common.o (.rodata.str1.6488220512292036259.1)
                  00004c45    0000000b     app_common.o (.rodata.str1.6768287110593762024.1)
                  00004c50    0000000a     uart1.o (.rodata.str1.10333090051713482409.1)
                  00004c5a    0000000a     uart1.o (.rodata.str1.16703594059018181473.1)
                  00004c64    0000000a     i2c0.o (.rodata.str1.8640563807904019103.1)
                  00004c6e    00000009     app_common.o (.rodata.str1.2201101511084925083.1)
                  00004c77    00000009     app_common.o (.rodata.str1.2590815281453856492.1)
                  00004c80    00000009     app_common.o (.rodata.str1.6528687957572510311.1)
                  00004c89    00000009     app_common.o (.rodata.str1.7765811675680937608.1)
                  00004c92    00000008     app_common.o (.rodata.str1.13495225288195505865.1)
                  00004c9a    00000008     mqtt.o (.rodata.str1.13641981303155832046.1)
                  00004ca2    00000008     app_common.o (.rodata.str1.483180027205750724.1)
                  00004caa    00000006     uart1.o (.rodata.str1.10405966248829727620.1)
                  00004cb0    00000006     uart1.o (.rodata.str1.9105701781139119846.1)
                  00004cb6    00000005     uart1.o (.rodata.str1.10325346187975606484.1)
                  00004cbb    00000005     uart1.o (.rodata.str1.12050350366616553571.1)
                  00004cc0    00000005     uart1.o (.rodata.str1.12747660023304419868.1)
                  00004cc5    00000005     uart1.o (.rodata.str1.13949195525683311012.1)
                  00004cca    00000005     app_common.o (.rodata.str1.16225088277312927915.1)
                  00004ccf    00000005     app_common.o (.rodata.str1.1858925802995939675.1)
                  00004cd4    00000005     mqtt.o (.rodata.str1.482871317653244268.1)
                  00004cd9    00000005     uart1.o (.rodata.str1.8551749353209914508.1)
                  00004cde    00000003     app_common.o (.rodata.str1.15986675398430671601.1)
                  00004ce1    00000003     app_common.o (.rodata.str1.16979452330571389292.1)
                  00004ce4    00000003     app_common.o (.rodata.str1.17371231995097499911.1)
                  00004ce7    00000003     uart1.o (.rodata.str1.1796746635157104460.1)
                  00004cea    00000003     app_common.o (.rodata.str1.4028979704143978803.1)
                  00004ced    00000003     uart1.o (.rodata.str1.4667918372817716447.1)
                  00004cf0    00000003     i2c0.o (.rodata.str1.5697117810892938982.1)
                  00004cf3    00000002     mqtt.o (.rodata.str1.5323535165221019306.1)

.cinit     0    00004cf8    0000002c     
                  00004cf8    0000000c     (__TI_handler_table)
                  00004d04    00000008     (.cinit..bss.load) [load image, compression = zero_init]
                  00004d0c    00000007     (.cinit..data.load) [load image, compression = lzss]
                  00004d13    00000001     --HOLE-- [fill = 0]
                  00004d14    00000010     (__TI_cinit_table)

.init_array 
*          0    00000000    00000000     UNINITIALIZED

.bss       0    20000000    00000814     UNINITIALIZED
                  20000000    00000800     uart1.o (.bss.rx_buffer)
                  20000800    00000014     (.common:system)

.data      0    20000918    0000000d     UNINITIALIZED
                  20000918    00000004     libc.a : aeabi_portable.c.obj (.data.__aeabi_errno)
                  2000091c    00000004     uart1.o (.data.rx_head)
                  20000920    00000004     uart1.o (.data.rx_tail)
                  20000924    00000001     uart1.o (.data.rx_buffer_overflow)

.stack     0    20000818    00000100     UNINITIALIZED
                  20000818    00000004     libc.a : boot_cortex_m.c.obj (.stack)
                  2000081c    000000fc     --HOLE--

__llvm_prf_cnts 
*          0    20000000    00000000     UNINITIALIZED

__llvm_prf_bits 
*          0    20000000    00000000     UNINITIALIZED

MODULE SUMMARY

       Module                       code    ro data   rw data
       ------                       ----    -------   -------
    .\
       startup_ccs.o                18      620       0      
    +--+----------------------------+-------+---------+---------+
       Total:                       18      620       0      
                                                             
    .\Application\
       main.o                       216     105       20     
    +--+----------------------------+-------+---------+---------+
       Total:                       216     105       20     
                                                             
    .\Common\
       app_common.o                 1684    1036      0      
       mqtt.o                       790     29        0      
    +--+----------------------------+-------+---------+---------+
       Total:                       2474    1065      0      
                                                             
    .\Devices\AM2301b\
       am2301b.o                    384     0         0      
    +--+----------------------------+-------+---------+---------+
       Total:                       384     0         0      
                                                             
    .\Devices\LCD\
       lcd.o                        512     0         0      
    +--+----------------------------+-------+---------+---------+
       Total:                       512     0         0      
                                                             
    .\Drivers\ADC\
       adc.o                        258     0         0      
    +--+----------------------------+-------+---------+---------+
       Total:                       258     0         0      
                                                             
    .\Drivers\GPIO\
       gpio.o                       130     0         0      
    +--+----------------------------+-------+---------+---------+
       Total:                       130     0         0      
                                                             
    .\Drivers\I2C\
       i2c0.o                       1464    38        0      
    +--+----------------------------+-------+---------+---------+
       Total:                       1464    38        0      
                                                             
    .\Drivers\UART\
       uart1.o                      2416    90        2057   
       uart.o                       302     0         0      
    +--+----------------------------+-------+---------+---------+
       Total:                       2718    90        2057   
                                                             
    C:/TI/TivaWare_C_Series-2.2.0.295/driverlib/ccs/Debug/driverlib.lib
       sysctl.obj                   530     108       0      
       interrupt.obj                16      0         0      
       cpu.obj                      12      0         0      
    +--+----------------------------+-------+---------+---------+
       Total:                       558     108       0      
                                                             
    D:\ti\ccs2100\ccs\tools\compiler\ti-cgt-armllvm_5.1.1.LTS\lib\armv7em-ti-none-eabihf/c/libc.a
       _printfi.c.obj               4844    34        0      
       strcmp_t2.S.obj              732     0         0      
       s_scalbn.c.obj               268     0         0      
       aeabi_ctype.S.obj            0       257       0      
       snprintf.c.obj               144     0         0      
       copy_decompress_lzss.c.obj   116     0         0      
       s_frexp.c.obj                104     0         0      
       _ltoa.c.obj                  86      0         0      
       atoi.c.obj                   68      0         0      
       autoinit.c.obj               56      0         0      
       boot_cortex_m.c.obj          52      0         0      
       strstr.c.obj                 44      0         0      
       memmov.c.obj                 40      0         0      
       memccpy.c.obj                34      0         0      
       memcpy_t2.S.obj              18      0         0      
       copy_zero_init.c.obj         16      0         0      
       wcslen.c.obj                 16      0         0      
       copy_decompress_none.c.obj   14      0         0      
       memset_t2.S.obj              14      0         0      
       strlen.c.obj                 14      0         0      
       aeabi_portable.c.obj         8       0         4      
       exit.c.obj                   6       0         0      
       pre_init.c.obj               4       0         0      
    +--+----------------------------+-------+---------+---------+
       Total:                       6698    291       4      
                                                             
    D:\ti\ccs2100\ccs\tools\compiler\ti-cgt-armllvm_5.1.1.LTS\lib\armv7em-ti-none-eabihf/c/libsysbm.a
       hostexit.c.obj               4       0         0      
    +--+----------------------------+-------+---------+---------+
       Total:                       4       0         0      
                                                             
    D:\ti\ccs2100\ccs\tools\compiler\ti-cgt-armllvm_5.1.1.LTS\lib\armv7em-ti-none-eabihf/libclang_rt.builtins.a
       adddf3.S.obj                 438     0         0      
       divdf3.S.obj                 332     0         0      
       muldf3.S.obj                 252     0         0      
       comparedf2.c.obj             236     0         0      
       udivmoddi4.S.obj             176     0         0      
       aeabi_dcmp.S.obj             130     0         0      
       truncdfsf2.S.obj             110     0         0      
       fixdfsi.S.obj                72      0         0      
       extendsfdf2.S.obj            56      0         0      
       floatsidf.S.obj              46      0         0      
       aeabi_uldivmod.S.obj         20      0         0      
       aeabi_memset.S.obj           18      0         0      
       aeabi_ddiv.c.obj             4       0         0      
       aeabi_dmul.c.obj             4       0         0      
       aeabi_memcpy.S.obj           4       0         0      
       aeabi_memmove.S.obj          4       0         0      
       aeabi_div0.c.obj             2       0         0      
    +--+----------------------------+-------+---------+---------+
       Total:                       1904    0         0      
                                                             
       Stack:                       0       0         256    
       Linker Generated:            0       43        0      
    +--+----------------------------+-------+---------+---------+
       Grand Total:                 17338   2360      2337   


LINKER GENERATED COPY TABLES

__TI_cinit_table @ 00004d14 records: 2, size/record: 8, table size: 16
	.bss: load addr=00004d04, load size=00000008 bytes, run addr=20000000, run size=00000814 bytes, compression=zero_init
	.data: load addr=00004d0c, load size=00000007 bytes, run addr=20000918, run size=0000000d bytes, compression=lzss


LINKER GENERATED HANDLER TABLE

__TI_handler_table @ 00004cf8 records: 3, size/record: 4, table size: 12
	index: 0, handler: __TI_decompress_lzss
	index: 1, handler: __TI_decompress_none
	index: 2, handler: __TI_zero_init


GLOBAL SYMBOLS: SORTED ALPHABETICALLY BY Name 

address   name                          
-------   ----                          
00003263  ADC0_Init                     
00003fbd  ADC0_Read                     
00004577  AM2301B_Init                  
00001e81  AM2301B_Read                  
00001b81  AT_Send_Command               
00003ccd  App_Common_DisplaySensorData  
00001621  App_Common_MqttConnect        
0000229d  App_Common_MqttPublishLoop    
000013f1  App_Common_RunEsp8266Sequence 
00003683  App_Common_WiFiConnectAP      
0000462a  C$$EXIT                       
0000460f  CPUcpsie                      
0000462b  HOSTexit                      
000023c5  I2C0_BurstWrite               
000030e3  I2C0_Init                     
00002721  I2C0_ProbeAddr                
00002607  I2C0_ReadBytes                
00003019  I2C0_ScanBus                  
00002c61  I2C0_WriteBytesOnly           
00003e8d  I2C0_WriteCmdOnly             
000045b7  IntMasterEnable               
00004417  LCD_Command                   
0000408d  LCD_Init                      
000042dd  LCD_TestInit                  
0000450d  LCD_WriteChar                 
00001d09  Mqtt_Connect                  
00003535  Mqtt_Publish                  
000038d1  PortF_Init                    
000019e3  ResetISR                      
00002839  SysCtlClockGet                
00002d59  SysCtlClockSet                
00003b9b  SysCtlDelay                   
00004551  TI_memcpy_small               
000045f3  TI_memset_small               
00002f3d  UART0_Init                    
0000430b  UART0_WriteChar               
0000443d  UART0_WriteString             
000031a5  UART1_CaptureResponse         
00004003  UART1_ClearRxBuffer           
00002e4d  UART1_GetRxBufferData         
00003723  UART1_Handler                 
00002a5d  UART1_Init                    
000024e7  UART1_ReadIpdData             
00003849  UART1_WaitForPattern          
000037b9  UART1_WaitForPatternAndEcho   
00004339  UART1_WriteChar               
000040cd  UART1_WriteRaw                
000044c9  UART1_WriteString             
20000918  __STACK_END                   
00000100  __STACK_SIZE                  
20000918  __STACK_TOP                   
00000000  __TI_ATRegion0_region_sz      
00000000  __TI_ATRegion0_src_addr       
00000000  __TI_ATRegion0_trg_addr       
00000000  __TI_ATRegion1_region_sz      
00000000  __TI_ATRegion1_src_addr       
00000000  __TI_ATRegion1_trg_addr       
00000000  __TI_ATRegion2_region_sz      
00000000  __TI_ATRegion2_src_addr       
00000000  __TI_ATRegion2_trg_addr       
00004d14  __TI_CINIT_Base               
00004d24  __TI_CINIT_Limit              
00004d24  __TI_CINIT_Warm               
00004cf8  __TI_Handler_Table_Base       
00004d04  __TI_Handler_Table_Limit      
0000410d  __TI_auto_init_nobinit_nopinit
000039d7  __TI_decompress_lzss          
00004601  __TI_decompress_none          
00003de3  __TI_ltoa                     
ffffffff  __TI_pprof_out_hndl           
00000281  __TI_printfi                  
ffffffff  __TI_prof_data_size           
ffffffff  __TI_prof_data_start          
00000000  __TI_static_base__            
000045c7  __TI_zero_init                
00001837  __adddf3                      
000046c0  __aeabi_ctype_table_          
000046c0  __aeabi_ctype_table_C         
00003b2d  __aeabi_d2f                   
00003f75  __aeabi_d2iz                  
00001837  __aeabi_dadd                  
00003955  __aeabi_dcmpeq                
000039a3  __aeabi_dcmpge                
000039bd  __aeabi_dcmpgt                
00003989  __aeabi_dcmple                
0000396f  __aeabi_dcmplt                
0000427d  __aeabi_dcmpun                
00004637  __aeabi_ddiv                  
0000463b  __aeabi_dmul                  
0000182d  __aeabi_dsub                  
20000918  __aeabi_errno                 
0000461d  __aeabi_errno_addr            
00004145  __aeabi_f2d                   
00004369  __aeabi_i2d                   
00001e7f  __aeabi_ldiv0                 
0000456f  __aeabi_memclr                
0000456f  __aeabi_memclr4               
0000456f  __aeabi_memclr8               
00004645  __aeabi_memcpy                
00004645  __aeabi_memcpy4               
00004645  __aeabi_memcpy8               
00004649  __aeabi_memmove               
00004649  __aeabi_memmove4              
00004649  __aeabi_memmove8              
00004565  __aeabi_memset                
00004565  __aeabi_memset4               
00004565  __aeabi_memset8               
0000453d  __aeabi_uldivmod              
ffffffff  __binit__                     
00003c6d  __cmpdf2                      
00002151  __divdf3                      
00003c6d  __eqdf2                       
00004145  __extendsfdf2                 
00003f75  __fixdfsi                     
00004369  __floatsidf                   
00003d2d  __gedf2                       
00003d2d  __gtdf2                       
00003c6d  __ledf2                       
00003c6d  __ltdf2                       
UNDEFED   __mpu_init                    
00002b65  __muldf3                      
00003c6d  __nedf2                       
20000818  __stack                       
20000000  __start___llvm_prf_bits       
20000000  __start___llvm_prf_cnts       
20000000  __stop___llvm_prf_bits        
20000000  __stop___llvm_prf_cnts        
0000182d  __subdf3                      
00003b2d  __truncdfsf2                  
00003485  __udivmoddi4                  
000041b1  _c_int00_noargs               
UNDEFED   _system_post_cinit            
0000463f  _system_pre_init              
00004625  abort                         
00004049  atoi                          
ffffffff  binit                         
00003ba1  frexp                         
00003ba1  frexpl                        
00000000  g_pfnVectors                  
00002951  ldexp                         
00002951  ldexpl                        
000035dd  main                          
000044eb  memccpy                       
000043ef  memmove                       
00002951  scalbn                        
00002951  scalbnl                       
00003f2d  snprintf                      
00000c49  strcmp                        
000045e5  strlen                        
000043c3  strstr                        
20000800  system                        
000045a7  wcslen                        


GLOBAL SYMBOLS: SORTED BY Symbol Address 

address   name                          
-------   ----                          
00000000  __TI_ATRegion0_region_sz      
00000000  __TI_ATRegion0_src_addr       
00000000  __TI_ATRegion0_trg_addr       
00000000  __TI_ATRegion1_region_sz      
00000000  __TI_ATRegion1_src_addr       
00000000  __TI_ATRegion1_trg_addr       
00000000  __TI_ATRegion2_region_sz      
00000000  __TI_ATRegion2_src_addr       
00000000  __TI_ATRegion2_trg_addr       
00000000  __TI_static_base__            
00000000  g_pfnVectors                  
00000100  __STACK_SIZE                  
00000281  __TI_printfi                  
00000c49  strcmp                        
000013f1  App_Common_RunEsp8266Sequence 
00001621  App_Common_MqttConnect        
0000182d  __aeabi_dsub                  
0000182d  __subdf3                      
00001837  __adddf3                      
00001837  __aeabi_dadd                  
000019e3  ResetISR                      
00001b81  AT_Send_Command               
00001d09  Mqtt_Connect                  
00001e7f  __aeabi_ldiv0                 
00001e81  AM2301B_Read                  
00002151  __divdf3                      
0000229d  App_Common_MqttPublishLoop    
000023c5  I2C0_BurstWrite               
000024e7  UART1_ReadIpdData             
00002607  I2C0_ReadBytes                
00002721  I2C0_ProbeAddr                
00002839  SysCtlClockGet                
00002951  ldexp                         
00002951  ldexpl                        
00002951  scalbn                        
00002951  scalbnl                       
00002a5d  UART1_Init                    
00002b65  __muldf3                      
00002c61  I2C0_WriteBytesOnly           
00002d59  SysCtlClockSet                
00002e4d  UART1_GetRxBufferData         
00002f3d  UART0_Init                    
00003019  I2C0_ScanBus                  
000030e3  I2C0_Init                     
000031a5  UART1_CaptureResponse         
00003263  ADC0_Init                     
00003485  __udivmoddi4                  
00003535  Mqtt_Publish                  
000035dd  main                          
00003683  App_Common_WiFiConnectAP      
00003723  UART1_Handler                 
000037b9  UART1_WaitForPatternAndEcho   
00003849  UART1_WaitForPattern          
000038d1  PortF_Init                    
00003955  __aeabi_dcmpeq                
0000396f  __aeabi_dcmplt                
00003989  __aeabi_dcmple                
000039a3  __aeabi_dcmpge                
000039bd  __aeabi_dcmpgt                
000039d7  __TI_decompress_lzss          
00003b2d  __aeabi_d2f                   
00003b2d  __truncdfsf2                  
00003b9b  SysCtlDelay                   
00003ba1  frexp                         
00003ba1  frexpl                        
00003c6d  __cmpdf2                      
00003c6d  __eqdf2                       
00003c6d  __ledf2                       
00003c6d  __ltdf2                       
00003c6d  __nedf2                       
00003ccd  App_Common_DisplaySensorData  
00003d2d  __gedf2                       
00003d2d  __gtdf2                       
00003de3  __TI_ltoa                     
00003e8d  I2C0_WriteCmdOnly             
00003f2d  snprintf                      
00003f75  __aeabi_d2iz                  
00003f75  __fixdfsi                     
00003fbd  ADC0_Read                     
00004003  UART1_ClearRxBuffer           
00004049  atoi                          
0000408d  LCD_Init                      
000040cd  UART1_WriteRaw                
0000410d  __TI_auto_init_nobinit_nopinit
00004145  __aeabi_f2d                   
00004145  __extendsfdf2                 
000041b1  _c_int00_noargs               
0000427d  __aeabi_dcmpun                
000042dd  LCD_TestInit                  
0000430b  UART0_WriteChar               
00004339  UART1_WriteChar               
00004369  __aeabi_i2d                   
00004369  __floatsidf                   
000043c3  strstr                        
000043ef  memmove                       
00004417  LCD_Command                   
0000443d  UART0_WriteString             
000044c9  UART1_WriteString             
000044eb  memccpy                       
0000450d  LCD_WriteChar                 
0000453d  __aeabi_uldivmod              
00004551  TI_memcpy_small               
00004565  __aeabi_memset                
00004565  __aeabi_memset4               
00004565  __aeabi_memset8               
0000456f  __aeabi_memclr                
0000456f  __aeabi_memclr4               
0000456f  __aeabi_memclr8               
00004577  AM2301B_Init                  
000045a7  wcslen                        
000045b7  IntMasterEnable               
000045c7  __TI_zero_init                
000045e5  strlen                        
000045f3  TI_memset_small               
00004601  __TI_decompress_none          
0000460f  CPUcpsie                      
0000461d  __aeabi_errno_addr            
00004625  abort                         
0000462a  C$$EXIT                       
0000462b  HOSTexit                      
00004637  __aeabi_ddiv                  
0000463b  __aeabi_dmul                  
0000463f  _system_pre_init              
00004645  __aeabi_memcpy                
00004645  __aeabi_memcpy4               
00004645  __aeabi_memcpy8               
00004649  __aeabi_memmove               
00004649  __aeabi_memmove4              
00004649  __aeabi_memmove8              
000046c0  __aeabi_ctype_table_          
000046c0  __aeabi_ctype_table_C         
00004cf8  __TI_Handler_Table_Base       
00004d04  __TI_Handler_Table_Limit      
00004d14  __TI_CINIT_Base               
00004d24  __TI_CINIT_Limit              
00004d24  __TI_CINIT_Warm               
20000000  __start___llvm_prf_bits       
20000000  __start___llvm_prf_cnts       
20000000  __stop___llvm_prf_bits        
20000000  __stop___llvm_prf_cnts        
20000800  system                        
20000818  __stack                       
20000918  __STACK_END                   
20000918  __STACK_TOP                   
20000918  __aeabi_errno                 
ffffffff  __TI_pprof_out_hndl           
ffffffff  __TI_prof_data_size           
ffffffff  __TI_prof_data_start          
ffffffff  __binit__                     
ffffffff  binit                         
UNDEFED   __mpu_init                    
UNDEFED   _system_post_cinit            

[152 symbols]
