<?xml version="1.0" encoding="ISO-8859-1" ?>
<link_info>
   <banner>TI ARM Clang Linker PC v5.1.1.LTS</banner>
   <copyright>Copyright (c) 1996-2018 Texas Instruments Incorporated</copyright>
   <command_line>D:\ti\ccs2100\ccs\tools\compiler\ti-cgt-armllvm_5.1.1.LTS\bin\tiarmlnk -ID:\ti\ccs2100\ccs\tools\compiler\ti-cgt-armllvm_5.1.1.LTS\lib -o project0.out --cg_opt_level=0 -mproject0_ccs.map --stack_size=256 -iD:/ti/ccs2100/ccs/tools/compiler/ti-cgt-armllvm_5.1.1.LTS/lib -iD:/ti/ccs2100/ccs/tools/compiler/ti-cgt-armllvm_5.1.1.LTS/include --reread_libs --diag_wrap=off --display_error_number --warn_sections --xml_link_info=project0_linkInfo.xml --rom_model ./startup_ccs.o ./Application/main.o ./Application/state.o ./Common/app_common.o ./Common/mqtt.o ./Devices/AM2301b/am2301b.o ./Devices/LCD/lcd.o ./Devices/MMA7660/mma7660.o ./Drivers/ADC/adc.o ./Drivers/GPIO/gpio.o ./Drivers/I2C/i2c0.o ./Drivers/UART/uart.o ./Drivers/UART/uart1.o ../project0_ccs.cmd -lC:/TI/TivaWare_C_Series-2.2.0.295/driverlib/ccs/Debug/driverlib.lib -llibc.a -lD:/ti/TivaWare_C_Series-2.2.0.295/driverlib/ccs/Debug/driverlib.lib --start-group -llibc++.a -llibc++abi.a -llibc.a -llibsys.a -llibsysbm.a -llibclang_rt.builtins.a -llibclang_rt.profile.a --end-group</command_line>
   <link_time>0x6a899680</link_time>
   <link_errors>0x0</link_errors>
   <output_file>D:\CCStudio_Workspace\project0\Debug\project0.out</output_file>
   <entry_point>
      <name>_c_int00_noargs</name>
      <address>0x41b1</address>
   </entry_point>
   <input_file_list>
      <input_file id="fl-1">
         <path>D:\CCStudio_Workspace\project0\Debug\.\</path>
         <kind>object</kind>
         <file>startup_ccs.o</file>
         <name>startup_ccs.o</name>
      </input_file>
      <input_file id="fl-2">
         <path>D:\CCStudio_Workspace\project0\Debug\.\Application\</path>
         <kind>object</kind>
         <file>main.o</file>
         <name>main.o</name>
      </input_file>
      <input_file id="fl-3">
         <path>D:\CCStudio_Workspace\project0\Debug\.\Application\</path>
         <kind>object</kind>
         <file>state.o</file>
         <name>state.o</name>
      </input_file>
      <input_file id="fl-4">
         <path>D:\CCStudio_Workspace\project0\Debug\.\Common\</path>
         <kind>object</kind>
         <file>app_common.o</file>
         <name>app_common.o</name>
      </input_file>
      <input_file id="fl-5">
         <path>D:\CCStudio_Workspace\project0\Debug\.\Common\</path>
         <kind>object</kind>
         <file>mqtt.o</file>
         <name>mqtt.o</name>
      </input_file>
      <input_file id="fl-6">
         <path>D:\CCStudio_Workspace\project0\Debug\.\Devices\AM2301b\</path>
         <kind>object</kind>
         <file>am2301b.o</file>
         <name>am2301b.o</name>
      </input_file>
      <input_file id="fl-7">
         <path>D:\CCStudio_Workspace\project0\Debug\.\Devices\LCD\</path>
         <kind>object</kind>
         <file>lcd.o</file>
         <name>lcd.o</name>
      </input_file>
      <input_file id="fl-8">
         <path>D:\CCStudio_Workspace\project0\Debug\.\Devices\MMA7660\</path>
         <kind>object</kind>
         <file>mma7660.o</file>
         <name>mma7660.o</name>
      </input_file>
      <input_file id="fl-9">
         <path>D:\CCStudio_Workspace\project0\Debug\.\Drivers\ADC\</path>
         <kind>object</kind>
         <file>adc.o</file>
         <name>adc.o</name>
      </input_file>
      <input_file id="fl-a">
         <path>D:\CCStudio_Workspace\project0\Debug\.\Drivers\GPIO\</path>
         <kind>object</kind>
         <file>gpio.o</file>
         <name>gpio.o</name>
      </input_file>
      <input_file id="fl-b">
         <path>D:\CCStudio_Workspace\project0\Debug\.\Drivers\I2C\</path>
         <kind>object</kind>
         <file>i2c0.o</file>
         <name>i2c0.o</name>
      </input_file>
      <input_file id="fl-c">
         <path>D:\CCStudio_Workspace\project0\Debug\.\Drivers\UART\</path>
         <kind>object</kind>
         <file>uart.o</file>
         <name>uart.o</name>
      </input_file>
      <input_file id="fl-d">
         <path>D:\CCStudio_Workspace\project0\Debug\.\Drivers\UART\</path>
         <kind>object</kind>
         <file>uart1.o</file>
         <name>uart1.o</name>
      </input_file>
      <input_file id="fl-1a">
         <path>D:\CCStudio_Workspace\project0\Debug\</path>
         <kind>object</kind>
         <file>&lt;internal&gt;</file>
         <name>&lt;internal&gt;</name>
      </input_file>
      <input_file id="fl-1b">
         <path>C:\TI\TivaWare_C_Series-2.2.0.295\driverlib\ccs\Debug\</path>
         <kind>archive</kind>
         <file>driverlib.lib</file>
         <name>interrupt.obj</name>
      </input_file>
      <input_file id="fl-1c">
         <path>C:\TI\TivaWare_C_Series-2.2.0.295\driverlib\ccs\Debug\</path>
         <kind>archive</kind>
         <file>driverlib.lib</file>
         <name>sysctl.obj</name>
      </input_file>
      <input_file id="fl-1d">
         <path>C:\TI\TivaWare_C_Series-2.2.0.295\driverlib\ccs\Debug\</path>
         <kind>archive</kind>
         <file>driverlib.lib</file>
         <name>cpu.obj</name>
      </input_file>
      <input_file id="fl-3a">
         <path>D:\ti\ccs2100\ccs\tools\compiler\ti-cgt-armllvm_5.1.1.LTS\lib\armv7em-ti-none-eabihf\c\</path>
         <kind>archive</kind>
         <file>libc.a</file>
         <name>snprintf.c.obj</name>
      </input_file>
      <input_file id="fl-3b">
         <path>D:\ti\ccs2100\ccs\tools\compiler\ti-cgt-armllvm_5.1.1.LTS\lib\armv7em-ti-none-eabihf\c\</path>
         <kind>archive</kind>
         <file>libc.a</file>
         <name>strcmp_t2.S.obj</name>
      </input_file>
      <input_file id="fl-3c">
         <path>D:\ti\ccs2100\ccs\tools\compiler\ti-cgt-armllvm_5.1.1.LTS\lib\armv7em-ti-none-eabihf\c\</path>
         <kind>archive</kind>
         <file>libc.a</file>
         <name>strlen.c.obj</name>
      </input_file>
      <input_file id="fl-3d">
         <path>D:\ti\ccs2100\ccs\tools\compiler\ti-cgt-armllvm_5.1.1.LTS\lib\armv7em-ti-none-eabihf\c\</path>
         <kind>archive</kind>
         <file>libc.a</file>
         <name>strstr.c.obj</name>
      </input_file>
      <input_file id="fl-3e">
         <path>D:\ti\ccs2100\ccs\tools\compiler\ti-cgt-armllvm_5.1.1.LTS\lib\armv7em-ti-none-eabihf\c\</path>
         <kind>archive</kind>
         <file>libc.a</file>
         <name>boot_cortex_m.c.obj</name>
      </input_file>
      <input_file id="fl-3f">
         <path>D:\ti\ccs2100\ccs\tools\compiler\ti-cgt-armllvm_5.1.1.LTS\lib\armv7em-ti-none-eabihf\c\</path>
         <kind>archive</kind>
         <file>libc.a</file>
         <name>mathacl_init.c.obj</name>
      </input_file>
      <input_file id="fl-40">
         <path>D:\ti\ccs2100\ccs\tools\compiler\ti-cgt-armllvm_5.1.1.LTS\lib\armv7em-ti-none-eabihf\c\</path>
         <kind>archive</kind>
         <file>libc.a</file>
         <name>autoinit.c.obj</name>
      </input_file>
      <input_file id="fl-41">
         <path>D:\ti\ccs2100\ccs\tools\compiler\ti-cgt-armllvm_5.1.1.LTS\lib\armv7em-ti-none-eabihf\c\</path>
         <kind>archive</kind>
         <file>libc.a</file>
         <name>pre_init.c.obj</name>
      </input_file>
      <input_file id="fl-42">
         <path>D:\ti\ccs2100\ccs\tools\compiler\ti-cgt-armllvm_5.1.1.LTS\lib\armv7em-ti-none-eabihf\c\</path>
         <kind>archive</kind>
         <file>libc.a</file>
         <name>cpy_tbl.c.obj</name>
      </input_file>
      <input_file id="fl-43">
         <path>D:\ti\ccs2100\ccs\tools\compiler\ti-cgt-armllvm_5.1.1.LTS\lib\armv7em-ti-none-eabihf\c\</path>
         <kind>archive</kind>
         <file>libc.a</file>
         <name>copy_zero_init.c.obj</name>
      </input_file>
      <input_file id="fl-44">
         <path>D:\ti\ccs2100\ccs\tools\compiler\ti-cgt-armllvm_5.1.1.LTS\lib\armv7em-ti-none-eabihf\c\</path>
         <kind>archive</kind>
         <file>libc.a</file>
         <name>copy_decompress_none.c.obj</name>
      </input_file>
      <input_file id="fl-45">
         <path>D:\ti\ccs2100\ccs\tools\compiler\ti-cgt-armllvm_5.1.1.LTS\lib\armv7em-ti-none-eabihf\c\</path>
         <kind>archive</kind>
         <file>libc.a</file>
         <name>copy_decompress_lzss.c.obj</name>
      </input_file>
      <input_file id="fl-46">
         <path>D:\ti\ccs2100\ccs\tools\compiler\ti-cgt-armllvm_5.1.1.LTS\lib\armv7em-ti-none-eabihf\c\</path>
         <kind>archive</kind>
         <file>libc.a</file>
         <name>_printfi.c.obj</name>
      </input_file>
      <input_file id="fl-47">
         <path>D:\ti\ccs2100\ccs\tools\compiler\ti-cgt-armllvm_5.1.1.LTS\lib\armv7em-ti-none-eabihf\c\</path>
         <kind>archive</kind>
         <file>libc.a</file>
         <name>aeabi_portable.c.obj</name>
      </input_file>
      <input_file id="fl-48">
         <path>D:\ti\ccs2100\ccs\tools\compiler\ti-cgt-armllvm_5.1.1.LTS\lib\armv7em-ti-none-eabihf\c\</path>
         <kind>archive</kind>
         <file>libc.a</file>
         <name>exit.c.obj</name>
      </input_file>
      <input_file id="fl-49">
         <path>D:\ti\ccs2100\ccs\tools\compiler\ti-cgt-armllvm_5.1.1.LTS\lib\armv7em-ti-none-eabihf\c\</path>
         <kind>archive</kind>
         <file>libc.a</file>
         <name>_lock.c.obj</name>
      </input_file>
      <input_file id="fl-4a">
         <path>D:\ti\ccs2100\ccs\tools\compiler\ti-cgt-armllvm_5.1.1.LTS\lib\armv7em-ti-none-eabihf\c\</path>
         <kind>archive</kind>
         <file>libc.a</file>
         <name>_ltoa.c.obj</name>
      </input_file>
      <input_file id="fl-4b">
         <path>D:\ti\ccs2100\ccs\tools\compiler\ti-cgt-armllvm_5.1.1.LTS\lib\armv7em-ti-none-eabihf\c\</path>
         <kind>archive</kind>
         <file>libc.a</file>
         <name>args_main.c.obj</name>
      </input_file>
      <input_file id="fl-4c">
         <path>D:\ti\ccs2100\ccs\tools\compiler\ti-cgt-armllvm_5.1.1.LTS\lib\armv7em-ti-none-eabihf\c\</path>
         <kind>archive</kind>
         <file>libc.a</file>
         <name>assert.c.obj</name>
      </input_file>
      <input_file id="fl-4d">
         <path>D:\ti\ccs2100\ccs\tools\compiler\ti-cgt-armllvm_5.1.1.LTS\lib\armv7em-ti-none-eabihf\c\</path>
         <kind>archive</kind>
         <file>libc.a</file>
         <name>atoi.c.obj</name>
      </input_file>
      <input_file id="fl-4e">
         <path>D:\ti\ccs2100\ccs\tools\compiler\ti-cgt-armllvm_5.1.1.LTS\lib\armv7em-ti-none-eabihf\c\</path>
         <kind>archive</kind>
         <file>libc.a</file>
         <name>defs.c.obj</name>
      </input_file>
      <input_file id="fl-4f">
         <path>D:\ti\ccs2100\ccs\tools\compiler\ti-cgt-armllvm_5.1.1.LTS\lib\armv7em-ti-none-eabihf\c\</path>
         <kind>archive</kind>
         <file>libc.a</file>
         <name>memccpy.c.obj</name>
      </input_file>
      <input_file id="fl-50">
         <path>D:\ti\ccs2100\ccs\tools\compiler\ti-cgt-armllvm_5.1.1.LTS\lib\armv7em-ti-none-eabihf\c\</path>
         <kind>archive</kind>
         <file>libc.a</file>
         <name>memory.c.obj</name>
      </input_file>
      <input_file id="fl-51">
         <path>D:\ti\ccs2100\ccs\tools\compiler\ti-cgt-armllvm_5.1.1.LTS\lib\armv7em-ti-none-eabihf\c\</path>
         <kind>archive</kind>
         <file>libc.a</file>
         <name>s_frexp.c.obj</name>
      </input_file>
      <input_file id="fl-52">
         <path>D:\ti\ccs2100\ccs\tools\compiler\ti-cgt-armllvm_5.1.1.LTS\lib\armv7em-ti-none-eabihf\c\</path>
         <kind>archive</kind>
         <file>libc.a</file>
         <name>s_scalbn.c.obj</name>
      </input_file>
      <input_file id="fl-53">
         <path>D:\ti\ccs2100\ccs\tools\compiler\ti-cgt-armllvm_5.1.1.LTS\lib\armv7em-ti-none-eabihf\c\</path>
         <kind>archive</kind>
         <file>libc.a</file>
         <name>wcslen.c.obj</name>
      </input_file>
      <input_file id="fl-54">
         <path>D:\ti\ccs2100\ccs\tools\compiler\ti-cgt-armllvm_5.1.1.LTS\lib\armv7em-ti-none-eabihf\c\</path>
         <kind>archive</kind>
         <file>libc.a</file>
         <name>sprintf.c.obj</name>
      </input_file>
      <input_file id="fl-55">
         <path>D:\ti\ccs2100\ccs\tools\compiler\ti-cgt-armllvm_5.1.1.LTS\lib\armv7em-ti-none-eabihf\c\</path>
         <kind>archive</kind>
         <file>libc.a</file>
         <name>fflush.c.obj</name>
      </input_file>
      <input_file id="fl-56">
         <path>D:\ti\ccs2100\ccs\tools\compiler\ti-cgt-armllvm_5.1.1.LTS\lib\armv7em-ti-none-eabihf\c\</path>
         <kind>archive</kind>
         <file>libc.a</file>
         <name>fputs.c.obj</name>
      </input_file>
      <input_file id="fl-57">
         <path>D:\ti\ccs2100\ccs\tools\compiler\ti-cgt-armllvm_5.1.1.LTS\lib\armv7em-ti-none-eabihf\c\</path>
         <kind>archive</kind>
         <file>libc.a</file>
         <name>_io_perm.c.obj</name>
      </input_file>
      <input_file id="fl-58">
         <path>D:\ti\ccs2100\ccs\tools\compiler\ti-cgt-armllvm_5.1.1.LTS\lib\armv7em-ti-none-eabihf\c\</path>
         <kind>archive</kind>
         <file>libc.a</file>
         <name>setvbuf.c.obj</name>
      </input_file>
      <input_file id="fl-59">
         <path>D:\ti\ccs2100\ccs\tools\compiler\ti-cgt-armllvm_5.1.1.LTS\lib\armv7em-ti-none-eabihf\c\</path>
         <kind>archive</kind>
         <file>libc.a</file>
         <name>aeabi_ctype.S.obj</name>
      </input_file>
      <input_file id="fl-5a">
         <path>D:\ti\ccs2100\ccs\tools\compiler\ti-cgt-armllvm_5.1.1.LTS\lib\armv7em-ti-none-eabihf\c\</path>
         <kind>archive</kind>
         <file>libc.a</file>
         <name>fopen.c.obj</name>
      </input_file>
      <input_file id="fl-5b">
         <path>D:\ti\ccs2100\ccs\tools\compiler\ti-cgt-armllvm_5.1.1.LTS\lib\armv7em-ti-none-eabihf\c\</path>
         <kind>archive</kind>
         <file>libc.a</file>
         <name>fseek.c.obj</name>
      </input_file>
      <input_file id="fl-5c">
         <path>D:\ti\ccs2100\ccs\tools\compiler\ti-cgt-armllvm_5.1.1.LTS\lib\armv7em-ti-none-eabihf\c\</path>
         <kind>archive</kind>
         <file>libc.a</file>
         <name>fclose.c.obj</name>
      </input_file>
      <input_file id="fl-150">
         <path>D:\ti\ccs2100\ccs\tools\compiler\ti-cgt-armllvm_5.1.1.LTS\lib\armv7em-ti-none-eabihf\c\</path>
         <kind>archive</kind>
         <file>libsysbm.a</file>
         <name>hostexit.c.obj</name>
      </input_file>
      <input_file id="fl-151">
         <path>D:\ti\ccs2100\ccs\tools\compiler\ti-cgt-armllvm_5.1.1.LTS\lib\armv7em-ti-none-eabihf\c\</path>
         <kind>archive</kind>
         <file>libsysbm.a</file>
         <name>write.c.obj</name>
      </input_file>
      <input_file id="fl-152">
         <path>D:\ti\ccs2100\ccs\tools\compiler\ti-cgt-armllvm_5.1.1.LTS\lib\armv7em-ti-none-eabihf\c\</path>
         <kind>archive</kind>
         <file>libsysbm.a</file>
         <name>host_device.c.obj</name>
      </input_file>
      <input_file id="fl-153">
         <path>D:\ti\ccs2100\ccs\tools\compiler\ti-cgt-armllvm_5.1.1.LTS\lib\armv7em-ti-none-eabihf\c\</path>
         <kind>archive</kind>
         <file>libsysbm.a</file>
         <name>remove.c.obj</name>
      </input_file>
      <input_file id="fl-154">
         <path>D:\ti\ccs2100\ccs\tools\compiler\ti-cgt-armllvm_5.1.1.LTS\lib\armv7em-ti-none-eabihf\c\</path>
         <kind>archive</kind>
         <file>libsysbm.a</file>
         <name>open.c.obj</name>
      </input_file>
      <input_file id="fl-155">
         <path>D:\ti\ccs2100\ccs\tools\compiler\ti-cgt-armllvm_5.1.1.LTS\lib\armv7em-ti-none-eabihf\c\</path>
         <kind>archive</kind>
         <file>libsysbm.a</file>
         <name>lseek.c.obj</name>
      </input_file>
      <input_file id="fl-156">
         <path>D:\ti\ccs2100\ccs\tools\compiler\ti-cgt-armllvm_5.1.1.LTS\lib\armv7em-ti-none-eabihf\c\</path>
         <kind>archive</kind>
         <file>libsysbm.a</file>
         <name>close.c.obj</name>
      </input_file>
      <input_file id="fl-157">
         <path>D:\ti\ccs2100\ccs\tools\compiler\ti-cgt-armllvm_5.1.1.LTS\lib\armv7em-ti-none-eabihf\c\</path>
         <kind>archive</kind>
         <file>libsysbm.a</file>
         <name>unlink.c.obj</name>
      </input_file>
      <input_file id="fl-158">
         <path>D:\ti\ccs2100\ccs\tools\compiler\ti-cgt-armllvm_5.1.1.LTS\lib\armv7em-ti-none-eabihf\c\</path>
         <kind>archive</kind>
         <file>libsysbm.a</file>
         <name>hostclose.c.obj</name>
      </input_file>
      <input_file id="fl-159">
         <path>D:\ti\ccs2100\ccs\tools\compiler\ti-cgt-armllvm_5.1.1.LTS\lib\armv7em-ti-none-eabihf\c\</path>
         <kind>archive</kind>
         <file>libsysbm.a</file>
         <name>hostlseek.c.obj</name>
      </input_file>
      <input_file id="fl-15a">
         <path>D:\ti\ccs2100\ccs\tools\compiler\ti-cgt-armllvm_5.1.1.LTS\lib\armv7em-ti-none-eabihf\c\</path>
         <kind>archive</kind>
         <file>libsysbm.a</file>
         <name>hostopen.c.obj</name>
      </input_file>
      <input_file id="fl-15b">
         <path>D:\ti\ccs2100\ccs\tools\compiler\ti-cgt-armllvm_5.1.1.LTS\lib\armv7em-ti-none-eabihf\c\</path>
         <kind>archive</kind>
         <file>libsysbm.a</file>
         <name>hostread.c.obj</name>
      </input_file>
      <input_file id="fl-15c">
         <path>D:\ti\ccs2100\ccs\tools\compiler\ti-cgt-armllvm_5.1.1.LTS\lib\armv7em-ti-none-eabihf\c\</path>
         <kind>archive</kind>
         <file>libsysbm.a</file>
         <name>hostrename.c.obj</name>
      </input_file>
      <input_file id="fl-15d">
         <path>D:\ti\ccs2100\ccs\tools\compiler\ti-cgt-armllvm_5.1.1.LTS\lib\armv7em-ti-none-eabihf\c\</path>
         <kind>archive</kind>
         <file>libsysbm.a</file>
         <name>hostunlink.c.obj</name>
      </input_file>
      <input_file id="fl-15e">
         <path>D:\ti\ccs2100\ccs\tools\compiler\ti-cgt-armllvm_5.1.1.LTS\lib\armv7em-ti-none-eabihf\c\</path>
         <kind>archive</kind>
         <file>libsysbm.a</file>
         <name>hostwrite.c.obj</name>
      </input_file>
      <input_file id="fl-15f">
         <path>D:\ti\ccs2100\ccs\tools\compiler\ti-cgt-armllvm_5.1.1.LTS\lib\armv7em-ti-none-eabihf\c\</path>
         <kind>archive</kind>
         <file>libsysbm.a</file>
         <name>trgmsg.c.obj</name>
      </input_file>
      <input_file id="fl-160">
         <path>D:\ti\ccs2100\ccs\tools\compiler\ti-cgt-armllvm_5.1.1.LTS\lib\armv7em-ti-none-eabihf\</path>
         <kind>archive</kind>
         <file>libclang_rt.builtins.a</file>
         <name>adddf3.S.obj</name>
      </input_file>
      <input_file id="fl-161">
         <path>D:\ti\ccs2100\ccs\tools\compiler\ti-cgt-armllvm_5.1.1.LTS\lib\armv7em-ti-none-eabihf\</path>
         <kind>archive</kind>
         <file>libclang_rt.builtins.a</file>
         <name>extendsfdf2.S.obj</name>
      </input_file>
      <input_file id="fl-162">
         <path>D:\ti\ccs2100\ccs\tools\compiler\ti-cgt-armllvm_5.1.1.LTS\lib\armv7em-ti-none-eabihf\</path>
         <kind>archive</kind>
         <file>libclang_rt.builtins.a</file>
         <name>fixdfsi.S.obj</name>
      </input_file>
      <input_file id="fl-163">
         <path>D:\ti\ccs2100\ccs\tools\compiler\ti-cgt-armllvm_5.1.1.LTS\lib\armv7em-ti-none-eabihf\</path>
         <kind>archive</kind>
         <file>libclang_rt.builtins.a</file>
         <name>floatsidf.S.obj</name>
      </input_file>
      <input_file id="fl-164">
         <path>D:\ti\ccs2100\ccs\tools\compiler\ti-cgt-armllvm_5.1.1.LTS\lib\armv7em-ti-none-eabihf\</path>
         <kind>archive</kind>
         <file>libclang_rt.builtins.a</file>
         <name>truncdfsf2.S.obj</name>
      </input_file>
      <input_file id="fl-165">
         <path>D:\ti\ccs2100\ccs\tools\compiler\ti-cgt-armllvm_5.1.1.LTS\lib\armv7em-ti-none-eabihf\</path>
         <kind>archive</kind>
         <file>libclang_rt.builtins.a</file>
         <name>comparedf2.c.obj</name>
      </input_file>
      <input_file id="fl-166">
         <path>D:\ti\ccs2100\ccs\tools\compiler\ti-cgt-armllvm_5.1.1.LTS\lib\armv7em-ti-none-eabihf\</path>
         <kind>archive</kind>
         <file>libclang_rt.builtins.a</file>
         <name>aeabi_dcmp.S.obj</name>
      </input_file>
      <input_file id="fl-167">
         <path>D:\ti\ccs2100\ccs\tools\compiler\ti-cgt-armllvm_5.1.1.LTS\lib\armv7em-ti-none-eabihf\</path>
         <kind>archive</kind>
         <file>libclang_rt.builtins.a</file>
         <name>aeabi_ddiv.c.obj</name>
      </input_file>
      <input_file id="fl-168">
         <path>D:\ti\ccs2100\ccs\tools\compiler\ti-cgt-armllvm_5.1.1.LTS\lib\armv7em-ti-none-eabihf\</path>
         <kind>archive</kind>
         <file>libclang_rt.builtins.a</file>
         <name>aeabi_dmul.c.obj</name>
      </input_file>
      <input_file id="fl-169">
         <path>D:\ti\ccs2100\ccs\tools\compiler\ti-cgt-armllvm_5.1.1.LTS\lib\armv7em-ti-none-eabihf\</path>
         <kind>archive</kind>
         <file>libclang_rt.builtins.a</file>
         <name>aeabi_uldivmod.S.obj</name>
      </input_file>
      <input_file id="fl-16a">
         <path>D:\ti\ccs2100\ccs\tools\compiler\ti-cgt-armllvm_5.1.1.LTS\lib\armv7em-ti-none-eabihf\</path>
         <kind>archive</kind>
         <file>libclang_rt.builtins.a</file>
         <name>aeabi_memcpy.S.obj</name>
      </input_file>
      <input_file id="fl-16b">
         <path>D:\ti\ccs2100\ccs\tools\compiler\ti-cgt-armllvm_5.1.1.LTS\lib\armv7em-ti-none-eabihf\</path>
         <kind>archive</kind>
         <file>libclang_rt.builtins.a</file>
         <name>aeabi_memmove.S.obj</name>
      </input_file>
      <input_file id="fl-16c">
         <path>D:\ti\ccs2100\ccs\tools\compiler\ti-cgt-armllvm_5.1.1.LTS\lib\armv7em-ti-none-eabihf\</path>
         <kind>archive</kind>
         <file>libclang_rt.builtins.a</file>
         <name>aeabi_memset.S.obj</name>
      </input_file>
      <input_file id="fl-16d">
         <path>D:\ti\ccs2100\ccs\tools\compiler\ti-cgt-armllvm_5.1.1.LTS\lib\armv7em-ti-none-eabihf\</path>
         <kind>archive</kind>
         <file>libclang_rt.builtins.a</file>
         <name>udivmoddi4.S.obj</name>
      </input_file>
      <input_file id="fl-16e">
         <path>D:\ti\ccs2100\ccs\tools\compiler\ti-cgt-armllvm_5.1.1.LTS\lib\armv7em-ti-none-eabihf\</path>
         <kind>archive</kind>
         <file>libclang_rt.builtins.a</file>
         <name>muldf3.S.obj</name>
      </input_file>
      <input_file id="fl-16f">
         <path>D:\ti\ccs2100\ccs\tools\compiler\ti-cgt-armllvm_5.1.1.LTS\lib\armv7em-ti-none-eabihf\</path>
         <kind>archive</kind>
         <file>libclang_rt.builtins.a</file>
         <name>divdf3.S.obj</name>
      </input_file>
      <input_file id="fl-170">
         <path>D:\ti\ccs2100\ccs\tools\compiler\ti-cgt-armllvm_5.1.1.LTS\lib\armv7em-ti-none-eabihf\</path>
         <kind>archive</kind>
         <file>libclang_rt.builtins.a</file>
         <name>aeabi_div0.c.obj</name>
      </input_file>
      <input_file id="fl-171">
         <path>D:\ti\ccs2100\ccs\tools\compiler\ti-cgt-armllvm_5.1.1.LTS\lib\armv7em-ti-none-eabihf\c\</path>
         <kind>archive</kind>
         <file>libc.a</file>
         <name>divdf3_fast.c.obj</name>
      </input_file>
      <input_file id="fl-172">
         <path>D:\ti\ccs2100\ccs\tools\compiler\ti-cgt-armllvm_5.1.1.LTS\lib\armv7em-ti-none-eabihf\c\</path>
         <kind>archive</kind>
         <file>libc.a</file>
         <name>muldf3_fast.c.obj</name>
      </input_file>
      <input_file id="fl-173">
         <path>D:\ti\ccs2100\ccs\tools\compiler\ti-cgt-armllvm_5.1.1.LTS\lib\armv7em-ti-none-eabihf\c\</path>
         <kind>archive</kind>
         <file>libc.a</file>
         <name>getdevice.c.obj</name>
      </input_file>
      <input_file id="fl-174">
         <path>D:\ti\ccs2100\ccs\tools\compiler\ti-cgt-armllvm_5.1.1.LTS\lib\armv7em-ti-none-eabihf\c\</path>
         <kind>archive</kind>
         <file>libc.a</file>
         <name>memcpy_t2.S.obj</name>
      </input_file>
      <input_file id="fl-175">
         <path>D:\ti\ccs2100\ccs\tools\compiler\ti-cgt-armllvm_5.1.1.LTS\lib\armv7em-ti-none-eabihf\c\</path>
         <kind>archive</kind>
         <file>libc.a</file>
         <name>memset_t2.S.obj</name>
      </input_file>
      <input_file id="fl-176">
         <path>D:\ti\ccs2100\ccs\tools\compiler\ti-cgt-armllvm_5.1.1.LTS\lib\armv7em-ti-none-eabihf\c\</path>
         <kind>archive</kind>
         <file>libc.a</file>
         <name>memmov.c.obj</name>
      </input_file>
   </input_file_list>
   <object_component_list>
      <object_component id="oc-12">
         <name>.intvecs</name>
         <load_address>0x0</load_address>
         <readonly>true</readonly>
         <run_address>0x0</run_address>
         <size>0x26c</size>
         <alignment>0x4</alignment>
         <input_file_ref idref="fl-1"/>
      </object_component>
      <object_component id="oc-1a9">
         <name>.text:__TI_printfi</name>
         <load_address>0x280</load_address>
         <readonly>true</readonly>
         <executable>true</executable>
         <run_address>0x280</run_address>
         <size>0x9c0</size>
         <alignment>0x8</alignment>
         <input_file_ref idref="fl-46"/>
      </object_component>
      <object_component id="oc-155">
         <name>.text:strcmp</name>
         <load_address>0xc40</load_address>
         <readonly>true</readonly>
         <executable>true</executable>
         <run_address>0xc40</run_address>
         <size>0x2dc</size>
         <alignment>0x20</alignment>
         <input_file_ref idref="fl-3b"/>
      </object_component>
      <object_component id="oc-2b">
         <name>.text.FaultISR</name>
         <load_address>0xf1c</load_address>
         <readonly>true</readonly>
         <executable>true</executable>
         <run_address>0xf1c</run_address>
         <size>0x4</size>
         <alignment>0x2</alignment>
         <input_file_ref idref="fl-1"/>
      </object_component>
      <object_component id="oc-1e2">
         <name>.text._pconv_a</name>
         <load_address>0xf20</load_address>
         <readonly>true</readonly>
         <executable>true</executable>
         <run_address>0xf20</run_address>
         <size>0x298</size>
         <alignment>0x8</alignment>
         <input_file_ref idref="fl-46"/>
      </object_component>
      <object_component id="oc-1e3">
         <name>.text._pconv_g</name>
         <load_address>0x11b8</load_address>
         <readonly>true</readonly>
         <executable>true</executable>
         <run_address>0x11b8</run_address>
         <size>0x238</size>
         <alignment>0x8</alignment>
         <input_file_ref idref="fl-46"/>
      </object_component>
      <object_component id="oc-8d">
         <name>.text.App_Common_RunEsp8266Sequence</name>
         <load_address>0x13f0</load_address>
         <readonly>true</readonly>
         <executable>true</executable>
         <run_address>0x13f0</run_address>
         <size>0x230</size>
         <alignment>0x2</alignment>
         <input_file_ref idref="fl-4"/>
      </object_component>
      <object_component id="oc-90">
         <name>.text.App_Common_MqttConnect</name>
         <load_address>0x1620</load_address>
         <readonly>true</readonly>
         <executable>true</executable>
         <run_address>0x1620</run_address>
         <size>0x20c</size>
         <alignment>0x2</alignment>
         <input_file_ref idref="fl-4"/>
      </object_component>
      <object_component id="oc-181">
         <name>.text</name>
         <load_address>0x182c</load_address>
         <readonly>true</readonly>
         <executable>true</executable>
         <run_address>0x182c</run_address>
         <size>0x1b6</size>
         <alignment>0x4</alignment>
         <input_file_ref idref="fl-160"/>
      </object_component>
      <object_component id="oc-29">
         <name>.text.ResetISR</name>
         <load_address>0x19e2</load_address>
         <readonly>true</readonly>
         <executable>true</executable>
         <run_address>0x19e2</run_address>
         <size>0x6</size>
         <alignment>0x2</alignment>
         <input_file_ref idref="fl-1"/>
      </object_component>
      <object_component id="oc-221">
         <name>.text.fcvt</name>
         <load_address>0x19e8</load_address>
         <readonly>true</readonly>
         <executable>true</executable>
         <run_address>0x19e8</run_address>
         <size>0x198</size>
         <alignment>0x8</alignment>
         <input_file_ref idref="fl-46"/>
      </object_component>
      <object_component id="oc-da">
         <name>.text.AT_Send_Command</name>
         <load_address>0x1b80</load_address>
         <readonly>true</readonly>
         <executable>true</executable>
         <run_address>0x1b80</run_address>
         <size>0x188</size>
         <alignment>0x2</alignment>
         <input_file_ref idref="fl-d"/>
      </object_component>
      <object_component id="oc-10c">
         <name>.text.Mqtt_Connect</name>
         <load_address>0x1d08</load_address>
         <readonly>true</readonly>
         <executable>true</executable>
         <run_address>0x1d08</run_address>
         <size>0x176</size>
         <alignment>0x2</alignment>
         <input_file_ref idref="fl-5"/>
      </object_component>
      <object_component id="oc-227">
         <name>.text.__aeabi_ldiv0</name>
         <load_address>0x1e7e</load_address>
         <readonly>true</readonly>
         <executable>true</executable>
         <run_address>0x1e7e</run_address>
         <size>0x2</size>
         <alignment>0x2</alignment>
         <input_file_ref idref="fl-170"/>
      </object_component>
      <object_component id="oc-110">
         <name>.text.AM2301B_Read</name>
         <load_address>0x1e80</load_address>
         <readonly>true</readonly>
         <executable>true</executable>
         <run_address>0x1e80</run_address>
         <size>0x170</size>
         <alignment>0x8</alignment>
         <input_file_ref idref="fl-6"/>
      </object_component>
      <object_component id="oc-1e5">
         <name>.text._pconv_e</name>
         <load_address>0x1ff0</load_address>
         <readonly>true</readonly>
         <executable>true</executable>
         <run_address>0x1ff0</run_address>
         <size>0x160</size>
         <alignment>0x8</alignment>
         <input_file_ref idref="fl-46"/>
      </object_component>
      <object_component id="oc-247">
         <name>.text</name>
         <load_address>0x2150</load_address>
         <readonly>true</readonly>
         <executable>true</executable>
         <run_address>0x2150</run_address>
         <size>0x14c</size>
         <alignment>0x4</alignment>
         <input_file_ref idref="fl-16f"/>
      </object_component>
      <object_component id="oc-91">
         <name>.text.App_Common_MqttPublishLoop</name>
         <load_address>0x229c</load_address>
         <readonly>true</readonly>
         <executable>true</executable>
         <run_address>0x229c</run_address>
         <size>0x128</size>
         <alignment>0x2</alignment>
         <input_file_ref idref="fl-4"/>
      </object_component>
      <object_component id="oc-146">
         <name>.text.I2C0_BurstWrite</name>
         <load_address>0x23c4</load_address>
         <readonly>true</readonly>
         <executable>true</executable>
         <run_address>0x23c4</run_address>
         <size>0x122</size>
         <alignment>0x2</alignment>
         <input_file_ref idref="fl-7"/>
      </object_component>
      <object_component id="oc-179">
         <name>.text.UART1_ReadIpdData</name>
         <load_address>0x24e6</load_address>
         <readonly>true</readonly>
         <executable>true</executable>
         <run_address>0x24e6</run_address>
         <size>0x120</size>
         <alignment>0x2</alignment>
         <input_file_ref idref="fl-d"/>
      </object_component>
      <object_component id="oc-17b">
         <name>.text.I2C0_ReadBytes</name>
         <load_address>0x2606</load_address>
         <readonly>true</readonly>
         <executable>true</executable>
         <run_address>0x2606</run_address>
         <size>0x11a</size>
         <alignment>0x2</alignment>
         <input_file_ref idref="fl-b"/>
      </object_component>
      <object_component id="oc-c7">
         <name>.text.I2C0_ProbeAddr</name>
         <load_address>0x2720</load_address>
         <readonly>true</readonly>
         <executable>true</executable>
         <run_address>0x2720</run_address>
         <size>0x118</size>
         <alignment>0x2</alignment>
         <input_file_ref idref="fl-b"/>
      </object_component>
      <object_component id="oc-ce">
         <name>.text:SysCtlClockGet</name>
         <load_address>0x2838</load_address>
         <readonly>true</readonly>
         <executable>true</executable>
         <run_address>0x2838</run_address>
         <size>0x118</size>
         <alignment>0x4</alignment>
         <input_file_ref idref="fl-1c"/>
      </object_component>
      <object_component id="oc-20c">
         <name>.text.scalbn</name>
         <load_address>0x2950</load_address>
         <readonly>true</readonly>
         <executable>true</executable>
         <run_address>0x2950</run_address>
         <size>0x10c</size>
         <alignment>0x8</alignment>
         <input_file_ref idref="fl-52"/>
      </object_component>
      <object_component id="oc-7b">
         <name>.text.UART1_Init</name>
         <load_address>0x2a5c</load_address>
         <readonly>true</readonly>
         <executable>true</executable>
         <run_address>0x2a5c</run_address>
         <size>0x108</size>
         <alignment>0x2</alignment>
         <input_file_ref idref="fl-d"/>
      </object_component>
      <object_component id="oc-1ec">
         <name>.text</name>
         <load_address>0x2b64</load_address>
         <readonly>true</readonly>
         <executable>true</executable>
         <run_address>0x2b64</run_address>
         <size>0xfc</size>
         <alignment>0x4</alignment>
         <input_file_ref idref="fl-16e"/>
      </object_component>
      <object_component id="oc-17a">
         <name>.text.I2C0_WriteBytesOnly</name>
         <load_address>0x2c60</load_address>
         <readonly>true</readonly>
         <executable>true</executable>
         <run_address>0x2c60</run_address>
         <size>0xf8</size>
         <alignment>0x2</alignment>
         <input_file_ref idref="fl-b"/>
      </object_component>
      <object_component id="oc-73">
         <name>.text:SysCtlClockSet</name>
         <load_address>0x2d58</load_address>
         <readonly>true</readonly>
         <executable>true</executable>
         <run_address>0x2d58</run_address>
         <size>0xf4</size>
         <alignment>0x4</alignment>
         <input_file_ref idref="fl-1c"/>
      </object_component>
      <object_component id="oc-108">
         <name>.text.UART1_GetRxBufferData</name>
         <load_address>0x2e4c</load_address>
         <readonly>true</readonly>
         <executable>true</executable>
         <run_address>0x2e4c</run_address>
         <size>0xf0</size>
         <alignment>0x2</alignment>
         <input_file_ref idref="fl-d"/>
      </object_component>
      <object_component id="oc-7a">
         <name>.text.UART0_Init</name>
         <load_address>0x2f3c</load_address>
         <readonly>true</readonly>
         <executable>true</executable>
         <run_address>0x2f3c</run_address>
         <size>0xdc</size>
         <alignment>0x2</alignment>
         <input_file_ref idref="fl-c"/>
      </object_component>
      <object_component id="oc-84">
         <name>.text.I2C0_ScanBus</name>
         <load_address>0x3018</load_address>
         <readonly>true</readonly>
         <executable>true</executable>
         <run_address>0x3018</run_address>
         <size>0xca</size>
         <alignment>0x2</alignment>
         <input_file_ref idref="fl-b"/>
      </object_component>
      <object_component id="oc-83">
         <name>.text.I2C0_Init</name>
         <load_address>0x30e2</load_address>
         <readonly>true</readonly>
         <executable>true</executable>
         <run_address>0x30e2</run_address>
         <size>0xc2</size>
         <alignment>0x2</alignment>
         <input_file_ref idref="fl-b"/>
      </object_component>
      <object_component id="oc-ed">
         <name>.text.UART1_CaptureResponse</name>
         <load_address>0x31a4</load_address>
         <readonly>true</readonly>
         <executable>true</executable>
         <run_address>0x31a4</run_address>
         <size>0xbe</size>
         <alignment>0x2</alignment>
         <input_file_ref idref="fl-d"/>
      </object_component>
      <object_component id="oc-82">
         <name>.text.ADC0_Init</name>
         <load_address>0x3262</load_address>
         <readonly>true</readonly>
         <executable>true</executable>
         <run_address>0x3262</run_address>
         <size>0xbc</size>
         <alignment>0x2</alignment>
         <input_file_ref idref="fl-9"/>
      </object_component>
      <object_component id="oc-153">
         <name>.text.UART1_ReadByteTimeout</name>
         <load_address>0x331e</load_address>
         <readonly>true</readonly>
         <executable>true</executable>
         <run_address>0x331e</run_address>
         <size>0xb4</size>
         <alignment>0x2</alignment>
         <input_file_ref idref="fl-d"/>
      </object_component>
      <object_component id="oc-14b">
         <name>.text.I2C0_WaitDone</name>
         <load_address>0x33d2</load_address>
         <readonly>true</readonly>
         <executable>true</executable>
         <run_address>0x33d2</run_address>
         <size>0xb0</size>
         <alignment>0x2</alignment>
         <input_file_ref idref="fl-b"/>
      </object_component>
      <object_component id="oc-1fe">
         <name>.text</name>
         <load_address>0x3484</load_address>
         <readonly>true</readonly>
         <executable>true</executable>
         <run_address>0x3484</run_address>
         <size>0xb0</size>
         <alignment>0x4</alignment>
         <input_file_ref idref="fl-16d"/>
      </object_component>
      <object_component id="oc-118">
         <name>.text.Mqtt_Publish</name>
         <load_address>0x3534</load_address>
         <readonly>true</readonly>
         <executable>true</executable>
         <run_address>0x3534</run_address>
         <size>0xa8</size>
         <alignment>0x2</alignment>
         <input_file_ref idref="fl-5"/>
      </object_component>
      <object_component id="oc-5e">
         <name>.text.main</name>
         <load_address>0x35dc</load_address>
         <readonly>true</readonly>
         <executable>true</executable>
         <run_address>0x35dc</run_address>
         <size>0xa6</size>
         <alignment>0x2</alignment>
         <input_file_ref idref="fl-2"/>
      </object_component>
      <object_component id="oc-e9">
         <name>.text.App_Common_WiFiConnectAP</name>
         <load_address>0x3682</load_address>
         <readonly>true</readonly>
         <executable>true</executable>
         <run_address>0x3682</run_address>
         <size>0xa0</size>
         <alignment>0x2</alignment>
         <input_file_ref idref="fl-4"/>
      </object_component>
      <object_component id="oc-2d">
         <name>.text.UART1_Handler</name>
         <load_address>0x3722</load_address>
         <readonly>true</readonly>
         <executable>true</executable>
         <run_address>0x3722</run_address>
         <size>0x96</size>
         <alignment>0x2</alignment>
         <input_file_ref idref="fl-d"/>
      </object_component>
      <object_component id="oc-e5">
         <name>.text.UART1_WaitForPatternAndEcho</name>
         <load_address>0x37b8</load_address>
         <readonly>true</readonly>
         <executable>true</executable>
         <run_address>0x37b8</run_address>
         <size>0x90</size>
         <alignment>0x2</alignment>
         <input_file_ref idref="fl-d"/>
      </object_component>
      <object_component id="oc-1ae">
         <name>.text.UART1_WaitForPattern</name>
         <load_address>0x3848</load_address>
         <readonly>true</readonly>
         <executable>true</executable>
         <run_address>0x3848</run_address>
         <size>0x88</size>
         <alignment>0x2</alignment>
         <input_file_ref idref="fl-d"/>
      </object_component>
      <object_component id="oc-79">
         <name>.text.PortF_Init</name>
         <load_address>0x38d0</load_address>
         <readonly>true</readonly>
         <executable>true</executable>
         <run_address>0x38d0</run_address>
         <size>0x82</size>
         <alignment>0x2</alignment>
         <input_file_ref idref="fl-a"/>
      </object_component>
      <object_component id="oc-1de">
         <name>.text</name>
         <load_address>0x3954</load_address>
         <readonly>true</readonly>
         <executable>true</executable>
         <run_address>0x3954</run_address>
         <size>0x82</size>
         <alignment>0x4</alignment>
         <input_file_ref idref="fl-166"/>
      </object_component>
      <object_component id="oc-15">
         <name>.text:decompress:lzss</name>
         <load_address>0x39d6</load_address>
         <readonly>true</readonly>
         <executable>true</executable>
         <run_address>0x39d6</run_address>
         <size>0x74</size>
         <alignment>0x2</alignment>
         <input_file_ref idref="fl-45"/>
      </object_component>
      <object_component id="oc-151">
         <name>.text.UART1_PrintDebug</name>
         <load_address>0x3a4a</load_address>
         <readonly>true</readonly>
         <executable>true</executable>
         <run_address>0x3a4a</run_address>
         <size>0x72</size>
         <alignment>0x2</alignment>
         <input_file_ref idref="fl-d"/>
      </object_component>
      <object_component id="oc-21f">
         <name>.text._mcpy</name>
         <load_address>0x3abc</load_address>
         <readonly>true</readonly>
         <executable>true</executable>
         <run_address>0x3abc</run_address>
         <size>0x70</size>
         <alignment>0x2</alignment>
         <input_file_ref idref="fl-46"/>
      </object_component>
      <object_component id="oc-17d">
         <name>.text</name>
         <load_address>0x3b2c</load_address>
         <readonly>true</readonly>
         <executable>true</executable>
         <run_address>0x3b2c</run_address>
         <size>0x6e</size>
         <alignment>0x4</alignment>
         <input_file_ref idref="fl-164"/>
      </object_component>
      <object_component id="oc-b2">
         <name>.text:SysCtlDelay</name>
         <load_address>0x3b9a</load_address>
         <readonly>true</readonly>
         <executable>true</executable>
         <run_address>0x3b9a</run_address>
         <size>0x6</size>
         <alignment>0x2</alignment>
         <input_file_ref idref="fl-1c"/>
      </object_component>
      <object_component id="oc-208">
         <name>.text.frexp</name>
         <load_address>0x3ba0</load_address>
         <readonly>true</readonly>
         <executable>true</executable>
         <run_address>0x3ba0</run_address>
         <size>0x68</size>
         <alignment>0x8</alignment>
         <input_file_ref idref="fl-51"/>
      </object_component>
      <object_component id="oc-178">
         <name>.text.Mqtt_SendPacket</name>
         <load_address>0x3c08</load_address>
         <readonly>true</readonly>
         <executable>true</executable>
         <run_address>0x3c08</run_address>
         <size>0x62</size>
         <alignment>0x2</alignment>
         <input_file_ref idref="fl-5"/>
      </object_component>
      <object_component id="oc-205">
         <name>.text.__ledf2</name>
         <load_address>0x3c6c</load_address>
         <readonly>true</readonly>
         <executable>true</executable>
         <run_address>0x3c6c</run_address>
         <size>0x60</size>
         <alignment>0x4</alignment>
         <input_file_ref idref="fl-165"/>
      </object_component>
      <object_component id="oc-11e">
         <name>.text.App_Common_DisplaySensorData</name>
         <load_address>0x3ccc</load_address>
         <readonly>true</readonly>
         <executable>true</executable>
         <run_address>0x3ccc</run_address>
         <size>0x5e</size>
         <alignment>0x2</alignment>
         <input_file_ref idref="fl-4"/>
      </object_component>
      <object_component id="oc-206">
         <name>.text.__gedf2</name>
         <load_address>0x3d2c</load_address>
         <readonly>true</readonly>
         <executable>true</executable>
         <run_address>0x3d2c</run_address>
         <size>0x5c</size>
         <alignment>0x4</alignment>
         <input_file_ref idref="fl-165"/>
      </object_component>
      <object_component id="oc-177">
         <name>.text.MqttPacket_Str</name>
         <load_address>0x3d88</load_address>
         <readonly>true</readonly>
         <executable>true</executable>
         <run_address>0x3d88</run_address>
         <size>0x5a</size>
         <alignment>0x2</alignment>
         <input_file_ref idref="fl-5"/>
      </object_component>
      <object_component id="oc-214">
         <name>.text.__TI_ltoa</name>
         <load_address>0x3de2</load_address>
         <readonly>true</readonly>
         <executable>true</executable>
         <run_address>0x3de2</run_address>
         <size>0x56</size>
         <alignment>0x2</alignment>
         <input_file_ref idref="fl-4a"/>
      </object_component>
      <object_component id="oc-1e4">
         <name>.text._pconv_f</name>
         <load_address>0x3e38</load_address>
         <readonly>true</readonly>
         <executable>true</executable>
         <run_address>0x3e38</run_address>
         <size>0x54</size>
         <alignment>0x2</alignment>
         <input_file_ref idref="fl-46"/>
      </object_component>
      <object_component id="oc-d4">
         <name>.text.I2C0_WriteCmdOnly</name>
         <load_address>0x3e8c</load_address>
         <readonly>true</readonly>
         <executable>true</executable>
         <run_address>0x3e8c</run_address>
         <size>0x52</size>
         <alignment>0x2</alignment>
         <input_file_ref idref="fl-b"/>
      </object_component>
      <object_component id="oc-21d">
         <name>.text._ecpy</name>
         <load_address>0x3ede</load_address>
         <readonly>true</readonly>
         <executable>true</executable>
         <run_address>0x3ede</run_address>
         <size>0x4e</size>
         <alignment>0x2</alignment>
         <input_file_ref idref="fl-46"/>
      </object_component>
      <object_component id="oc-f9">
         <name>.text.snprintf</name>
         <load_address>0x3f2c</load_address>
         <readonly>true</readonly>
         <executable>true</executable>
         <run_address>0x3f2c</run_address>
         <size>0x48</size>
         <alignment>0x4</alignment>
         <input_file_ref idref="fl-3a"/>
      </object_component>
      <object_component id="oc-210">
         <name>.text</name>
         <load_address>0x3f74</load_address>
         <readonly>true</readonly>
         <executable>true</executable>
         <run_address>0x3f74</run_address>
         <size>0x48</size>
         <alignment>0x4</alignment>
         <input_file_ref idref="fl-162"/>
      </object_component>
      <object_component id="oc-10f">
         <name>.text.ADC0_Read</name>
         <load_address>0x3fbc</load_address>
         <readonly>true</readonly>
         <executable>true</executable>
         <run_address>0x3fbc</run_address>
         <size>0x46</size>
         <alignment>0x2</alignment>
         <input_file_ref idref="fl-9"/>
      </object_component>
      <object_component id="oc-d7">
         <name>.text.UART1_ClearRxBuffer</name>
         <load_address>0x4002</load_address>
         <readonly>true</readonly>
         <executable>true</executable>
         <run_address>0x4002</run_address>
         <size>0x46</size>
         <alignment>0x2</alignment>
         <input_file_ref idref="fl-d"/>
      </object_component>
      <object_component id="oc-1c6">
         <name>.text.atoi</name>
         <load_address>0x4048</load_address>
         <readonly>true</readonly>
         <executable>true</executable>
         <run_address>0x4048</run_address>
         <size>0x44</size>
         <alignment>0x4</alignment>
         <input_file_ref idref="fl-4d"/>
      </object_component>
      <object_component id="oc-85">
         <name>.text.LCD_Init</name>
         <load_address>0x408c</load_address>
         <readonly>true</readonly>
         <executable>true</executable>
         <run_address>0x408c</run_address>
         <size>0x40</size>
         <alignment>0x2</alignment>
         <input_file_ref idref="fl-7"/>
      </object_component>
      <object_component id="oc-1ac">
         <name>.text.UART1_WriteRaw</name>
         <load_address>0x40cc</load_address>
         <readonly>true</readonly>
         <executable>true</executable>
         <run_address>0x40cc</run_address>
         <size>0x40</size>
         <alignment>0x2</alignment>
         <input_file_ref idref="fl-d"/>
      </object_component>
      <object_component id="oc-99">
         <name>.text:__TI_auto_init_nobinit_nopinit</name>
         <load_address>0x410c</load_address>
         <readonly>true</readonly>
         <executable>true</executable>
         <run_address>0x410c</run_address>
         <size>0x38</size>
         <alignment>0x4</alignment>
         <input_file_ref idref="fl-40"/>
      </object_component>
      <object_component id="oc-111">
         <name>.text</name>
         <load_address>0x4144</load_address>
         <readonly>true</readonly>
         <executable>true</executable>
         <run_address>0x4144</run_address>
         <size>0x38</size>
         <alignment>0x4</alignment>
         <input_file_ref idref="fl-161"/>
      </object_component>
      <object_component id="oc-21e">
         <name>.text._fcpy</name>
         <load_address>0x417c</load_address>
         <readonly>true</readonly>
         <executable>true</executable>
         <run_address>0x417c</run_address>
         <size>0x34</size>
         <alignment>0x2</alignment>
         <input_file_ref idref="fl-46"/>
      </object_component>
      <object_component id="oc-47">
         <name>.text:_c_int00_noargs</name>
         <load_address>0x41b0</load_address>
         <readonly>true</readonly>
         <executable>true</executable>
         <run_address>0x41b0</run_address>
         <size>0x34</size>
         <alignment>0x4</alignment>
         <input_file_ref idref="fl-3e"/>
      </object_component>
      <object_component id="oc-d6">
         <name>.text.Delay_ms</name>
         <load_address>0x41e4</load_address>
         <readonly>true</readonly>
         <executable>true</executable>
         <run_address>0x41e4</run_address>
         <size>0x32</size>
         <alignment>0x2</alignment>
         <input_file_ref idref="fl-4"/>
      </object_component>
      <object_component id="oc-cc">
         <name>.text.Delay_ms</name>
         <load_address>0x4216</load_address>
         <readonly>true</readonly>
         <executable>true</executable>
         <run_address>0x4216</run_address>
         <size>0x32</size>
         <alignment>0x2</alignment>
         <input_file_ref idref="fl-7"/>
      </object_component>
      <object_component id="oc-87">
         <name>.text.Delay_ms</name>
         <load_address>0x4248</load_address>
         <readonly>true</readonly>
         <executable>true</executable>
         <run_address>0x4248</run_address>
         <size>0x32</size>
         <alignment>0x2</alignment>
         <input_file_ref idref="fl-2"/>
      </object_component>
      <object_component id="oc-1d8">
         <name>.text.__aeabi_dcmpun</name>
         <load_address>0x427c</load_address>
         <readonly>true</readonly>
         <executable>true</executable>
         <run_address>0x427c</run_address>
         <size>0x30</size>
         <alignment>0x4</alignment>
         <input_file_ref idref="fl-165"/>
      </object_component>
      <object_component id="oc-170">
         <name>.text._outs</name>
         <load_address>0x42ac</load_address>
         <readonly>true</readonly>
         <executable>true</executable>
         <run_address>0x42ac</run_address>
         <size>0x30</size>
         <alignment>0x2</alignment>
         <input_file_ref idref="fl-3a"/>
      </object_component>
      <object_component id="oc-86">
         <name>.text.LCD_TestInit</name>
         <load_address>0x42dc</load_address>
         <readonly>true</readonly>
         <executable>true</executable>
         <run_address>0x42dc</run_address>
         <size>0x2e</size>
         <alignment>0x2</alignment>
         <input_file_ref idref="fl-7"/>
      </object_component>
      <object_component id="oc-c9">
         <name>.text.UART0_WriteChar</name>
         <load_address>0x430a</load_address>
         <readonly>true</readonly>
         <executable>true</executable>
         <run_address>0x430a</run_address>
         <size>0x2e</size>
         <alignment>0x2</alignment>
         <input_file_ref idref="fl-c"/>
      </object_component>
      <object_component id="oc-160">
         <name>.text.UART1_WriteChar</name>
         <load_address>0x4338</load_address>
         <readonly>true</readonly>
         <executable>true</executable>
         <run_address>0x4338</run_address>
         <size>0x2e</size>
         <alignment>0x2</alignment>
         <input_file_ref idref="fl-d"/>
      </object_component>
      <object_component id="oc-218">
         <name>.text</name>
         <load_address>0x4368</load_address>
         <readonly>true</readonly>
         <executable>true</executable>
         <run_address>0x4368</run_address>
         <size>0x2e</size>
         <alignment>0x4</alignment>
         <input_file_ref idref="fl-163"/>
      </object_component>
      <object_component id="oc-175">
         <name>.text.MqttPacket_Byte</name>
         <load_address>0x4396</load_address>
         <readonly>true</readonly>
         <executable>true</executable>
         <run_address>0x4396</run_address>
         <size>0x2c</size>
         <alignment>0x2</alignment>
         <input_file_ref idref="fl-5"/>
      </object_component>
      <object_component id="oc-ef">
         <name>.text.strstr</name>
         <load_address>0x43c2</load_address>
         <readonly>true</readonly>
         <executable>true</executable>
         <run_address>0x43c2</run_address>
         <size>0x2c</size>
         <alignment>0x2</alignment>
         <input_file_ref idref="fl-3d"/>
      </object_component>
      <object_component id="oc-19d">
         <name>.text.memmove</name>
         <load_address>0x43ee</load_address>
         <readonly>true</readonly>
         <executable>true</executable>
         <run_address>0x43ee</run_address>
         <size>0x28</size>
         <alignment>0x2</alignment>
         <input_file_ref idref="fl-176"/>
      </object_component>
      <object_component id="oc-cd">
         <name>.text.LCD_Command</name>
         <load_address>0x4416</load_address>
         <readonly>true</readonly>
         <executable>true</executable>
         <run_address>0x4416</run_address>
         <size>0x26</size>
         <alignment>0x2</alignment>
         <input_file_ref idref="fl-7"/>
      </object_component>
      <object_component id="oc-8f">
         <name>.text.UART0_WriteString</name>
         <load_address>0x443c</load_address>
         <readonly>true</readonly>
         <executable>true</executable>
         <run_address>0x443c</run_address>
         <size>0x24</size>
         <alignment>0x2</alignment>
         <input_file_ref idref="fl-c"/>
      </object_component>
      <object_component id="oc-19b">
         <name>.text.UART1_DelayMs</name>
         <load_address>0x4460</load_address>
         <readonly>true</readonly>
         <executable>true</executable>
         <run_address>0x4460</run_address>
         <size>0x24</size>
         <alignment>0x2</alignment>
         <input_file_ref idref="fl-d"/>
      </object_component>
      <object_component id="oc-152">
         <name>.text.UART1_FlushRxFifo</name>
         <load_address>0x4484</load_address>
         <readonly>true</readonly>
         <executable>true</executable>
         <run_address>0x4484</run_address>
         <size>0x22</size>
         <alignment>0x2</alignment>
         <input_file_ref idref="fl-d"/>
      </object_component>
      <object_component id="oc-1ba">
         <name>.text.UART1_TicksPerMs</name>
         <load_address>0x44a6</load_address>
         <readonly>true</readonly>
         <executable>true</executable>
         <run_address>0x44a6</run_address>
         <size>0x22</size>
         <alignment>0x2</alignment>
         <input_file_ref idref="fl-d"/>
      </object_component>
      <object_component id="oc-e4">
         <name>.text.UART1_WriteString</name>
         <load_address>0x44c8</load_address>
         <readonly>true</readonly>
         <executable>true</executable>
         <run_address>0x44c8</run_address>
         <size>0x22</size>
         <alignment>0x2</alignment>
         <input_file_ref idref="fl-d"/>
      </object_component>
      <object_component id="oc-1bf">
         <name>.text.memccpy</name>
         <load_address>0x44ea</load_address>
         <readonly>true</readonly>
         <executable>true</executable>
         <run_address>0x44ea</run_address>
         <size>0x22</size>
         <alignment>0x2</alignment>
         <input_file_ref idref="fl-4f"/>
      </object_component>
      <object_component id="oc-88">
         <name>.text.LCD_WriteChar</name>
         <load_address>0x450c</load_address>
         <readonly>true</readonly>
         <executable>true</executable>
         <run_address>0x450c</run_address>
         <size>0x18</size>
         <alignment>0x2</alignment>
         <input_file_ref idref="fl-7"/>
      </object_component>
      <object_component id="oc-171">
         <name>.text._outc</name>
         <load_address>0x4524</load_address>
         <readonly>true</readonly>
         <executable>true</executable>
         <run_address>0x4524</run_address>
         <size>0x18</size>
         <alignment>0x2</alignment>
         <input_file_ref idref="fl-3a"/>
      </object_component>
      <object_component id="oc-1d4">
         <name>.text</name>
         <load_address>0x453c</load_address>
         <readonly>true</readonly>
         <executable>true</executable>
         <run_address>0x453c</run_address>
         <size>0x14</size>
         <alignment>0x4</alignment>
         <input_file_ref idref="fl-169"/>
      </object_component>
      <object_component id="oc-69">
         <name>.text:TI_memcpy_small</name>
         <load_address>0x4550</load_address>
         <readonly>true</readonly>
         <executable>true</executable>
         <run_address>0x4550</run_address>
         <size>0x12</size>
         <alignment>0x1</alignment>
         <input_file_ref idref="fl-174"/>
      </object_component>
      <object_component id="oc-56">
         <name>.text</name>
         <load_address>0x4564</load_address>
         <readonly>true</readonly>
         <executable>true</executable>
         <run_address>0x4564</run_address>
         <size>0x12</size>
         <alignment>0x4</alignment>
         <input_file_ref idref="fl-16c"/>
      </object_component>
      <object_component id="oc-89">
         <name>.text.AM2301B_Init</name>
         <load_address>0x4576</load_address>
         <readonly>true</readonly>
         <executable>true</executable>
         <run_address>0x4576</run_address>
         <size>0x10</size>
         <alignment>0x2</alignment>
         <input_file_ref idref="fl-6"/>
      </object_component>
      <object_component id="oc-174">
         <name>.text.MqttPacket_Init</name>
         <load_address>0x4586</load_address>
         <readonly>true</readonly>
         <executable>true</executable>
         <run_address>0x4586</run_address>
         <size>0x10</size>
         <alignment>0x2</alignment>
         <input_file_ref idref="fl-5"/>
      </object_component>
      <object_component id="oc-21c">
         <name>.text.strchr</name>
         <load_address>0x4596</load_address>
         <readonly>true</readonly>
         <executable>true</executable>
         <run_address>0x4596</run_address>
         <size>0x10</size>
         <alignment>0x2</alignment>
         <input_file_ref idref="fl-46"/>
      </object_component>
      <object_component id="oc-1ca">
         <name>.text.wcslen</name>
         <load_address>0x45a6</load_address>
         <readonly>true</readonly>
         <executable>true</executable>
         <run_address>0x45a6</run_address>
         <size>0x10</size>
         <alignment>0x2</alignment>
         <input_file_ref idref="fl-53"/>
      </object_component>
      <object_component id="oc-7c">
         <name>.text:IntMasterEnable</name>
         <load_address>0x45b6</load_address>
         <readonly>true</readonly>
         <executable>true</executable>
         <run_address>0x45b6</run_address>
         <size>0x10</size>
         <alignment>0x2</alignment>
         <input_file_ref idref="fl-1b"/>
      </object_component>
      <object_component id="oc-44">
         <name>.text:decompress:ZI</name>
         <load_address>0x45c6</load_address>
         <readonly>true</readonly>
         <executable>true</executable>
         <run_address>0x45c6</run_address>
         <size>0x10</size>
         <alignment>0x2</alignment>
         <input_file_ref idref="fl-43"/>
      </object_component>
      <object_component id="oc-1be">
         <name>.text.strlen</name>
         <load_address>0x45d6</load_address>
         <readonly>true</readonly>
         <executable>true</executable>
         <run_address>0x45d6</run_address>
         <size>0xe</size>
         <alignment>0x2</alignment>
         <input_file_ref idref="fl-46"/>
      </object_component>
      <object_component id="oc-14c">
         <name>.text.strlen</name>
         <load_address>0x45e4</load_address>
         <readonly>true</readonly>
         <executable>true</executable>
         <run_address>0x45e4</run_address>
         <size>0xe</size>
         <alignment>0x2</alignment>
         <input_file_ref idref="fl-3c"/>
      </object_component>
      <object_component id="oc-ac">
         <name>.text:TI_memset_small</name>
         <load_address>0x45f2</load_address>
         <readonly>true</readonly>
         <executable>true</executable>
         <run_address>0x45f2</run_address>
         <size>0xe</size>
         <alignment>0x1</alignment>
         <input_file_ref idref="fl-175"/>
      </object_component>
      <object_component id="oc-19">
         <name>.text:decompress:none</name>
         <load_address>0x4600</load_address>
         <readonly>true</readonly>
         <executable>true</executable>
         <run_address>0x4600</run_address>
         <size>0xe</size>
         <alignment>0x2</alignment>
         <input_file_ref idref="fl-44"/>
      </object_component>
      <object_component id="oc-ba">
         <name>.text:CPUcpsie</name>
         <load_address>0x460e</load_address>
         <readonly>true</readonly>
         <executable>true</executable>
         <run_address>0x460e</run_address>
         <size>0xc</size>
         <alignment>0x2</alignment>
         <input_file_ref idref="fl-1d"/>
      </object_component>
      <object_component id="oc-1ce">
         <name>.text.__aeabi_errno_addr</name>
         <load_address>0x461c</load_address>
         <readonly>true</readonly>
         <executable>true</executable>
         <run_address>0x461c</run_address>
         <size>0x8</size>
         <alignment>0x4</alignment>
         <input_file_ref idref="fl-47"/>
      </object_component>
      <object_component id="oc-92">
         <name>.text:abort</name>
         <load_address>0x4624</load_address>
         <readonly>true</readonly>
         <executable>true</executable>
         <run_address>0x4624</run_address>
         <size>0x6</size>
         <alignment>0x2</alignment>
         <input_file_ref idref="fl-48"/>
      </object_component>
      <object_component id="oc-11f">
         <name>.text.HOSTexit</name>
         <load_address>0x462a</load_address>
         <readonly>true</readonly>
         <executable>true</executable>
         <run_address>0x462a</run_address>
         <size>0x4</size>
         <alignment>0x2</alignment>
         <input_file_ref idref="fl-150"/>
      </object_component>
      <object_component id="oc-2c">
         <name>.text.IntDefaultHandler</name>
         <load_address>0x462e</load_address>
         <readonly>true</readonly>
         <executable>true</executable>
         <run_address>0x462e</run_address>
         <size>0x4</size>
         <alignment>0x2</alignment>
         <input_file_ref idref="fl-1"/>
      </object_component>
      <object_component id="oc-2a">
         <name>.text.NmiSR</name>
         <load_address>0x4632</load_address>
         <readonly>true</readonly>
         <executable>true</executable>
         <run_address>0x4632</run_address>
         <size>0x4</size>
         <alignment>0x2</alignment>
         <input_file_ref idref="fl-1"/>
      </object_component>
      <object_component id="oc-23e">
         <name>.text.__aeabi_ddiv</name>
         <load_address>0x4636</load_address>
         <readonly>true</readonly>
         <executable>true</executable>
         <run_address>0x4636</run_address>
         <size>0x4</size>
         <alignment>0x2</alignment>
         <input_file_ref idref="fl-167"/>
      </object_component>
      <object_component id="oc-1b5">
         <name>.text.__aeabi_dmul</name>
         <load_address>0x463a</load_address>
         <readonly>true</readonly>
         <executable>true</executable>
         <run_address>0x463a</run_address>
         <size>0x4</size>
         <alignment>0x2</alignment>
         <input_file_ref idref="fl-168"/>
      </object_component>
      <object_component id="oc-5a">
         <name>.text._system_pre_init</name>
         <load_address>0x463e</load_address>
         <readonly>true</readonly>
         <executable>true</executable>
         <run_address>0x463e</run_address>
         <size>0x4</size>
         <alignment>0x2</alignment>
         <input_file_ref idref="fl-41"/>
      </object_component>
      <object_component id="oc-37">
         <name>.text</name>
         <load_address>0x4644</load_address>
         <readonly>true</readonly>
         <executable>true</executable>
         <run_address>0x4644</run_address>
         <size>0x4</size>
         <alignment>0x4</alignment>
         <input_file_ref idref="fl-16a"/>
      </object_component>
      <object_component id="oc-168">
         <name>.text</name>
         <load_address>0x4648</load_address>
         <readonly>true</readonly>
         <executable>true</executable>
         <run_address>0x4648</run_address>
         <size>0x4</size>
         <alignment>0x4</alignment>
         <input_file_ref idref="fl-16b"/>
      </object_component>
      <object_component id="oc-147">
         <name>.const:g_pui32Xtals</name>
         <load_address>0x464c</load_address>
         <readonly>true</readonly>
         <run_address>0x464c</run_address>
         <size>0x6c</size>
         <alignment>0x4</alignment>
         <input_file_ref idref="fl-1c"/>
      </object_component>
      <object_component id="oc-293">
         <name>__TI_handler_table</name>
         <load_address>0x4cf8</load_address>
         <readonly>true</readonly>
         <run_address>0x4cf8</run_address>
         <size>0xc</size>
         <alignment>0x4</alignment>
      </object_component>
      <object_component id="oc-296">
         <name>.cinit..bss.load</name>
         <load_address>0x4d04</load_address>
         <readonly>true</readonly>
         <run_address>0x4d04</run_address>
         <size>0x8</size>
         <alignment>0x4</alignment>
      </object_component>
      <object_component id="oc-295">
         <name>.cinit..data.load</name>
         <load_address>0x4d0c</load_address>
         <readonly>true</readonly>
         <run_address>0x4d0c</run_address>
         <size>0x7</size>
         <alignment>0x1</alignment>
      </object_component>
      <object_component id="oc-294">
         <name>__TI_cinit_table</name>
         <load_address>0x4d14</load_address>
         <readonly>true</readonly>
         <run_address>0x4d14</run_address>
         <size>0x10</size>
         <alignment>0x4</alignment>
      </object_component>
      <object_component id="oc-4e">
         <name>.data.rx_head</name>
         <load_address>0x2000091c</load_address>
         <readwrite>true</readwrite>
         <run_address>0x2000091c</run_address>
         <size>0x4</size>
         <alignment>0x4</alignment>
         <input_file_ref idref="fl-d"/>
      </object_component>
      <object_component id="oc-4f">
         <name>.data.rx_tail</name>
         <load_address>0x20000920</load_address>
         <readwrite>true</readwrite>
         <run_address>0x20000920</run_address>
         <size>0x4</size>
         <alignment>0x4</alignment>
         <input_file_ref idref="fl-d"/>
      </object_component>
      <object_component id="oc-50">
         <name>.data.rx_buffer_overflow</name>
         <load_address>0x20000924</load_address>
         <readwrite>true</readwrite>
         <run_address>0x20000924</run_address>
         <size>0x1</size>
         <alignment>0x1</alignment>
         <input_file_ref idref="fl-d"/>
      </object_component>
      <object_component id="oc-1fa">
         <name>.data.__aeabi_errno</name>
         <load_address>0x20000918</load_address>
         <readwrite>true</readwrite>
         <run_address>0x20000918</run_address>
         <size>0x4</size>
         <alignment>0x4</alignment>
         <input_file_ref idref="fl-47"/>
      </object_component>
      <object_component id="oc-51">
         <name>.bss.rx_buffer</name>
         <uninitialized>true</uninitialized>
         <readwrite>true</readwrite>
         <run_address>0x20000000</run_address>
         <size>0x800</size>
         <alignment>0x1</alignment>
         <input_file_ref idref="fl-d"/>
      </object_component>
      <object_component id="oc-8a">
         <name>.common:system</name>
         <uninitialized>true</uninitialized>
         <readwrite>true</readwrite>
         <run_address>0x20000800</run_address>
         <size>0x14</size>
         <alignment>0x4</alignment>
      </object_component>
      <object_component id="oc-13">
         <name>.stack</name>
         <uninitialized>true</uninitialized>
         <readwrite>true</readwrite>
         <run_address>0x20000818</run_address>
         <size>0x4</size>
         <alignment>0x4</alignment>
         <input_file_ref idref="fl-3e"/>
      </object_component>
      <object_component id="oc-298">
         <name>.stack</name>
         <uninitialized>true</uninitialized>
         <readwrite>true</readwrite>
         <run_address>0x20000818</run_address>
         <size>0x0</size>
         <alignment>0x8</alignment>
      </object_component>
      <object_component id="oc-1f3">
         <name>.rodata:__aeabi_ctype_table_</name>
         <load_address>0x46c0</load_address>
         <readonly>true</readonly>
         <run_address>0x46c0</run_address>
         <size>0x101</size>
         <alignment>0x10</alignment>
         <input_file_ref idref="fl-59"/>
      </object_component>
      <object_component id="oc-186">
         <name>.rodata.str1.3323826569216535863.1</name>
         <load_address>0x47c1</load_address>
         <readonly>true</readonly>
         <run_address>0x47c1</run_address>
         <size>0x32</size>
         <alignment>0x1</alignment>
         <input_file_ref idref="fl-4"/>
      </object_component>
      <object_component id="oc-115">
         <name>.rodata.str1.6858423907132777704.1</name>
         <load_address>0x47f3</load_address>
         <readonly>true</readonly>
         <run_address>0x47f3</run_address>
         <size>0x30</size>
         <alignment>0x1</alignment>
         <input_file_ref idref="fl-4"/>
      </object_component>
      <object_component id="oc-f7">
         <name>.rodata.str1.6469349170187891810.1</name>
         <load_address>0x4823</load_address>
         <readonly>true</readonly>
         <run_address>0x4823</run_address>
         <size>0x2b</size>
         <alignment>0x1</alignment>
         <input_file_ref idref="fl-4"/>
      </object_component>
      <object_component id="oc-116">
         <name>.rodata.str1.9349281024333406967.1</name>
         <load_address>0x484e</load_address>
         <readonly>true</readonly>
         <run_address>0x484e</run_address>
         <size>0x2a</size>
         <alignment>0x1</alignment>
         <input_file_ref idref="fl-4"/>
      </object_component>
      <object_component id="oc-167">
         <name>.rodata.str1.10368302602187927654.1</name>
         <load_address>0x4878</load_address>
         <readonly>true</readonly>
         <run_address>0x4878</run_address>
         <size>0x29</size>
         <alignment>0x1</alignment>
         <input_file_ref idref="fl-4"/>
      </object_component>
      <object_component id="oc-8c">
         <name>.rodata.str1.8154729771448623357.1</name>
         <load_address>0x48a1</load_address>
         <readonly>true</readonly>
         <run_address>0x48a1</run_address>
         <size>0x26</size>
         <alignment>0x1</alignment>
         <input_file_ref idref="fl-2"/>
      </object_component>
      <object_component id="oc-8e">
         <name>.rodata.str1.17100691992556644108.1</name>
         <load_address>0x48c7</load_address>
         <readonly>true</readonly>
         <run_address>0x48c7</run_address>
         <size>0x25</size>
         <alignment>0x1</alignment>
         <input_file_ref idref="fl-2"/>
      </object_component>
      <object_component id="oc-ff">
         <name>.rodata.str1.4845466243474658765.1</name>
         <load_address>0x48ec</load_address>
         <readonly>true</readonly>
         <run_address>0x48ec</run_address>
         <size>0x23</size>
         <alignment>0x1</alignment>
         <input_file_ref idref="fl-4"/>
      </object_component>
      <object_component id="oc-d5">
         <name>.rodata.str1.6098721478075672564.1</name>
         <load_address>0x490f</load_address>
         <readonly>true</readonly>
         <run_address>0x490f</run_address>
         <size>0x20</size>
         <alignment>0x1</alignment>
         <input_file_ref idref="fl-4"/>
      </object_component>
      <object_component id="oc-e6">
         <name>.rodata.str1.15841481993680758348.1</name>
         <load_address>0x492f</load_address>
         <readonly>true</readonly>
         <run_address>0x492f</run_address>
         <size>0x1f</size>
         <alignment>0x1</alignment>
         <input_file_ref idref="fl-4"/>
      </object_component>
      <object_component id="oc-e2">
         <name>.rodata.str1.8344176913558929136.1</name>
         <load_address>0x494e</load_address>
         <readonly>true</readonly>
         <run_address>0x494e</run_address>
         <size>0x1f</size>
         <alignment>0x1</alignment>
         <input_file_ref idref="fl-4"/>
      </object_component>
      <object_component id="oc-8b">
         <name>.rodata.str1.15159059442110792349.1</name>
         <load_address>0x496d</load_address>
         <readonly>true</readonly>
         <run_address>0x496d</run_address>
         <size>0x1e</size>
         <alignment>0x1</alignment>
         <input_file_ref idref="fl-2"/>
      </object_component>
      <object_component id="oc-164">
         <name>.rodata.str1.7523408769317302708.1</name>
         <load_address>0x498b</load_address>
         <readonly>true</readonly>
         <run_address>0x498b</run_address>
         <size>0x1c</size>
         <alignment>0x1</alignment>
         <input_file_ref idref="fl-4"/>
      </object_component>
      <object_component id="oc-f4">
         <name>.rodata.str1.16546099650905957834.1</name>
         <load_address>0x49a7</load_address>
         <readonly>true</readonly>
         <run_address>0x49a7</run_address>
         <size>0x1b</size>
         <alignment>0x1</alignment>
         <input_file_ref idref="fl-4"/>
      </object_component>
      <object_component id="oc-102">
         <name>.rodata.str1.3188423377676684541.1</name>
         <load_address>0x49c2</load_address>
         <readonly>true</readonly>
         <run_address>0x49c2</run_address>
         <size>0x1a</size>
         <alignment>0x1</alignment>
         <input_file_ref idref="fl-4"/>
      </object_component>
      <object_component id="oc-f3">
         <name>.rodata.str1.2473626441357759200.1</name>
         <load_address>0x49dc</load_address>
         <readonly>true</readonly>
         <run_address>0x49dc</run_address>
         <size>0x19</size>
         <alignment>0x1</alignment>
         <input_file_ref idref="fl-4"/>
      </object_component>
      <object_component id="oc-106">
         <name>.rodata.str1.2012820364827226503.1</name>
         <load_address>0x49f5</load_address>
         <readonly>true</readonly>
         <run_address>0x49f5</run_address>
         <size>0x18</size>
         <alignment>0x1</alignment>
         <input_file_ref idref="fl-4"/>
      </object_component>
      <object_component id="oc-117">
         <name>.rodata.str1.5598573169653468338.1</name>
         <load_address>0x4a0d</load_address>
         <readonly>true</readonly>
         <run_address>0x4a0d</run_address>
         <size>0x18</size>
         <alignment>0x1</alignment>
         <input_file_ref idref="fl-4"/>
      </object_component>
      <object_component id="oc-eb">
         <name>.rodata.str1.15297355126783084090.1</name>
         <load_address>0x4a25</load_address>
         <readonly>true</readonly>
         <run_address>0x4a25</run_address>
         <size>0x16</size>
         <alignment>0x1</alignment>
         <input_file_ref idref="fl-4"/>
      </object_component>
      <object_component id="oc-166">
         <name>.rodata.str1.15932952478000258479.1</name>
         <load_address>0x4a3b</load_address>
         <readonly>true</readonly>
         <run_address>0x4a3b</run_address>
         <size>0x16</size>
         <alignment>0x1</alignment>
         <input_file_ref idref="fl-4"/>
      </object_component>
      <object_component id="oc-10d">
         <name>.rodata.str1.10429554286195325064.1</name>
         <load_address>0x4a51</load_address>
         <readonly>true</readonly>
         <run_address>0x4a51</run_address>
         <size>0x15</size>
         <alignment>0x1</alignment>
         <input_file_ref idref="fl-4"/>
      </object_component>
      <object_component id="oc-e0">
         <name>.rodata.str1.12171418687344171670.1</name>
         <load_address>0x4a66</load_address>
         <readonly>true</readonly>
         <run_address>0x4a66</run_address>
         <size>0x14</size>
         <alignment>0x1</alignment>
         <input_file_ref idref="fl-4"/>
      </object_component>
      <object_component id="oc-11d">
         <name>.rodata.str1.2011251919367194446.1</name>
         <load_address>0x4a7a</load_address>
         <readonly>true</readonly>
         <run_address>0x4a7a</run_address>
         <size>0x14</size>
         <alignment>0x1</alignment>
         <input_file_ref idref="fl-4"/>
      </object_component>
      <object_component id="oc-11a">
         <name>.rodata.str1.7825819665639612490.1</name>
         <load_address>0x4a8e</load_address>
         <readonly>true</readonly>
         <run_address>0x4a8e</run_address>
         <size>0x14</size>
         <alignment>0x1</alignment>
         <input_file_ref idref="fl-4"/>
      </object_component>
      <object_component id="oc-163">
[...]
      <symbol id="sm-84">
         <name>App_Common_WiFiConnectAP</name>
         <value>0x3683</value>
         <object_component_ref idref="oc-e9"/>
      </symbol>
      <symbol id="sm-85">
         <name>App_Common_RunEsp8266Sequence</name>
         <value>0x13f1</value>
         <object_component_ref idref="oc-8d"/>
      </symbol>
      <symbol id="sm-86">
         <name>App_Common_MqttConnect</name>
         <value>0x1621</value>
         <object_component_ref idref="oc-90"/>
      </symbol>
      <symbol id="sm-87">
         <name>App_Common_MqttPublishLoop</name>
         <value>0x229d</value>
         <object_component_ref idref="oc-91"/>
      </symbol>
      <symbol id="sm-97">
         <name>Mqtt_Connect</name>
         <value>0x1d09</value>
         <object_component_ref idref="oc-10c"/>
      </symbol>
      <symbol id="sm-98">
         <name>Mqtt_Publish</name>
         <value>0x3535</value>
         <object_component_ref idref="oc-118"/>
      </symbol>
      <symbol id="sm-9d">
         <name>AM2301B_Init</name>
         <value>0x4577</value>
         <object_component_ref idref="oc-89"/>
      </symbol>
      <symbol id="sm-9e">
         <name>AM2301B_Read</name>
         <value>0x1e81</value>
         <object_component_ref idref="oc-110"/>
      </symbol>
      <symbol id="sm-a7">
         <name>LCD_TestInit</name>
         <value>0x42dd</value>
         <object_component_ref idref="oc-86"/>
      </symbol>
      <symbol id="sm-a8">
         <name>LCD_Command</name>
         <value>0x4417</value>
         <object_component_ref idref="oc-cd"/>
      </symbol>
      <symbol id="sm-a9">
         <name>I2C0_BurstWrite</name>
         <value>0x23c5</value>
         <object_component_ref idref="oc-146"/>
      </symbol>
      <symbol id="sm-aa">
         <name>LCD_Init</name>
         <value>0x408d</value>
         <object_component_ref idref="oc-85"/>
      </symbol>
      <symbol id="sm-ab">
         <name>LCD_WriteChar</name>
         <value>0x450d</value>
         <object_component_ref idref="oc-88"/>
      </symbol>
      <symbol id="sm-b0">
         <name>ADC0_Init</name>
         <value>0x3263</value>
         <object_component_ref idref="oc-82"/>
      </symbol>
      <symbol id="sm-b1">
         <name>ADC0_Read</name>
         <value>0x3fbd</value>
         <object_component_ref idref="oc-10f"/>
      </symbol>
      <symbol id="sm-b4">
         <name>PortF_Init</name>
         <value>0x38d1</value>
         <object_component_ref idref="oc-79"/>
      </symbol>
      <symbol id="sm-c2">
         <name>I2C0_Init</name>
         <value>0x30e3</value>
         <object_component_ref idref="oc-83"/>
      </symbol>
      <symbol id="sm-c3">
         <name>I2C0_WriteCmdOnly</name>
         <value>0x3e8d</value>
         <object_component_ref idref="oc-d4"/>
      </symbol>
      <symbol id="sm-c4">
         <name>I2C0_ProbeAddr</name>
         <value>0x2721</value>
         <object_component_ref idref="oc-c7"/>
      </symbol>
      <symbol id="sm-c5">
         <name>I2C0_ScanBus</name>
         <value>0x3019</value>
         <object_component_ref idref="oc-84"/>
      </symbol>
      <symbol id="sm-c6">
         <name>I2C0_ReadBytes</name>
         <value>0x2607</value>
         <object_component_ref idref="oc-17b"/>
      </symbol>
      <symbol id="sm-c7">
         <name>I2C0_WriteBytesOnly</name>
         <value>0x2c61</value>
         <object_component_ref idref="oc-17a"/>
      </symbol>
      <symbol id="sm-cc">
         <name>UART0_Init</name>
         <value>0x2f3d</value>
         <object_component_ref idref="oc-7a"/>
      </symbol>
      <symbol id="sm-cd">
         <name>UART0_WriteChar</name>
         <value>0x430b</value>
         <object_component_ref idref="oc-c9"/>
      </symbol>
      <symbol id="sm-ce">
         <name>UART0_WriteString</name>
         <value>0x443d</value>
         <object_component_ref idref="oc-8f"/>
      </symbol>
      <symbol id="sm-f7">
         <name>UART1_Init</name>
         <value>0x2a5d</value>
         <object_component_ref idref="oc-7b"/>
      </symbol>
      <symbol id="sm-f8">
         <name>UART1_WriteChar</name>
         <value>0x4339</value>
         <object_component_ref idref="oc-160"/>
      </symbol>
      <symbol id="sm-f9">
         <name>UART1_WriteString</name>
         <value>0x44c9</value>
         <object_component_ref idref="oc-e4"/>
      </symbol>
      <symbol id="sm-fa">
         <name>UART1_WriteRaw</name>
         <value>0x40cd</value>
         <object_component_ref idref="oc-1ac"/>
      </symbol>
      <symbol id="sm-fb">
         <name>UART1_ClearRxBuffer</name>
         <value>0x4003</value>
         <object_component_ref idref="oc-d7"/>
      </symbol>
      <symbol id="sm-fc">
         <name>UART1_Handler</name>
         <value>0x3723</value>
         <object_component_ref idref="oc-2d"/>
      </symbol>
      <symbol id="sm-fd">
         <name>AT_Send_Command</name>
         <value>0x1b81</value>
         <object_component_ref idref="oc-da"/>
      </symbol>
      <symbol id="sm-fe">
         <name>UART1_CaptureResponse</name>
         <value>0x31a5</value>
         <object_component_ref idref="oc-ed"/>
      </symbol>
      <symbol id="sm-ff">
         <name>UART1_ReadIpdData</name>
         <value>0x24e7</value>
         <object_component_ref idref="oc-179"/>
      </symbol>
      <symbol id="sm-100">
         <name>UART1_GetRxBufferData</name>
         <value>0x2e4d</value>
         <object_component_ref idref="oc-108"/>
      </symbol>
      <symbol id="sm-101">
         <name>UART1_WaitForPattern</name>
         <value>0x3849</value>
         <object_component_ref idref="oc-1ae"/>
      </symbol>
      <symbol id="sm-102">
         <name>UART1_WaitForPatternAndEcho</name>
         <value>0x37b9</value>
         <object_component_ref idref="oc-e5"/>
      </symbol>
      <symbol id="sm-103">
         <name>__TI_ATRegion0_src_addr</name>
         <value>0x0</value>
      </symbol>
      <symbol id="sm-104">
         <name>__TI_ATRegion0_trg_addr</name>
         <value>0x0</value>
      </symbol>
      <symbol id="sm-105">
         <name>__TI_ATRegion0_region_sz</name>
         <value>0x0</value>
      </symbol>
      <symbol id="sm-106">
         <name>__TI_ATRegion1_src_addr</name>
         <value>0x0</value>
      </symbol>
      <symbol id="sm-107">
         <name>__TI_ATRegion1_trg_addr</name>
         <value>0x0</value>
      </symbol>
      <symbol id="sm-108">
         <name>__TI_ATRegion1_region_sz</name>
         <value>0x0</value>
      </symbol>
      <symbol id="sm-109">
         <name>__TI_ATRegion2_src_addr</name>
         <value>0x0</value>
      </symbol>
      <symbol id="sm-10a">
         <name>__TI_ATRegion2_trg_addr</name>
         <value>0x0</value>
      </symbol>
      <symbol id="sm-10b">
         <name>__TI_ATRegion2_region_sz</name>
         <value>0x0</value>
      </symbol>
      <symbol id="sm-132">
         <name>IntMasterEnable</name>
         <value>0x45b7</value>
         <object_component_ref idref="oc-7c"/>
      </symbol>
      <symbol id="sm-17b">
         <name>SysCtlClockSet</name>
         <value>0x2d59</value>
         <object_component_ref idref="oc-73"/>
      </symbol>
      <symbol id="sm-17c">
         <name>SysCtlDelay</name>
         <value>0x3b9b</value>
         <object_component_ref idref="oc-b2"/>
      </symbol>
      <symbol id="sm-17d">
         <name>SysCtlClockGet</name>
         <value>0x2839</value>
         <object_component_ref idref="oc-ce"/>
      </symbol>
      <symbol id="sm-187">
         <name>CPUcpsie</name>
         <value>0x460f</value>
         <object_component_ref idref="oc-ba"/>
      </symbol>
      <symbol id="sm-198">
         <name>snprintf</name>
         <value>0x3f2d</value>
         <object_component_ref idref="oc-f9"/>
      </symbol>
      <symbol id="sm-19f">
         <name>strcmp</name>
         <value>0xc49</value>
         <object_component_ref idref="oc-155"/>
      </symbol>
      <symbol id="sm-1a8">
         <name>strlen</name>
         <value>0x45e5</value>
         <object_component_ref idref="oc-14c"/>
      </symbol>
      <symbol id="sm-1b1">
         <name>strstr</name>
         <value>0x43c3</value>
         <object_component_ref idref="oc-ef"/>
      </symbol>
      <symbol id="sm-1bc">
         <name>_c_int00_noargs</name>
         <value>0x41b1</value>
         <object_component_ref idref="oc-47"/>
      </symbol>
      <symbol id="sm-1bd">
         <name>__stack</name>
         <value>0x20000818</value>
         <object_component_ref idref="oc-13"/>
      </symbol>
      <symbol id="sm-1c9">
         <name>__TI_auto_init_nobinit_nopinit</name>
         <value>0x410d</value>
         <object_component_ref idref="oc-99"/>
      </symbol>
      <symbol id="sm-1d1">
         <name>_system_pre_init</name>
         <value>0x463f</value>
         <object_component_ref idref="oc-5a"/>
      </symbol>
      <symbol id="sm-1dc">
         <name>__TI_zero_init</name>
         <value>0x45c7</value>
         <object_component_ref idref="oc-44"/>
      </symbol>
      <symbol id="sm-1e5">
         <name>__TI_decompress_none</name>
         <value>0x4601</value>
         <object_component_ref idref="oc-19"/>
      </symbol>
      <symbol id="sm-1ef">
         <name>__TI_decompress_lzss</name>
         <value>0x39d7</value>
         <object_component_ref idref="oc-15"/>
      </symbol>
      <symbol id="sm-234">
         <name>__TI_printfi</name>
         <value>0x281</value>
         <object_component_ref idref="oc-1a9"/>
      </symbol>
      <symbol id="sm-23f">
         <name>__aeabi_errno_addr</name>
         <value>0x461d</value>
         <object_component_ref idref="oc-1ce"/>
      </symbol>
      <symbol id="sm-240">
         <name>__aeabi_errno</name>
         <value>0x20000918</value>
         <object_component_ref idref="oc-1fa"/>
      </symbol>
      <symbol id="sm-24a">
         <name>abort</name>
         <value>0x4625</value>
         <object_component_ref idref="oc-92"/>
      </symbol>
      <symbol id="sm-254">
         <name>__TI_ltoa</name>
         <value>0x3de3</value>
         <object_component_ref idref="oc-214"/>
      </symbol>
      <symbol id="sm-260">
         <name>atoi</name>
         <value>0x4049</value>
         <object_component_ref idref="oc-1c6"/>
      </symbol>
      <symbol id="sm-26a">
         <name>memccpy</name>
         <value>0x44eb</value>
         <object_component_ref idref="oc-1bf"/>
      </symbol>
      <symbol id="sm-275">
         <name>frexp</name>
         <value>0x3ba1</value>
         <object_component_ref idref="oc-208"/>
      </symbol>
      <symbol id="sm-276">
         <name>frexpl</name>
         <value>0x3ba1</value>
         <object_component_ref idref="oc-208"/>
      </symbol>
      <symbol id="sm-280">
         <name>scalbn</name>
         <value>0x2951</value>
         <object_component_ref idref="oc-20c"/>
      </symbol>
      <symbol id="sm-281">
         <name>ldexp</name>
         <value>0x2951</value>
         <object_component_ref idref="oc-20c"/>
      </symbol>
      <symbol id="sm-282">
         <name>scalbnl</name>
         <value>0x2951</value>
         <object_component_ref idref="oc-20c"/>
      </symbol>
      <symbol id="sm-283">
         <name>ldexpl</name>
         <value>0x2951</value>
         <object_component_ref idref="oc-20c"/>
      </symbol>
      <symbol id="sm-28c">
         <name>wcslen</name>
         <value>0x45a7</value>
         <object_component_ref idref="oc-1ca"/>
      </symbol>
      <symbol id="sm-292">
         <name>__aeabi_ctype_table_</name>
         <value>0x46c0</value>
         <object_component_ref idref="oc-1f3"/>
      </symbol>
      <symbol id="sm-293">
         <name>__aeabi_ctype_table_C</name>
         <value>0x46c0</value>
         <object_component_ref idref="oc-1f3"/>
      </symbol>
      <symbol id="sm-29e">
         <name>HOSTexit</name>
         <value>0x462b</value>
         <object_component_ref idref="oc-11f"/>
      </symbol>
      <symbol id="sm-29f">
         <name>C$$EXIT</name>
         <value>0x462a</value>
         <object_component_ref idref="oc-11f"/>
      </symbol>
      <symbol id="sm-2b4">
         <name>__aeabi_dadd</name>
         <value>0x1837</value>
         <object_component_ref idref="oc-181"/>
      </symbol>
      <symbol id="sm-2b5">
         <name>__adddf3</name>
         <value>0x1837</value>
         <object_component_ref idref="oc-181"/>
      </symbol>
      <symbol id="sm-2b6">
         <name>__aeabi_dsub</name>
         <value>0x182d</value>
         <object_component_ref idref="oc-181"/>
      </symbol>
      <symbol id="sm-2b7">
         <name>__subdf3</name>
         <value>0x182d</value>
         <object_component_ref idref="oc-181"/>
      </symbol>
      <symbol id="sm-2bd">
         <name>__aeabi_f2d</name>
         <value>0x4145</value>
         <object_component_ref idref="oc-111"/>
      </symbol>
      <symbol id="sm-2be">
         <name>__extendsfdf2</name>
         <value>0x4145</value>
         <object_component_ref idref="oc-111"/>
      </symbol>
      <symbol id="sm-2c4">
         <name>__aeabi_d2iz</name>
         <value>0x3f75</value>
         <object_component_ref idref="oc-210"/>
      </symbol>
      <symbol id="sm-2c5">
         <name>__fixdfsi</name>
         <value>0x3f75</value>
         <object_component_ref idref="oc-210"/>
      </symbol>
      <symbol id="sm-2cb">
         <name>__aeabi_i2d</name>
         <value>0x4369</value>
         <object_component_ref idref="oc-218"/>
      </symbol>
      <symbol id="sm-2cc">
         <name>__floatsidf</name>
         <value>0x4369</value>
         <object_component_ref idref="oc-218"/>
      </symbol>
      <symbol id="sm-2d2">
         <name>__aeabi_d2f</name>
         <value>0x3b2d</value>
         <object_component_ref idref="oc-17d"/>
      </symbol>
      <symbol id="sm-2d3">
         <name>__truncdfsf2</name>
         <value>0x3b2d</value>
         <object_component_ref idref="oc-17d"/>
      </symbol>
      <symbol id="sm-2e4">
         <name>__ledf2</name>
         <value>0x3c6d</value>
         <object_component_ref idref="oc-205"/>
      </symbol>
      <symbol id="sm-2e5">
         <name>__gedf2</name>
         <value>0x3d2d</value>
         <object_component_ref idref="oc-206"/>
      </symbol>
      <symbol id="sm-2e6">
         <name>__aeabi_dcmpun</name>
         <value>0x427d</value>
         <object_component_ref idref="oc-1d8"/>
      </symbol>
      <symbol id="sm-2e7">
         <name>__cmpdf2</name>
         <value>0x3c6d</value>
         <object_component_ref idref="oc-205"/>
      </symbol>
      <symbol id="sm-2e8">
         <name>__eqdf2</name>
         <value>0x3c6d</value>
         <object_component_ref idref="oc-205"/>
      </symbol>
      <symbol id="sm-2e9">
         <name>__ltdf2</name>
         <value>0x3c6d</value>
         <object_component_ref idref="oc-205"/>
      </symbol>
      <symbol id="sm-2ea">
         <name>__nedf2</name>
         <value>0x3c6d</value>
         <object_component_ref idref="oc-205"/>
      </symbol>
      <symbol id="sm-2eb">
         <name>__gtdf2</name>
         <value>0x3d2d</value>
         <object_component_ref idref="oc-206"/>
      </symbol>
      <symbol id="sm-2f1">
         <name>__aeabi_dcmpeq</name>
         <value>0x3955</value>
         <object_component_ref idref="oc-1de"/>
      </symbol>
      <symbol id="sm-2f2">
         <name>__aeabi_dcmplt</name>
         <value>0x396f</value>
         <object_component_ref idref="oc-1de"/>
      </symbol>
      <symbol id="sm-2f3">
         <name>__aeabi_dcmple</name>
         <value>0x3989</value>
         <object_component_ref idref="oc-1de"/>
      </symbol>
      <symbol id="sm-2f4">
         <name>__aeabi_dcmpge</name>
         <value>0x39a3</value>
         <object_component_ref idref="oc-1de"/>
      </symbol>
      <symbol id="sm-2f5">
         <name>__aeabi_dcmpgt</name>
         <value>0x39bd</value>
         <object_component_ref idref="oc-1de"/>
      </symbol>
      <symbol id="sm-2fe">
         <name>__aeabi_ddiv</name>
         <value>0x4637</value>
         <object_component_ref idref="oc-23e"/>
      </symbol>
      <symbol id="sm-307">
         <name>__aeabi_dmul</name>
         <value>0x463b</value>
         <object_component_ref idref="oc-1b5"/>
      </symbol>
      <symbol id="sm-30d">
         <name>__aeabi_uldivmod</name>
         <value>0x453d</value>
         <object_component_ref idref="oc-1d4"/>
      </symbol>
      <symbol id="sm-313">
         <name>__aeabi_memcpy</name>
         <value>0x4645</value>
         <object_component_ref idref="oc-37"/>
      </symbol>
      <symbol id="sm-314">
         <name>__aeabi_memcpy4</name>
         <value>0x4645</value>
         <object_component_ref idref="oc-37"/>
      </symbol>
      <symbol id="sm-315">
         <name>__aeabi_memcpy8</name>
         <value>0x4645</value>
         <object_component_ref idref="oc-37"/>
      </symbol>
      <symbol id="sm-31b">
         <name>__aeabi_memmove</name>
         <value>0x4649</value>
         <object_component_ref idref="oc-168"/>
      </symbol>
      <symbol id="sm-31c">
         <name>__aeabi_memmove4</name>
         <value>0x4649</value>
         <object_component_ref idref="oc-168"/>
      </symbol>
      <symbol id="sm-31d">
         <name>__aeabi_memmove8</name>
         <value>0x4649</value>
         <object_component_ref idref="oc-168"/>
      </symbol>
      <symbol id="sm-323">
         <name>__aeabi_memset</name>
         <value>0x4565</value>
         <object_component_ref idref="oc-56"/>
      </symbol>
      <symbol id="sm-324">
         <name>__aeabi_memset4</name>
         <value>0x4565</value>
         <object_component_ref idref="oc-56"/>
      </symbol>
      <symbol id="sm-325">
         <name>__aeabi_memset8</name>
         <value>0x4565</value>
         <object_component_ref idref="oc-56"/>
      </symbol>
      <symbol id="sm-326">
         <name>__aeabi_memclr</name>
         <value>0x456f</value>
         <object_component_ref idref="oc-56"/>
      </symbol>
      <symbol id="sm-327">
         <name>__aeabi_memclr4</name>
         <value>0x456f</value>
         <object_component_ref idref="oc-56"/>
      </symbol>
      <symbol id="sm-328">
         <name>__aeabi_memclr8</name>
         <value>0x456f</value>
         <object_component_ref idref="oc-56"/>
      </symbol>
      <symbol id="sm-32e">
         <name>__udivmoddi4</name>
         <value>0x3485</value>
         <object_component_ref idref="oc-1fe"/>
      </symbol>
      <symbol id="sm-334">
         <name>__muldf3</name>
         <value>0x2b65</value>
         <object_component_ref idref="oc-1ec"/>
      </symbol>
      <symbol id="sm-33a">
         <name>__divdf3</name>
         <value>0x2151</value>
         <object_component_ref idref="oc-247"/>
      </symbol>
      <symbol id="sm-344">
         <name>__aeabi_ldiv0</name>
         <value>0x1e7f</value>
         <object_component_ref idref="oc-227"/>
      </symbol>
      <symbol id="sm-34f">
         <name>TI_memcpy_small</name>
         <value>0x4551</value>
         <object_component_ref idref="oc-69"/>
      </symbol>
      <symbol id="sm-357">
         <name>TI_memset_small</name>
         <value>0x45f3</value>
         <object_component_ref idref="oc-ac"/>
      </symbol>
      <symbol id="sm-360">
         <name>memmove</name>
         <value>0x43ef</value>
         <object_component_ref idref="oc-19d"/>
      </symbol>
      <symbol id="sm-361">
         <name>__TI_static_base__</name>
         <value>0x0</value>
      </symbol>
      <symbol id="sm-364">
         <name>__mpu_init</name>
         <value>0x0</value>
      </symbol>
      <symbol id="sm-365">
         <name>_system_post_cinit</name>
         <value>0x0</value>
      </symbol>
   </symbol_table>
   <title>Link successful</title>
</link_info>
