******************************************************************************
            TI ARM Clang Linker PC v5.1.1                      
******************************************************************************
>> Linked Tue Aug  4 15:47:05 2026

OUTPUT FILE NAME:   <project0.out>
ENTRY POINT SYMBOL: "_c_int00_noargs"  address: 00001cb9


MEMORY CONFIGURATION

         name            origin    length      used     unused   attr    fill
----------------------  --------  ---------  --------  --------  ----  --------
  FLASH                 00000000   00040000  000024e9  0003db17  R  X
  SRAM                  20000000   00008000  00001117  00006ee9  RW X


SEGMENT ALLOCATION MAP

run origin  load origin   length   init length attrs members
----------  ----------- ---------- ----------- ----- -------
00000000    00000000    00002078   00002078    r-x
  00000000    00000000    0000026c   0000026c    r-- .intvecs
  0000026c    0000026c    00001da0   00001da0    r-x .text
  0000200c    0000200c    0000006c   0000006c    r-- .const
00002080    00002080    00000474   00000474    r--
  00002080    00002080    00000445   00000445    r-- .rodata
  000024c8    000024c8    0000002c   0000002c    r-- .cinit
20000000    20000000    0000111d   00000000    rw-
  20000000    20000000    0000100a   00000000    rw- .bss
  20001010    20001010    00000100   00000000    rw- .stack
  20001110    20001110    0000000d   00000000    rw- .data


SECTION ALLOCATION MAP

 output                                  attributes/
section   page    origin      length       input sections
--------  ----  ----------  ----------   ----------------
.intvecs   0    00000000    0000026c     
                  00000000    0000026c     startup_ccs.o (.intvecs)

.text      0    0000026c    00001da0     
                  0000026c    00000848     libc.a : _printfi.c.obj (.text:__TI_printfi_nofloat)
                  00000ab4    00000354     main.o (.text.main)
                  00000e08    00000122     lcd.o (.text.I2C0_BurstWrite)
                  00000f2a    0000011a     uart1.o (.text.UART1_RxBufferContainsPattern)
                  00001044    00000118     driverlib.lib : sysctl.obj (.text:SysCtlClockGet)
                  0000115c    00000108     uart1.o (.text.UART1_Init)
                  00001264    000000f4     driverlib.lib : sysctl.obj (.text:SysCtlClockSet)
                  00001358    000000dc     uart.o (.text.UART0_Init)
                  00001434    000000ca     i2c0.o (.text.I2C0_ScanBus)
                  000014fe    000000c2     i2c0.o (.text.I2C0_Init)
                  000015c0    000000bc     adc.o (.text.ADC0_Init)
                  0000167c    000000b0     libclang_rt.builtins.a : udivmoddi4.S.obj (.text)
                  0000172c    000000ac     uart1.o (.text.UART1_GetRxBufferData)
                  000017d8    000000a8     uart1.o (.text.AT_Send_Command)
                  00001880    00000096     uart1.o (.text.UART1_Handler)
                  00001916    00000082     gpio.o (.text.PortF_Init)
                  00001998    00000074     libc.a : copy_decompress_lzss.c.obj (.text:decompress:lzss)
                  00001a0c    00000068     i2c0.o (.text.I2C0_ProbeAddr)
                  00001a74    00000060     main.o (.text.WiFi_Connect_AP)
                  00001ad4    00000056     uart1.o (.text.UART1_WaitForPattern)
                  00001b2a    00000052     i2c0.o (.text.I2C0_WriteCmdOnly)
                  00001b7c    00000046     uart1.o (.text.UART1_ClearRxBuffer)
                  00001bc2    00000002     libclang_rt.builtins.a : aeabi_div0.c.obj (.text.__aeabi_ldiv0)
                  00001bc4    00000044     libc.a : atoi.c.obj (.text.atoi)
                  00001c08    00000040     lcd.o (.text.LCD_Init)
                  00001c48    00000038     libc.a : sprintf.c.obj (.text.sprintf)
                  00001c80    00000038            : autoinit.c.obj (.text:__TI_auto_init_nobinit_nopinit)
                  00001cb8    00000034            : boot_cortex_m.c.obj (.text:_c_int00_noargs)
                  00001cec    00000032     lcd.o (.text.Delay_ms)
                  00001d1e    00000032     main.o (.text.Delay_ms)
                  00001d50    00000032     i2c0.o (.text.I2C0_WaitDone)
                  00001d82    0000002e     lcd.o (.text.LCD_TestInit)
                  00001db0    0000002e     uart.o (.text.UART0_WriteChar)
                  00001dde    0000002e     uart1.o (.text.UART1_WriteChar)
                  00001e0c    00000026     lcd.o (.text.LCD_Command)
                  00001e32    00000024     uart.o (.text.UART0_WriteString)
                  00001e56    00000024     uart1.o (.text.UART1_DelayMs)
                  00001e7a    00000022     uart1.o (.text.UART1_TicksPerMs)
                  00001e9c    00000022     uart1.o (.text.UART1_WriteString)
                  00001ebe    00000022     libc.a : memccpy.c.obj (.text.memccpy)
                  00001ee0    00000018     lcd.o (.text.LCD_WriteChar)
                  00001ef8    00000018     libc.a : sprintf.c.obj (.text._outs)
                  00001f10    00000014     libclang_rt.builtins.a : aeabi_uldivmod.S.obj (.text)
                  00001f24    00000012     libc.a : memcpy_t2.S.obj (.text:TI_memcpy_small)
                  00001f36    00000002     --HOLE-- [fill = 0]
                  00001f38    00000012     libclang_rt.builtins.a : aeabi_memset.S.obj (.text)
                  00001f4a    00000010     am2301b.o (.text.AM2301B_Init)
                  00001f5a    00000010     libc.a : wcslen.c.obj (.text.wcslen)
                  00001f6a    00000010     driverlib.lib : interrupt.obj (.text:IntMasterEnable)
                  00001f7a    00000010     libc.a : copy_zero_init.c.obj (.text:decompress:ZI)
                  00001f8a    0000000e            : _printfi.c.obj (.text.strlen)
                  00001f98    0000000e            : strlen.c.obj (.text.strlen)
                  00001fa6    0000000e            : memset_t2.S.obj (.text:TI_memset_small)
                  00001fb4    0000000e            : copy_decompress_none.c.obj (.text:decompress:none)
                  00001fc2    0000000c     driverlib.lib : cpu.obj (.text:CPUcpsie)
                  00001fce    0000000a     libc.a : sprintf.c.obj (.text._outc)
                  00001fd8    00000008            : aeabi_portable.c.obj (.text.__aeabi_errno_addr)
                  00001fe0    00000006     startup_ccs.o (.text.ResetISR)
                  00001fe6    00000006     driverlib.lib : sysctl.obj (.text:SysCtlDelay)
                  00001fec    00000006     libc.a : exit.c.obj (.text:abort)
                  00001ff2    00000004     startup_ccs.o (.text.FaultISR)
                  00001ff6    00000004     libsysbm.a : hostexit.c.obj (.text.HOSTexit)
                  00001ffa    00000004     startup_ccs.o (.text.IntDefaultHandler)
                  00001ffe    00000004     startup_ccs.o (.text.NmiSR)
                  00002002    00000004     libc.a : pre_init.c.obj (.text._system_pre_init)
                  00002006    00000002     --HOLE-- [fill = 0]
                  00002008    00000004     libclang_rt.builtins.a : aeabi_memcpy.S.obj (.text)

.const     0    0000200c    0000006c     
                  0000200c    0000006c     driverlib.lib : sysctl.obj (.const:g_pui32Xtals)

.rodata    0    00002080    00000445     
                  00002080    00000101     libc.a : aeabi_ctype.S.obj (.rodata:__aeabi_ctype_table_)
                  00002181    00000029     main.o (.rodata.str1.2846389346932560359.1)
                  000021aa    00000026     main.o (.rodata.str1.13288086030101331538.1)
                  000021d0    00000021     main.o (.rodata.str1.8108965883388295311.1)
                  000021f1    00000020     main.o (.rodata.str1.12180500075719773345.1)
                  00002211    0000001f     main.o (.rodata.str1.8096991282711418442.1)
                  00002230    0000001f     main.o (.rodata.str1.9059077390166914652.1)
                  0000224f    0000001c     main.o (.rodata.str1.18092426736022315238.1)
                  0000226b    0000001c     main.o (.rodata.str1.8154729771448623357.1)
                  00002287    0000001b     main.o (.rodata.str1.13782249893155712474.1)
                  000022a2    0000001b     main.o (.rodata.str1.15159059442110792349.1)
                  000022bd    0000001a     main.o (.rodata.str1.11702106008850790973.1)
                  000022d7    00000019     main.o (.rodata.str1.6891813955777630061.1)
                  000022f0    00000016     main.o (.rodata.str1.14079361385603432444.1)
                  00002306    00000016     main.o (.rodata.str1.18227636981041470289.1)
                  0000231c    00000014     main.o (.rodata.str1.14402440632258215044.1)
                  00002330    00000014     main.o (.rodata.str1.3530083166107438000.1)
                  00002344    00000013     main.o (.rodata.str1.7996925722583989644.1)
                  00002357    00000012     main.o (.rodata.str1.15996357275703397564.1)
                  00002369    00000011     libc.a : _printfi.c.obj (.rodata.str1.10348868589481759720.1)
                  0000237a    00000011     main.o (.rodata.str1.11321157723316767883.1)
                  0000238b    00000011     libc.a : _printfi.c.obj (.rodata.str1.15363888844622738466.1)
                  0000239c    00000011     main.o (.rodata.str1.2763581881760962609.1)
                  000023ad    00000011     main.o (.rodata.str1.5043408953494467246.1)
                  000023be    00000011     main.o (.rodata.str1.6554448696319176064.1)
                  000023cf    00000011     main.o (.rodata.str1.8076846746581808073.1)
                  000023e0    00000010     main.o (.rodata.str1.2563708670032483588.1)
                  000023f0    0000000f     main.o (.rodata.str1.10635229749459437609.1)
                  000023ff    0000000f     main.o (.rodata.str1.11870794119293528247.1)
                  0000240e    0000000f     main.o (.rodata.str1.17376258722486336754.1)
                  0000241d    0000000f     main.o (.rodata.str1.8320541211001259012.1)
                  0000242c    0000000e     main.o (.rodata.str1.1311392489248731986.1)
                  0000243a    0000000e     main.o (.rodata.str1.16631870348416990953.1)
                  00002448    0000000d     i2c0.o (.rodata.str1.16857564704301768665.1)
                  00002455    0000000c     main.o (.rodata.str1.14466178792657420020.1)
                  00002461    0000000c     main.o (.rodata.str1.16265332423659789559.1)
                  0000246d    0000000c     i2c0.o (.rodata.str1.561729138136085595.1)
                  00002479    0000000b     main.o (.rodata.str1.7702501944640899365.1)
                  00002484    0000000a     i2c0.o (.rodata.str1.8640563807904019103.1)
                  0000248e    00000009     main.o (.rodata.str1.10313062130652730376.1)
                  00002497    00000009     main.o (.rodata.str1.14112174005742061988.1)
                  000024a0    00000009     main.o (.rodata.str1.2123964117280943167.1)
                  000024a9    00000008     main.o (.rodata.str1.16302215771116645891.1)
                  000024b1    00000006     uart1.o (.rodata.str1.12747660023304419868.1)
                  000024b7    00000003     main.o (.rodata.str1.17045314124001216156.1)
                  000024ba    00000003     main.o (.rodata.str1.17100691992556644108.1)
                  000024bd    00000003     main.o (.rodata.str1.288608917962107522.1)
                  000024c0    00000003     i2c0.o (.rodata.str1.5697117810892938982.1)
                  000024c3    00000002     main.o (.rodata.str1.7784929982665794503.1)

.cinit     0    000024c8    0000002c     
                  000024c8    0000000c     (__TI_handler_table)
                  000024d4    00000008     (.cinit..bss.load) [load image, compression = zero_init]
                  000024dc    00000007     (.cinit..data.load) [load image, compression = lzss]
                  000024e3    00000001     --HOLE-- [fill = 0]
                  000024e4    00000010     (__TI_cinit_table)

.init_array 
*          0    00000000    00000000     UNINITIALIZED

.bss       0    20000000    0000100a     UNINITIALIZED
                  20000000    00000800     main.o (.bss.main.wifi_list)
                  20000800    00000800     uart1.o (.bss.rx_buffer)
                  20001000    0000000a     (.common:system)

.data      0    20001110    0000000d     UNINITIALIZED
                  20001110    00000004     libc.a : aeabi_portable.c.obj (.data.__aeabi_errno)
                  20001114    00000004     uart1.o (.data.rx_head)
                  20001118    00000004     uart1.o (.data.rx_tail)
                  2000111c    00000001     uart1.o (.data.rx_buffer_overflow)

.stack     0    20001010    00000100     UNINITIALIZED
                  20001010    00000004     libc.a : boot_cortex_m.c.obj (.stack)
                  20001014    000000fc     --HOLE--

__llvm_prf_cnts 
*          0    20000000    00000000     UNINITIALIZED

__llvm_prf_bits 
*          0    20000000    00000000     UNINITIALIZED

MODULE SUMMARY

       Module                       code   ro data   rw data
       ------                       ----   -------   -------
    .\
       startup_ccs.o                18     620       0      
    +--+----------------------------+------+---------+---------+
       Total:                       18     620       0      
                                                            
    .\Application\
       main.o                       998    758       2058   
    +--+----------------------------+------+---------+---------+
       Total:                       998    758       2058   
                                                            
    .\Devices\AM2301b\
       am2301b.o                    16     0         0      
    +--+----------------------------+------+---------+---------+
       Total:                       16     0         0      
                                                            
    .\Devices\LCD\
       lcd.o                        512    0         0      
    +--+----------------------------+------+---------+---------+
       Total:                       512    0         0      
                                                            
    .\Drivers\ADC\
       adc.o                        188    0         0      
    +--+----------------------------+------+---------+---------+
       Total:                       188    0         0      
                                                            
    .\Drivers\GPIO\
       gpio.o                       130    0         0      
    +--+----------------------------+------+---------+---------+
       Total:                       130    0         0      
                                                            
    .\Drivers\I2C\
       i2c0.o                       632    38        0      
    +--+----------------------------+------+---------+---------+
       Total:                       632    38        0      
                                                            
    .\Drivers\UART\
       uart1.o                      1342   6         2057   
       uart.o                       302    0         0      
    +--+----------------------------+------+---------+---------+
       Total:                       1644   6         2057   
                                                            
    C:/TI/TivaWare_C_Series-2.2.0.295/driverlib/ccs/Debug/driverlib.lib
       sysctl.obj                   530    108       0      
       interrupt.obj                16     0         0      
       cpu.obj                      12     0         0      
    +--+----------------------------+------+---------+---------+
       Total:                       558    108       0      
                                                            
    D:\ti\ccs2100\ccs\tools\compiler\ti-cgt-armllvm_5.1.1.LTS\lib\armv7em-ti-none-eabihf/c/libc.a
       _printfi.c.obj               2134   34        0      
       aeabi_ctype.S.obj            0      257       0      
       copy_decompress_lzss.c.obj   116    0         0      
       sprintf.c.obj                90     0         0      
       atoi.c.obj                   68     0         0      
       autoinit.c.obj               56     0         0      
       boot_cortex_m.c.obj          52     0         0      
       memccpy.c.obj                34     0         0      
       memcpy_t2.S.obj              18     0         0      
       copy_zero_init.c.obj         16     0         0      
       wcslen.c.obj                 16     0         0      
       copy_decompress_none.c.obj   14     0         0      
       memset_t2.S.obj              14     0         0      
       strlen.c.obj                 14     0         0      
       aeabi_portable.c.obj         8      0         4      
       exit.c.obj                   6      0         0      
       pre_init.c.obj               4      0         0      
    +--+----------------------------+------+---------+---------+
       Total:                       2660   291       4      
                                                            
    D:\ti\ccs2100\ccs\tools\compiler\ti-cgt-armllvm_5.1.1.LTS\lib\armv7em-ti-none-eabihf/c/libsysbm.a
       hostexit.c.obj               4      0         0      
    +--+----------------------------+------+---------+---------+
       Total:                       4      0         0      
                                                            
    D:\ti\ccs2100\ccs\tools\compiler\ti-cgt-armllvm_5.1.1.LTS\lib\armv7em-ti-none-eabihf/libclang_rt.builtins.a
       udivmoddi4.S.obj             176    0         0      
       aeabi_uldivmod.S.obj         20     0         0      
       aeabi_memset.S.obj           18     0         0      
       aeabi_memcpy.S.obj           4      0         0      
       aeabi_div0.c.obj             2      0         0      
    +--+----------------------------+------+---------+---------+
       Total:                       220    0         0      
                                                            
       Stack:                       0      0         256    
       Linker Generated:            0      43        0      
    +--+----------------------------+------+---------+---------+
       Grand Total:                 7580   1864      4375   


LINKER GENERATED COPY TABLES

__TI_cinit_table @ 000024e4 records: 2, size/record: 8, table size: 16
	.bss: load addr=000024d4, load size=00000008 bytes, run addr=20000000, run size=0000100a bytes, compression=zero_init
	.data: load addr=000024dc, load size=00000007 bytes, run addr=20001110, run size=0000000d bytes, compression=lzss


LINKER GENERATED HANDLER TABLE

__TI_handler_table @ 000024c8 records: 3, size/record: 4, table size: 12
	index: 0, handler: __TI_decompress_lzss
	index: 1, handler: __TI_decompress_none
	index: 2, handler: __TI_zero_init


GLOBAL SYMBOLS: SORTED ALPHABETICALLY BY Name 

address   name                          
-------   ----                          
000015c1  ADC0_Init                     
00001f4b  AM2301B_Init                  
000017d9  AT_Send_Command               
00001ff6  C$$EXIT                       
00001fc3  CPUcpsie                      
00001ff7  HOSTexit                      
00000e09  I2C0_BurstWrite               
000014ff  I2C0_Init                     
00001a0d  I2C0_ProbeAddr                
00001435  I2C0_ScanBus                  
00001b2b  I2C0_WriteCmdOnly             
00001f6b  IntMasterEnable               
00001e0d  LCD_Command                   
00001c09  LCD_Init                      
00001d83  LCD_TestInit                  
00001ee1  LCD_WriteChar                 
00001917  PortF_Init                    
00001fe1  ResetISR                      
00001045  SysCtlClockGet                
00001265  SysCtlClockSet                
00001fe7  SysCtlDelay                   
00001f25  TI_memcpy_small               
00001fa7  TI_memset_small               
00001359  UART0_Init                    
00001db1  UART0_WriteChar               
00001e33  UART0_WriteString             
00001b7d  UART1_ClearRxBuffer           
0000172d  UART1_GetRxBufferData         
00001881  UART1_Handler                 
0000115d  UART1_Init                    
00001ad5  UART1_WaitForPattern          
00001ddf  UART1_WriteChar               
00001e9d  UART1_WriteString             
00001a75  WiFi_Connect_AP               
20001110  __STACK_END                   
00000100  __STACK_SIZE                  
20001110  __STACK_TOP                   
00000000  __TI_ATRegion0_region_sz      
00000000  __TI_ATRegion0_src_addr       
00000000  __TI_ATRegion0_trg_addr       
00000000  __TI_ATRegion1_region_sz      
00000000  __TI_ATRegion1_src_addr       
00000000  __TI_ATRegion1_trg_addr       
00000000  __TI_ATRegion2_region_sz      
00000000  __TI_ATRegion2_src_addr       
00000000  __TI_ATRegion2_trg_addr       
000024e4  __TI_CINIT_Base               
000024f4  __TI_CINIT_Limit              
000024f4  __TI_CINIT_Warm               
000024c8  __TI_Handler_Table_Base       
000024d4  __TI_Handler_Table_Limit      
00001c81  __TI_auto_init_nobinit_nopinit
00001999  __TI_decompress_lzss          
00001fb5  __TI_decompress_none          
ffffffff  __TI_pprof_out_hndl           
0000026d  __TI_printfi_nofloat          
ffffffff  __TI_prof_data_size           
ffffffff  __TI_prof_data_start          
00000000  __TI_static_base__            
00001f7b  __TI_zero_init                
00002080  __aeabi_ctype_table_          
00002080  __aeabi_ctype_table_C         
20001110  __aeabi_errno                 
00001fd9  __aeabi_errno_addr            
00001bc3  __aeabi_ldiv0                 
00001f43  __aeabi_memclr                
00001f43  __aeabi_memclr4               
00001f43  __aeabi_memclr8               
00002009  __aeabi_memcpy                
00002009  __aeabi_memcpy4               
00002009  __aeabi_memcpy8               
00001f39  __aeabi_memset                
00001f39  __aeabi_memset4               
00001f39  __aeabi_memset8               
00001f11  __aeabi_uldivmod              
ffffffff  __binit__                     
UNDEFED   __mpu_init                    
20001010  __stack                       
20000000  __start___llvm_prf_bits       
20000000  __start___llvm_prf_cnts       
20000000  __stop___llvm_prf_bits        
20000000  __stop___llvm_prf_cnts        
0000167d  __udivmoddi4                  
00001cb9  _c_int00_noargs               
UNDEFED   _system_post_cinit            
00002003  _system_pre_init              
00001fed  abort                         
00001bc5  atoi                          
ffffffff  binit                         
00000000  g_pfnVectors                  
00000ab5  main                          
00001ebf  memccpy                       
00001c49  sprintf                       
00001f99  strlen                        
20001000  system                        
00001f5b  wcslen                        


GLOBAL SYMBOLS: SORTED BY Symbol Address 

address   name                          
-------   ----                          
00000000  __TI_ATRegion0_region_sz      
00000000  __TI_ATRegion0_src_addr       
00000000  __TI_ATRegion0_trg_addr       
00000000  __TI_ATRegion1_region_sz      
00000000  __TI_ATRegion1_src_addr       
00000000  __TI_ATRegion1_trg_addr       
00000000  __TI_ATRegion2_region_sz      
00000000  __TI_ATRegion2_src_addr       
00000000  __TI_ATRegion2_trg_addr       
00000000  __TI_static_base__            
00000000  g_pfnVectors                  
00000100  __STACK_SIZE                  
0000026d  __TI_printfi_nofloat          
00000ab5  main                          
00000e09  I2C0_BurstWrite               
00001045  SysCtlClockGet                
0000115d  UART1_Init                    
00001265  SysCtlClockSet                
00001359  UART0_Init                    
00001435  I2C0_ScanBus                  
000014ff  I2C0_Init                     
000015c1  ADC0_Init                     
0000167d  __udivmoddi4                  
0000172d  UART1_GetRxBufferData         
000017d9  AT_Send_Command               
00001881  UART1_Handler                 
00001917  PortF_Init                    
00001999  __TI_decompress_lzss          
00001a0d  I2C0_ProbeAddr                
00001a75  WiFi_Connect_AP               
00001ad5  UART1_WaitForPattern          
00001b2b  I2C0_WriteCmdOnly             
00001b7d  UART1_ClearRxBuffer           
00001bc3  __aeabi_ldiv0                 
00001bc5  atoi                          
00001c09  LCD_Init                      
00001c49  sprintf                       
00001c81  __TI_auto_init_nobinit_nopinit
00001cb9  _c_int00_noargs               
00001d83  LCD_TestInit                  
00001db1  UART0_WriteChar               
00001ddf  UART1_WriteChar               
00001e0d  LCD_Command                   
00001e33  UART0_WriteString             
00001e9d  UART1_WriteString             
00001ebf  memccpy                       
00001ee1  LCD_WriteChar                 
00001f11  __aeabi_uldivmod              
00001f25  TI_memcpy_small               
00001f39  __aeabi_memset                
00001f39  __aeabi_memset4               
00001f39  __aeabi_memset8               
00001f43  __aeabi_memclr                
00001f43  __aeabi_memclr4               
00001f43  __aeabi_memclr8               
00001f4b  AM2301B_Init                  
00001f5b  wcslen                        
00001f6b  IntMasterEnable               
00001f7b  __TI_zero_init                
00001f99  strlen                        
00001fa7  TI_memset_small               
00001fb5  __TI_decompress_none          
00001fc3  CPUcpsie                      
00001fd9  __aeabi_errno_addr            
00001fe1  ResetISR                      
00001fe7  SysCtlDelay                   
00001fed  abort                         
00001ff6  C$$EXIT                       
00001ff7  HOSTexit                      
00002003  _system_pre_init              
00002009  __aeabi_memcpy                
00002009  __aeabi_memcpy4               
00002009  __aeabi_memcpy8               
00002080  __aeabi_ctype_table_          
00002080  __aeabi_ctype_table_C         
000024c8  __TI_Handler_Table_Base       
000024d4  __TI_Handler_Table_Limit      
000024e4  __TI_CINIT_Base               
000024f4  __TI_CINIT_Limit              
000024f4  __TI_CINIT_Warm               
20000000  __start___llvm_prf_bits       
20000000  __start___llvm_prf_cnts       
20000000  __stop___llvm_prf_bits        
20000000  __stop___llvm_prf_cnts        
20001000  system                        
20001010  __stack                       
20001110  __STACK_END                   
20001110  __STACK_TOP                   
20001110  __aeabi_errno                 
ffffffff  __TI_pprof_out_hndl           
ffffffff  __TI_prof_data_size           
ffffffff  __TI_prof_data_start          
ffffffff  __binit__                     
ffffffff  binit                         
UNDEFED   __mpu_init                    
UNDEFED   _system_post_cinit            

[96 symbols]
