******************************************************************************
            TI ARM Clang Linker PC v5.1.1                      
******************************************************************************
>> Linked Thu Jul 16 15:46:17 2026

OUTPUT FILE NAME:   <project0.out>
ENTRY POINT SYMBOL: "_c_int00_noargs"  address: 000015bd


MEMORY CONFIGURATION

         name            origin    length      used     unused   attr    fill
----------------------  --------  ---------  --------  --------  ----  --------
  FLASH                 00000000   00040000  00001839  0003e7c7  R  X
  SRAM                  20000000   00008000  0000010c  00007ef4  RW X


SEGMENT ALLOCATION MAP

run origin  load origin   length   init length attrs members
----------  ----------- ---------- ----------- ----- -------
00000000    00000000    00001840   00001840    r-x
  00000000    00000000    0000026c   0000026c    r-- .intvecs
  00000270    00000270    0000151c   0000151c    r-x .text
  0000178c    0000178c    00000085   00000085    r-- .rodata
  00001814    00001814    0000002c   0000002c    r-- .cinit
20000000    20000000    0000010c   00000000    rw-
  20000000    20000000    00000100   00000000    rw- .stack
  20000100    20000100    0000000a   00000000    rw- .bss
  2000010a    2000010a    00000002   00000000    rw- .data


SECTION ALLOCATION MAP

 output                                  attributes/
section   page    origin      length       input sections
--------  ----  ----------  ----------   ----------------
.intvecs   0    00000000    0000026c     
                  00000000    0000026c     startup_ccs.o (.intvecs)

.text      0    00000270    0000151c     
                  00000270    000001b6     libclang_rt.builtins.a : adddf3.S.obj (.text)
                  00000426    00000002     --HOLE-- [fill = 0]
                  00000428    00000180     state.o (.text.StateMachine_Run)
                  000005a8    00000170     am2301b.o (.text.AM2301B_Read)
                  00000718    00000122     lcd.o (.text.I2C0_BurstWrite)
                  0000083a    0000011a     i2c0.o (.text.I2C0_ReadBytes)
                  00000954    000000fc     libclang_rt.builtins.a : muldf3.S.obj (.text)
                  00000a50    000000f8     i2c0.o (.text.I2C0_WriteBytesOnly)
                  00000b48    000000f4     main.o (.text.Display_Data_To_Putty)
                  00000c3c    000000f4     driverlib.lib : sysctl.obj (.text:SysCtlClockSet)
                  00000d30    000000dc     uart.o (.text.UART0_Init)
                  00000e0c    000000ca     i2c0.o (.text.I2C0_ScanBus)
                  00000ed6    000000c2     i2c0.o (.text.I2C0_Init)
                  00000f98    000000bc     adc.o (.text.ADC0_Init)
                  00001054    000000b6     gpio.o (.text.Button_Read)
                  0000110a    000000b0     uart.o (.text.UART0_WriteInt)
                  000011ba    000000ae     main.o (.text.main)
                  00001268    00000082     gpio.o (.text.PortF_Init)
                  000012ea    00000074     libc.a : copy_decompress_lzss.c.obj (.text:decompress:lzss)
                  0000135e    00000002     --HOLE-- [fill = 0]
                  00001360    0000006e     libclang_rt.builtins.a : truncdfsf2.S.obj (.text)
                  000013ce    00000068     i2c0.o (.text.I2C0_ProbeAddr)
                  00001436    00000052     i2c0.o (.text.I2C0_WriteCmdOnly)
                  00001488    00000046     adc.o (.text.ADC0_Read)
                  000014ce    00000040     lcd.o (.text.LCD_Init)
                  0000150e    0000003e     main.o (.text.delayMs)
                  0000154c    00000038     libc.a : autoinit.c.obj (.text:__TI_auto_init_nobinit_nopinit)
                  00001584    00000038     libclang_rt.builtins.a : extendsfdf2.S.obj (.text)
                  000015bc    00000034     libc.a : boot_cortex_m.c.obj (.text:_c_int00_noargs)
                  000015f0    00000032     i2c0.o (.text.I2C0_WaitDone)
                  00001622    0000002e     lcd.o (.text.LCD_TestInit)
                  00001650    0000002e     uart.o (.text.UART0_WriteChar)
                  0000167e    00000026     lcd.o (.text.LCD_Command)
                  000016a4    00000024     gpio.o (.text.LED_Set)
                  000016c8    00000024     uart.o (.text.UART0_WriteString)
                  000016ec    00000018     lcd.o (.text.LCD_WriteChar)
                  00001704    00000016     lcd.o (.text.Delay_ms)
                  0000171a    00000012     libc.a : memcpy_t2.S.obj (.text:TI_memcpy_small)
                  0000172c    00000012            : copy_zero_init.c.obj (.text:decompress:ZI:__TI_zero_init_nomemset)
                  0000173e    00000010     am2301b.o (.text.AM2301B_Init)
                  0000174e    0000000e     libc.a : copy_decompress_none.c.obj (.text:decompress:none)
                  0000175c    00000006     startup_ccs.o (.text.ResetISR)
                  00001762    00000006     driverlib.lib : sysctl.obj (.text:SysCtlDelay)
                  00001768    00000006     libc.a : exit.c.obj (.text:abort)
                  0000176e    00000004     startup_ccs.o (.text.FaultISR)
                  00001772    00000004     libsysbm.a : hostexit.c.obj (.text.HOSTexit)
                  00001776    00000004     startup_ccs.o (.text.IntDefaultHandler)
                  0000177a    00000004     startup_ccs.o (.text.NmiSR)
                  0000177e    00000004     libclang_rt.builtins.a : aeabi_dmul.c.obj (.text.__aeabi_dmul)
                  00001782    00000004     libc.a : pre_init.c.obj (.text._system_pre_init)
                  00001786    00000002     --HOLE-- [fill = 0]
                  00001788    00000004     libclang_rt.builtins.a : aeabi_memcpy.S.obj (.text)

.rodata    0    0000178c    00000085     
                  0000178c    0000000f     state.o (.rodata.str1.10594799503128334244.1)
                  0000179b    0000000e     state.o (.rodata.str1.10899599654568504247.1)
                  000017a9    0000000e     main.o (.rodata.str1.15159059442110792349.1)
                  000017b7    0000000d     i2c0.o (.rodata.str1.16857564704301768665.1)
                  000017c4    0000000d     state.o (.rodata.str1.8650044326576809537.1)
                  000017d1    0000000c     i2c0.o (.rodata.str1.561729138136085595.1)
                  000017dd    0000000b     state.o (.rodata.str1.9409152763965699502.1)
                  000017e8    0000000a     main.o (.rodata.str1.8154729771448623357.1)
                  000017f2    0000000a     i2c0.o (.rodata.str1.8640563807904019103.1)
                  000017fc    00000009     main.o (.rodata.str1.18227636981041470289.1)
                  00001805    00000005     main.o (.rodata.str1.2846389346932560359.1)
                  0000180a    00000004     main.o (.rodata.str1.17100691992556644108.1)
                  0000180e    00000003     i2c0.o (.rodata.str1.5697117810892938982.1)

.cinit     0    00001814    0000002c     
                  00001814    0000000c     (__TI_handler_table)
                  00001820    00000008     (.cinit..bss.load) [load image, compression = zero_init]
                  00001828    00000006     (.cinit..data.load) [load image, compression = lzss]
                  0000182e    00000002     --HOLE-- [fill = 0]
                  00001830    00000010     (__TI_cinit_table)

.init_array 
*          0    00000000    00000000     UNINITIALIZED

.bss       0    20000100    0000000a     UNINITIALIZED
                  20000100    0000000a     (.common:system)

.data      0    2000010a    00000002     UNINITIALIZED
                  2000010a    00000001     gpio.o (.data.last_sw1)
                  2000010b    00000001     gpio.o (.data.last_sw2)

.stack     0    20000000    00000100     UNINITIALIZED
                  20000000    00000004     libc.a : boot_cortex_m.c.obj (.stack)
                  20000004    000000fc     --HOLE--

__llvm_prf_cnts 
*          0    20000000    00000000     UNINITIALIZED

__llvm_prf_bits 
*          0    20000000    00000000     UNINITIALIZED

MODULE SUMMARY

       Module                       code   ro data   rw data
       ------                       ----   -------   -------
    .\
       startup_ccs.o                18     620       0      
    +--+----------------------------+------+---------+---------+
       Total:                       18     620       0      
                                                            
    .\Application\
       main.o                       480    42        10     
       state.o                      384    53        0      
    +--+----------------------------+------+---------+---------+
       Total:                       864    95        10     
                                                            
    .\Devices\AM2301b\
       am2301b.o                    384    0         0      
    +--+----------------------------+------+---------+---------+
       Total:                       384    0         0      
                                                            
    .\Devices\LCD\
       lcd.o                        484    0         0      
    +--+----------------------------+------+---------+---------+
       Total:                       484    0         0      
                                                            
    .\Drivers\ADC\
       adc.o                        258    0         0      
    +--+----------------------------+------+---------+---------+
       Total:                       258    0         0      
                                                            
    .\Drivers\GPIO\
       gpio.o                       348    0         2      
    +--+----------------------------+------+---------+---------+
       Total:                       348    0         2      
                                                            
    .\Drivers\I2C\
       i2c0.o                       1162   38        0      
    +--+----------------------------+------+---------+---------+
       Total:                       1162   38        0      
                                                            
    .\Drivers\UART\
       uart.o                       478    0         0      
    +--+----------------------------+------+---------+---------+
       Total:                       478    0         0      
                                                            
    C:/TI/TivaWare_C_Series-2.2.0.295/driverlib/ccs/Debug/driverlib.lib
       sysctl.obj                   250    0         0      
    +--+----------------------------+------+---------+---------+
       Total:                       250    0         0      
                                                            
    D:\ti\ccs2100\ccs\tools\compiler\ti-cgt-armllvm_5.1.1.LTS\lib\armv7em-ti-none-eabihf/c/libc.a
       copy_decompress_lzss.c.obj   116    0         0      
       autoinit.c.obj               56     0         0      
       boot_cortex_m.c.obj          52     0         0      
       copy_zero_init.c.obj         18     0         0      
       memcpy_t2.S.obj              18     0         0      
       copy_decompress_none.c.obj   14     0         0      
       exit.c.obj                   6      0         0      
       pre_init.c.obj               4      0         0      
    +--+----------------------------+------+---------+---------+
       Total:                       284    0         0      
                                                            
    D:\ti\ccs2100\ccs\tools\compiler\ti-cgt-armllvm_5.1.1.LTS\lib\armv7em-ti-none-eabihf/c/libsysbm.a
       hostexit.c.obj               4      0         0      
    +--+----------------------------+------+---------+---------+
       Total:                       4      0         0      
                                                            
    D:\ti\ccs2100\ccs\tools\compiler\ti-cgt-armllvm_5.1.1.LTS\lib\armv7em-ti-none-eabihf/libclang_rt.builtins.a
       adddf3.S.obj                 438    0         0      
       muldf3.S.obj                 252    0         0      
       truncdfsf2.S.obj             110    0         0      
       extendsfdf2.S.obj            56     0         0      
       aeabi_dmul.c.obj             4      0         0      
       aeabi_memcpy.S.obj           4      0         0      
    +--+----------------------------+------+---------+---------+
       Total:                       864    0         0      
                                                            
       Stack:                       0      0         256    
       Linker Generated:            0      42        0      
    +--+----------------------------+------+---------+---------+
       Grand Total:                 5398   795       268    


LINKER GENERATED COPY TABLES

__TI_cinit_table @ 00001830 records: 2, size/record: 8, table size: 16
	.bss: load addr=00001820, load size=00000008 bytes, run addr=20000100, run size=0000000a bytes, compression=zero_init
	.data: load addr=00001828, load size=00000006 bytes, run addr=2000010a, run size=00000002 bytes, compression=lzss


LINKER GENERATED HANDLER TABLE

__TI_handler_table @ 00001814 records: 3, size/record: 4, table size: 12
	index: 0, handler: __TI_decompress_lzss
	index: 1, handler: __TI_decompress_none
	index: 2, handler: __TI_zero_init


GLOBAL SYMBOLS: SORTED ALPHABETICALLY BY Name 

address   name                          
-------   ----                          
00000f99  ADC0_Init                     
00001489  ADC0_Read                     
0000173f  AM2301B_Init                  
000005a9  AM2301B_Read                  
00001055  Button_Read                   
00001772  C$$EXIT                       
00000b49  Display_Data_To_Putty         
00001773  HOSTexit                      
00000719  I2C0_BurstWrite               
00000ed7  I2C0_Init                     
000013cf  I2C0_ProbeAddr                
0000083b  I2C0_ReadBytes                
00000e0d  I2C0_ScanBus                  
00000a51  I2C0_WriteBytesOnly           
00001437  I2C0_WriteCmdOnly             
0000167f  LCD_Command                   
000014cf  LCD_Init                      
00001623  LCD_TestInit                  
000016ed  LCD_WriteChar                 
000016a5  LED_Set                       
00001269  PortF_Init                    
0000175d  ResetISR                      
00000429  StateMachine_Run              
00000c3d  SysCtlClockSet                
00001763  SysCtlDelay                   
0000171b  TI_memcpy_small               
00000d31  UART0_Init                    
00001651  UART0_WriteChar               
0000110b  UART0_WriteInt                
000016c9  UART0_WriteString             
20000100  __STACK_END                   
00000100  __STACK_SIZE                  
20000100  __STACK_TOP                   
00000000  __TI_ATRegion0_region_sz      
00000000  __TI_ATRegion0_src_addr       
00000000  __TI_ATRegion0_trg_addr       
00000000  __TI_ATRegion1_region_sz      
00000000  __TI_ATRegion1_src_addr       
00000000  __TI_ATRegion1_trg_addr       
00000000  __TI_ATRegion2_region_sz      
00000000  __TI_ATRegion2_src_addr       
00000000  __TI_ATRegion2_trg_addr       
00001830  __TI_CINIT_Base               
00001840  __TI_CINIT_Limit              
00001840  __TI_CINIT_Warm               
00001814  __TI_Handler_Table_Base       
00001820  __TI_Handler_Table_Limit      
0000154d  __TI_auto_init_nobinit_nopinit
000012eb  __TI_decompress_lzss          
0000174f  __TI_decompress_none          
ffffffff  __TI_pprof_out_hndl           
ffffffff  __TI_prof_data_size           
ffffffff  __TI_prof_data_start          
00000000  __TI_static_base__            
0000172d  __TI_zero_init_nomemset       
0000027b  __adddf3                      
00001361  __aeabi_d2f                   
0000027b  __aeabi_dadd                  
0000177f  __aeabi_dmul                  
00000271  __aeabi_dsub                  
00001585  __aeabi_f2d                   
00001789  __aeabi_memcpy                
00001789  __aeabi_memcpy4               
00001789  __aeabi_memcpy8               
ffffffff  __binit__                     
00001585  __extendsfdf2                 
UNDEFED   __mpu_init                    
00000955  __muldf3                      
20000000  __stack                       
20000000  __start___llvm_prf_bits       
20000000  __start___llvm_prf_cnts       
20000000  __stop___llvm_prf_bits        
20000000  __stop___llvm_prf_cnts        
00000271  __subdf3                      
00001361  __truncdfsf2                  
000015bd  _c_int00_noargs               
UNDEFED   _system_post_cinit            
00001783  _system_pre_init              
00001769  abort                         
ffffffff  binit                         
0000150f  delayMs                       
00000000  g_pfnVectors                  
000011bb  main                          
20000100  system                        


GLOBAL SYMBOLS: SORTED BY Symbol Address 

address   name                          
-------   ----                          
00000000  __TI_ATRegion0_region_sz      
00000000  __TI_ATRegion0_src_addr       
00000000  __TI_ATRegion0_trg_addr       
00000000  __TI_ATRegion1_region_sz      
00000000  __TI_ATRegion1_src_addr       
00000000  __TI_ATRegion1_trg_addr       
00000000  __TI_ATRegion2_region_sz      
00000000  __TI_ATRegion2_src_addr       
00000000  __TI_ATRegion2_trg_addr       
00000000  __TI_static_base__            
00000000  g_pfnVectors                  
00000100  __STACK_SIZE                  
00000271  __aeabi_dsub                  
00000271  __subdf3                      
0000027b  __adddf3                      
0000027b  __aeabi_dadd                  
00000429  StateMachine_Run              
000005a9  AM2301B_Read                  
00000719  I2C0_BurstWrite               
0000083b  I2C0_ReadBytes                
00000955  __muldf3                      
00000a51  I2C0_WriteBytesOnly           
00000b49  Display_Data_To_Putty         
00000c3d  SysCtlClockSet                
00000d31  UART0_Init                    
00000e0d  I2C0_ScanBus                  
00000ed7  I2C0_Init                     
00000f99  ADC0_Init                     
00001055  Button_Read                   
0000110b  UART0_WriteInt                
000011bb  main                          
00001269  PortF_Init                    
000012eb  __TI_decompress_lzss          
00001361  __aeabi_d2f                   
00001361  __truncdfsf2                  
000013cf  I2C0_ProbeAddr                
00001437  I2C0_WriteCmdOnly             
00001489  ADC0_Read                     
000014cf  LCD_Init                      
0000150f  delayMs                       
0000154d  __TI_auto_init_nobinit_nopinit
00001585  __aeabi_f2d                   
00001585  __extendsfdf2                 
000015bd  _c_int00_noargs               
00001623  LCD_TestInit                  
00001651  UART0_WriteChar               
0000167f  LCD_Command                   
000016a5  LED_Set                       
000016c9  UART0_WriteString             
000016ed  LCD_WriteChar                 
0000171b  TI_memcpy_small               
0000172d  __TI_zero_init_nomemset       
0000173f  AM2301B_Init                  
0000174f  __TI_decompress_none          
0000175d  ResetISR                      
00001763  SysCtlDelay                   
00001769  abort                         
00001772  C$$EXIT                       
00001773  HOSTexit                      
0000177f  __aeabi_dmul                  
00001783  _system_pre_init              
00001789  __aeabi_memcpy                
00001789  __aeabi_memcpy4               
00001789  __aeabi_memcpy8               
00001814  __TI_Handler_Table_Base       
00001820  __TI_Handler_Table_Limit      
00001830  __TI_CINIT_Base               
00001840  __TI_CINIT_Limit              
00001840  __TI_CINIT_Warm               
20000000  __stack                       
20000000  __start___llvm_prf_bits       
20000000  __start___llvm_prf_cnts       
20000000  __stop___llvm_prf_bits        
20000000  __stop___llvm_prf_cnts        
20000100  __STACK_END                   
20000100  __STACK_TOP                   
20000100  system                        
ffffffff  __TI_pprof_out_hndl           
ffffffff  __TI_prof_data_size           
ffffffff  __TI_prof_data_start          
ffffffff  __binit__                     
ffffffff  binit                         
UNDEFED   __mpu_init                    
UNDEFED   _system_post_cinit            

[84 symbols]
