******************************************************************************
            TI ARM Clang Linker PC v5.1.1                      
******************************************************************************
>> Linked Wed Jul  8 15:55:06 2026

OUTPUT FILE NAME:   <project0.out>
ENTRY POINT SYMBOL: "_c_int00_noargs"  address: 000007e9


MEMORY CONFIGURATION

         name            origin    length      used     unused   attr    fill
----------------------  --------  ---------  --------  --------  ----  --------
  FLASH                 00000000   00040000  00000951  0003f6af  R  X
  SRAM                  20000000   00008000  00000105  00007efb  RW X


SEGMENT ALLOCATION MAP

run origin  load origin   length   init length attrs members
----------  ----------- ---------- ----------- ----- -------
00000000    00000000    00000954   00000954    r-x
  00000000    00000000    0000026c   0000026c    r-- .intvecs
  0000026c    0000026c    00000684   00000684    r-x .text
  000008f0    000008f0    00000035   00000035    r-- .rodata
  00000928    00000928    0000002c   0000002c    r-- .cinit
20000000    20000000    00000105   00000000    rw-
  20000000    20000000    00000100   00000000    rw- .stack
  20000100    20000100    00000003   00000000    rw- .bss
  20000103    20000103    00000002   00000000    rw- .data


SECTION ALLOCATION MAP

 output                                  attributes/
section   page    origin      length       input sections
--------  ----  ----------  ----------   ----------------
.intvecs   0    00000000    0000026c     
                  00000000    0000026c     startup_ccs.o (.intvecs)

.text      0    0000026c    00000684     
                  0000026c    00000180     state.o (.text.StateMachine_Run)
                  000003ec    000000f4     driverlib.lib : sysctl.obj (.text:SysCtlClockSet)
                  000004e0    000000dc     uart.o (.text.UART0_Init)
                  000005bc    000000b6     gpio.o (.text.Button_Read)
                  00000672    00000082     gpio.o (.text.PortF_Init)
                  000006f4    00000074     libc.a : copy_decompress_lzss.c.obj (.text:decompress:lzss)
                  00000768    00000046     main.o (.text.main)
                  000007ae    00000002     --HOLE-- [fill = 0]
                  000007b0    00000038     libc.a : autoinit.c.obj (.text:__TI_auto_init_nobinit_nopinit)
                  000007e8    00000034            : boot_cortex_m.c.obj (.text:_c_int00_noargs)
                  0000081c    0000002e     uart.o (.text.UART0_WriteChar)
                  0000084a    00000024     gpio.o (.text.LED_Set)
                  0000086e    00000024     uart.o (.text.UART0_WriteString)
                  00000892    00000012     libc.a : memcpy_t2.S.obj (.text:TI_memcpy_small)
                  000008a4    00000012            : copy_zero_init.c.obj (.text:decompress:ZI:__TI_zero_init_nomemset)
                  000008b6    0000000e            : copy_decompress_none.c.obj (.text:decompress:none)
                  000008c4    00000006     startup_ccs.o (.text.ResetISR)
                  000008ca    00000006     driverlib.lib : sysctl.obj (.text:SysCtlDelay)
                  000008d0    00000006     libc.a : exit.c.obj (.text:abort)
                  000008d6    00000004     startup_ccs.o (.text.FaultISR)
                  000008da    00000004     libsysbm.a : hostexit.c.obj (.text.HOSTexit)
                  000008de    00000004     startup_ccs.o (.text.IntDefaultHandler)
                  000008e2    00000004     startup_ccs.o (.text.NmiSR)
                  000008e6    00000004     libc.a : pre_init.c.obj (.text._system_pre_init)
                  000008ea    00000002     --HOLE-- [fill = 0]
                  000008ec    00000004     libclang_rt.builtins.a : aeabi_memcpy.S.obj (.text)

.rodata    0    000008f0    00000035     
                  000008f0    0000000f     state.o (.rodata.str1.10594799503128334244.1)
                  000008ff    0000000e     state.o (.rodata.str1.10899599654568504247.1)
                  0000090d    0000000d     state.o (.rodata.str1.8650044326576809537.1)
                  0000091a    0000000b     state.o (.rodata.str1.9409152763965699502.1)

.cinit     0    00000928    0000002c     
                  00000928    0000000c     (__TI_handler_table)
                  00000934    00000008     (.cinit..bss.load) [load image, compression = zero_init]
                  0000093c    00000006     (.cinit..data.load) [load image, compression = lzss]
                  00000942    00000002     --HOLE-- [fill = 0]
                  00000944    00000010     (__TI_cinit_table)

.init_array 
*          0    00000000    00000000     UNINITIALIZED

.bss       0    20000100    00000003     UNINITIALIZED
                  20000100    00000003     (.common:system)

.data      0    20000103    00000002     UNINITIALIZED
                  20000103    00000001     gpio.o (.data.last_sw1)
                  20000104    00000001     gpio.o (.data.last_sw2)

.stack     0    20000000    00000100     UNINITIALIZED
                  20000000    00000004     libc.a : boot_cortex_m.c.obj (.stack)
                  20000004    000000fc     --HOLE--

__llvm_prf_cnts 
*          0    20000000    00000000     UNINITIALIZED

__llvm_prf_bits 
*          0    20000000    00000000     UNINITIALIZED

MODULE SUMMARY

       Module                       code   ro data   rw data
       ------                       ----   -------   -------
    .\
       startup_ccs.o                18     620       0      
       state.o                      384    53        0      
       gpio.o                       348    0         2      
       uart.o                       302    0         0      
       main.o                       70     0         3      
    +--+----------------------------+------+---------+---------+
       Total:                       1122   673       5      
                                                            
    C:/TI/TivaWare_C_Series-2.2.0.295/driverlib/ccs/Debug/driverlib.lib
       sysctl.obj                   250    0         0      
    +--+----------------------------+------+---------+---------+
       Total:                       250    0         0      
                                                            
    D:\ti\ccs2100\ccs\tools\compiler\ti-cgt-armllvm_5.1.1.LTS\lib\armv7em-ti-none-eabihf/c/libc.a
       copy_decompress_lzss.c.obj   116    0         0      
       autoinit.c.obj               56     0         0      
       boot_cortex_m.c.obj          52     0         0      
       copy_zero_init.c.obj         18     0         0      
       memcpy_t2.S.obj              18     0         0      
       copy_decompress_none.c.obj   14     0         0      
       exit.c.obj                   6      0         0      
       pre_init.c.obj               4      0         0      
    +--+----------------------------+------+---------+---------+
       Total:                       284    0         0      
                                                            
    D:\ti\ccs2100\ccs\tools\compiler\ti-cgt-armllvm_5.1.1.LTS\lib\armv7em-ti-none-eabihf/c/libsysbm.a
       hostexit.c.obj               4      0         0      
    +--+----------------------------+------+---------+---------+
       Total:                       4      0         0      
                                                            
    D:\ti\ccs2100\ccs\tools\compiler\ti-cgt-armllvm_5.1.1.LTS\lib\armv7em-ti-none-eabihf/libclang_rt.builtins.a
       aeabi_memcpy.S.obj           4      0         0      
    +--+----------------------------+------+---------+---------+
       Total:                       4      0         0      
                                                            
       Stack:                       0      0         256    
       Linker Generated:            0      42        0      
    +--+----------------------------+------+---------+---------+
       Grand Total:                 1664   715       261    


LINKER GENERATED COPY TABLES

__TI_cinit_table @ 00000944 records: 2, size/record: 8, table size: 16
	.bss: load addr=00000934, load size=00000008 bytes, run addr=20000100, run size=00000003 bytes, compression=zero_init
	.data: load addr=0000093c, load size=00000006 bytes, run addr=20000103, run size=00000002 bytes, compression=lzss


LINKER GENERATED HANDLER TABLE

__TI_handler_table @ 00000928 records: 3, size/record: 4, table size: 12
	index: 0, handler: __TI_decompress_lzss
	index: 1, handler: __TI_decompress_none
	index: 2, handler: __TI_zero_init


GLOBAL SYMBOLS: SORTED ALPHABETICALLY BY Name 

address   name                          
-------   ----                          
000005bd  Button_Read                   
000008da  C$$EXIT                       
000008db  HOSTexit                      
0000084b  LED_Set                       
00000673  PortF_Init                    
000008c5  ResetISR                      
0000026d  StateMachine_Run              
000003ed  SysCtlClockSet                
000008cb  SysCtlDelay                   
00000893  TI_memcpy_small               
000004e1  UART0_Init                    
0000081d  UART0_WriteChar               
0000086f  UART0_WriteString             
20000100  __STACK_END                   
00000100  __STACK_SIZE                  
20000100  __STACK_TOP                   
00000000  __TI_ATRegion0_region_sz      
00000000  __TI_ATRegion0_src_addr       
00000000  __TI_ATRegion0_trg_addr       
00000000  __TI_ATRegion1_region_sz      
00000000  __TI_ATRegion1_src_addr       
00000000  __TI_ATRegion1_trg_addr       
00000000  __TI_ATRegion2_region_sz      
00000000  __TI_ATRegion2_src_addr       
00000000  __TI_ATRegion2_trg_addr       
00000944  __TI_CINIT_Base               
00000954  __TI_CINIT_Limit              
00000954  __TI_CINIT_Warm               
00000928  __TI_Handler_Table_Base       
00000934  __TI_Handler_Table_Limit      
000007b1  __TI_auto_init_nobinit_nopinit
000006f5  __TI_decompress_lzss          
000008b7  __TI_decompress_none          
ffffffff  __TI_pprof_out_hndl           
ffffffff  __TI_prof_data_size           
ffffffff  __TI_prof_data_start          
00000000  __TI_static_base__            
000008a5  __TI_zero_init_nomemset       
000008ed  __aeabi_memcpy                
000008ed  __aeabi_memcpy4               
000008ed  __aeabi_memcpy8               
ffffffff  __binit__                     
UNDEFED   __mpu_init                    
20000000  __stack                       
20000000  __start___llvm_prf_bits       
20000000  __start___llvm_prf_cnts       
20000000  __stop___llvm_prf_bits        
20000000  __stop___llvm_prf_cnts        
000007e9  _c_int00_noargs               
UNDEFED   _system_post_cinit            
000008e7  _system_pre_init              
000008d1  abort                         
ffffffff  binit                         
00000000  g_pfnVectors                  
00000769  main                          
20000100  system                        


GLOBAL SYMBOLS: SORTED BY Symbol Address 

address   name                          
-------   ----                          
00000000  __TI_ATRegion0_region_sz      
00000000  __TI_ATRegion0_src_addr       
00000000  __TI_ATRegion0_trg_addr       
00000000  __TI_ATRegion1_region_sz      
00000000  __TI_ATRegion1_src_addr       
00000000  __TI_ATRegion1_trg_addr       
00000000  __TI_ATRegion2_region_sz      
00000000  __TI_ATRegion2_src_addr       
00000000  __TI_ATRegion2_trg_addr       
00000000  __TI_static_base__            
00000000  g_pfnVectors                  
00000100  __STACK_SIZE                  
0000026d  StateMachine_Run              
000003ed  SysCtlClockSet                
000004e1  UART0_Init                    
000005bd  Button_Read                   
00000673  PortF_Init                    
000006f5  __TI_decompress_lzss          
00000769  main                          
000007b1  __TI_auto_init_nobinit_nopinit
000007e9  _c_int00_noargs               
0000081d  UART0_WriteChar               
0000084b  LED_Set                       
0000086f  UART0_WriteString             
00000893  TI_memcpy_small               
000008a5  __TI_zero_init_nomemset       
000008b7  __TI_decompress_none          
000008c5  ResetISR                      
000008cb  SysCtlDelay                   
000008d1  abort                         
000008da  C$$EXIT                       
000008db  HOSTexit                      
000008e7  _system_pre_init              
000008ed  __aeabi_memcpy                
000008ed  __aeabi_memcpy4               
000008ed  __aeabi_memcpy8               
00000928  __TI_Handler_Table_Base       
00000934  __TI_Handler_Table_Limit      
00000944  __TI_CINIT_Base               
00000954  __TI_CINIT_Limit              
00000954  __TI_CINIT_Warm               
20000000  __stack                       
20000000  __start___llvm_prf_bits       
20000000  __start___llvm_prf_cnts       
20000000  __stop___llvm_prf_bits        
20000000  __stop___llvm_prf_cnts        
20000100  __STACK_END                   
20000100  __STACK_TOP                   
20000100  system                        
ffffffff  __TI_pprof_out_hndl           
ffffffff  __TI_prof_data_size           
ffffffff  __TI_prof_data_start          
ffffffff  __binit__                     
ffffffff  binit                         
UNDEFED   __mpu_init                    
UNDEFED   _system_post_cinit            

[56 symbols]
