******************************************************************************
            TI ARM Clang Linker PC v5.1.1                      
******************************************************************************
>> Linked Wed Jul 29 14:55:43 2026

OUTPUT FILE NAME:   <project0.out>
ENTRY POINT SYMBOL: "_c_int00_noargs"  address: 00001e21


MEMORY CONFIGURATION

         name            origin    length      used     unused   attr    fill
----------------------  --------  ---------  --------  --------  ----  --------
  FLASH                 00000000   00040000  000023bd  0003dc43  R  X
  SRAM                  20000000   00008000  00000915  000076eb  RW X


SEGMENT ALLOCATION MAP

run origin  load origin   length   init length attrs members
----------  ----------- ---------- ----------- ----- -------
00000000    00000000    000023c4   000023c4    r-x
  00000000    00000000    0000026c   0000026c    r-- .intvecs
  00000270    00000270    00001f00   00001f00    r-x .text
  00002170    00002170    0000006c   0000006c    r-- .const
  000021dc    000021dc    000001b9   000001b9    r-- .rodata
  00002398    00002398    0000002c   0000002c    r-- .cinit
20000000    20000000    0000091b   00000000    rw-
  20000000    20000000    0000080a   00000000    rw- .bss
  20000810    20000810    00000100   00000000    rw- .stack
  20000910    20000910    0000000b   00000000    rw- .data


SECTION ALLOCATION MAP

 output                                  attributes/
section   page    origin      length       input sections
--------  ----  ----------  ----------   ----------------
.intvecs   0    00000000    0000026c     
                  00000000    0000026c     startup_ccs.o (.intvecs)

.text      0    00000270    00001f00     
                  00000270    00000254     libc.a : _printfi.c.obj (.text:__TI_printfi_minimal)
                  000004c4    00000202     main.o (.text.main)
                  000006c6    00000002     --HOLE-- [fill = 0]
                  000006c8    000001b6     libclang_rt.builtins.a : adddf3.S.obj (.text)
                  0000087e    00000002     --HOLE-- [fill = 0]
                  00000880    00000180     state.o (.text.StateMachine_Run)
                  00000a00    00000170     am2301b.o (.text.AM2301B_Read)
                  00000b70    00000122     lcd.o (.text.I2C0_BurstWrite)
                  00000c92    0000011a     i2c0.o (.text.I2C0_ReadBytes)
                  00000dac    0000011a     uart1.o (.text.UART1_RxBufferContainsPattern)
                  00000ec6    00000002     --HOLE-- [fill = 0]
                  00000ec8    00000118     driverlib.lib : sysctl.obj (.text:SysCtlClockGet)
                  00000fe0    00000108     uart1.o (.text.UART1_Init)
                  000010e8    000000fc     libclang_rt.builtins.a : muldf3.S.obj (.text)
                  000011e4    000000f8     i2c0.o (.text.I2C0_WriteBytesOnly)
                  000012dc    000000f4     main.o (.text.Display_Data_To_Putty)
                  000013d0    000000f4     driverlib.lib : sysctl.obj (.text:SysCtlClockSet)
                  000014c4    000000dc     uart.o (.text.UART0_Init)
                  000015a0    000000ca     i2c0.o (.text.I2C0_ScanBus)
                  0000166a    000000c2     i2c0.o (.text.I2C0_Init)
                  0000172c    000000bc     adc.o (.text.ADC0_Init)
                  000017e8    000000b6     gpio.o (.text.Button_Read)
                  0000189e    000000b0     uart.o (.text.UART0_WriteInt)
                  0000194e    000000a8     uart1.o (.text.AT_Send_Command)
                  000019f6    00000096     uart1.o (.text.UART1_Handler)
                  00001a8c    00000082     gpio.o (.text.PortF_Init)
                  00001b0e    00000074     libc.a : copy_decompress_lzss.c.obj (.text:decompress:lzss)
                  00001b82    00000002     --HOLE-- [fill = 0]
                  00001b84    0000006e     libclang_rt.builtins.a : truncdfsf2.S.obj (.text)
                  00001bf2    00000068     i2c0.o (.text.I2C0_ProbeAddr)
                  00001c5a    00000052     i2c0.o (.text.I2C0_WriteCmdOnly)
                  00001cac    00000046     adc.o (.text.ADC0_Read)
                  00001cf2    00000046     uart1.o (.text.UART1_ClearRxBuffer)
                  00001d38    00000040     lcd.o (.text.LCD_Init)
                  00001d78    00000038     libc.a : sprintf.c.obj (.text.sprintf)
                  00001db0    00000038            : autoinit.c.obj (.text:__TI_auto_init_nobinit_nopinit)
                  00001de8    00000038     libclang_rt.builtins.a : extendsfdf2.S.obj (.text)
                  00001e20    00000034     libc.a : boot_cortex_m.c.obj (.text:_c_int00_noargs)
                  00001e54    00000032     lcd.o (.text.Delay_ms)
                  00001e86    00000032     main.o (.text.Delay_ms)
                  00001eb8    00000032     i2c0.o (.text.I2C0_WaitDone)
                  00001eea    0000002e     lcd.o (.text.LCD_TestInit)
                  00001f18    0000002e     uart.o (.text.UART0_WriteChar)
                  00001f46    0000002e     uart1.o (.text.UART1_WriteChar)
                  00001f74    00000026     lcd.o (.text.LCD_Command)
                  00001f9a    00000024     gpio.o (.text.LED_Set)
                  00001fbe    00000024     uart.o (.text.UART0_WriteString)
                  00001fe2    00000024     uart1.o (.text.UART1_DelayMs)
                  00002006    00000022     uart1.o (.text.UART1_TicksPerMs)
                  00002028    00000022     uart1.o (.text.UART1_WriteString)
                  0000204a    00000022     libc.a : memccpy.c.obj (.text.memccpy)
                  0000206c    00000018     lcd.o (.text.LCD_WriteChar)
                  00002084    00000018     libc.a : sprintf.c.obj (.text._outs)
                  0000209c    00000012            : memcpy_t2.S.obj (.text:TI_memcpy_small)
                  000020ae    00000002     --HOLE-- [fill = 0]
                  000020b0    00000012     libclang_rt.builtins.a : aeabi_memset.S.obj (.text)
                  000020c2    00000010     am2301b.o (.text.AM2301B_Init)
                  000020d2    00000010     driverlib.lib : interrupt.obj (.text:IntMasterEnable)
                  000020e2    00000010     libc.a : copy_zero_init.c.obj (.text:decompress:ZI)
                  000020f2    0000000e            : _printfi.c.obj (.text.strlen)
                  00002100    0000000e            : strlen.c.obj (.text.strlen)
                  0000210e    0000000e            : memset_t2.S.obj (.text:TI_memset_small)
                  0000211c    0000000e            : copy_decompress_none.c.obj (.text:decompress:none)
                  0000212a    0000000c     driverlib.lib : cpu.obj (.text:CPUcpsie)
                  00002136    0000000a     libc.a : sprintf.c.obj (.text._outc)
                  00002140    00000006     startup_ccs.o (.text.ResetISR)
                  00002146    00000006     driverlib.lib : sysctl.obj (.text:SysCtlDelay)
                  0000214c    00000006     libc.a : exit.c.obj (.text:abort)
                  00002152    00000004     startup_ccs.o (.text.FaultISR)
                  00002156    00000004     libsysbm.a : hostexit.c.obj (.text.HOSTexit)
                  0000215a    00000004     startup_ccs.o (.text.IntDefaultHandler)
                  0000215e    00000004     startup_ccs.o (.text.NmiSR)
                  00002162    00000004     libclang_rt.builtins.a : aeabi_dmul.c.obj (.text.__aeabi_dmul)
                  00002166    00000004     libc.a : pre_init.c.obj (.text._system_pre_init)
                  0000216a    00000002     --HOLE-- [fill = 0]
                  0000216c    00000004     libclang_rt.builtins.a : aeabi_memcpy.S.obj (.text)

.const     0    00002170    0000006c     
                  00002170    0000006c     driverlib.lib : sysctl.obj (.const:g_pui32Xtals)

.rodata    0    000021dc    000001b9     
                  000021dc    00000020     main.o (.rodata.str1.15159059442110792349.1)
                  000021fc    0000001b     main.o (.rodata.str1.14402440632258215044.1)
                  00002217    00000018     main.o (.rodata.str1.9059077390166914652.1)
                  0000222f    00000014     main.o (.rodata.str1.14112174005742061988.1)
                  00002243    00000012     main.o (.rodata.str1.288608917962107522.1)
                  00002255    00000011     main.o (.rodata.str1.11870794119293528247.1)
                  00002266    00000011     libc.a : _printfi.c.obj (.rodata.str1.15363888844622738466.1)
                  00002277    00000011     main.o (.rodata.str1.15996357275703397564.1)
                  00002288    00000011     main.o (.rodata.str1.2763581881760962609.1)
                  00002299    0000000f     state.o (.rodata.str1.10594799503128334244.1)
                  000022a8    0000000f     main.o (.rodata.str1.14079361385603432444.1)
                  000022b7    0000000f     main.o (.rodata.str1.16265332423659789559.1)
                  000022c6    0000000f     main.o (.rodata.str1.8108965883388295311.1)
                  000022d5    0000000e     main.o (.rodata.str1.10313062130652730376.1)
                  000022e3    0000000e     state.o (.rodata.str1.10899599654568504247.1)
                  000022f1    0000000d     i2c0.o (.rodata.str1.16857564704301768665.1)
                  000022fe    0000000d     state.o (.rodata.str1.8650044326576809537.1)
                  0000230b    0000000c     main.o (.rodata.str1.12180500075719773345.1)
                  00002317    0000000c     main.o (.rodata.str1.2123964117280943167.1)
                  00002323    0000000c     i2c0.o (.rodata.str1.561729138136085595.1)
                  0000232f    0000000b     main.o (.rodata.str1.2846389346932560359.1)
                  0000233a    0000000b     state.o (.rodata.str1.9409152763965699502.1)
                  00002345    0000000a     main.o (.rodata.str1.6891813955777630061.1)
                  0000234f    0000000a     i2c0.o (.rodata.str1.8640563807904019103.1)
                  00002359    00000009     main.o (.rodata.str1.17376258722486336754.1)
                  00002362    00000009     main.o (.rodata.str1.18227636981041470289.1)
                  0000236b    00000009     main.o (.rodata.str1.7702501944640899365.1)
                  00002374    00000009     main.o (.rodata.str1.8076846746581808073.1)
                  0000237d    00000006     uart1.o (.rodata.str1.12747660023304419868.1)
                  00002383    00000005     main.o (.rodata.str1.16631870348416990953.1)
                  00002388    00000004     main.o (.rodata.str1.13782249893155712474.1)
                  0000238c    00000003     main.o (.rodata.str1.17100691992556644108.1)
                  0000238f    00000003     i2c0.o (.rodata.str1.5697117810892938982.1)
                  00002392    00000003     main.o (.rodata.str1.8154729771448623357.1)

.cinit     0    00002398    0000002c     
                  00002398    0000000c     (__TI_handler_table)
                  000023a4    00000008     (.cinit..bss.load) [load image, compression = zero_init]
                  000023ac    00000007     (.cinit..data.load) [load image, compression = lzss]
                  000023b3    00000001     --HOLE-- [fill = 0]
                  000023b4    00000010     (__TI_cinit_table)

.init_array 
*          0    00000000    00000000     UNINITIALIZED

.bss       0    20000000    0000080a     UNINITIALIZED
                  20000000    00000800     uart1.o (.bss.rx_buffer)
                  20000800    0000000a     (.common:system)

.data      0    20000910    0000000b     UNINITIALIZED
                  20000910    00000004     uart1.o (.data.rx_head)
                  20000914    00000004     uart1.o (.data.rx_tail)
                  20000918    00000001     gpio.o (.data.last_sw1)
                  20000919    00000001     gpio.o (.data.last_sw2)
                  2000091a    00000001     uart1.o (.data.rx_buffer_overflow)

.stack     0    20000810    00000100     UNINITIALIZED
                  20000810    00000004     libc.a : boot_cortex_m.c.obj (.stack)
                  20000814    000000fc     --HOLE--

__llvm_prf_cnts 
*          0    20000000    00000000     UNINITIALIZED

__llvm_prf_bits 
*          0    20000000    00000000     UNINITIALIZED

MODULE SUMMARY

       Module                       code   ro data   rw data
       ------                       ----   -------   -------
    .\
       startup_ccs.o                18     620       0      
    +--+----------------------------+------+---------+---------+
       Total:                       18     620       0      
                                                            
    .\Application\
       main.o                       808    327       10     
       state.o                      384    53        0      
    +--+----------------------------+------+---------+---------+
       Total:                       1192   380       10     
                                                            
    .\Devices\AM2301b\
       am2301b.o                    384    0         0      
    +--+----------------------------+------+---------+---------+
       Total:                       384    0         0      
                                                            
    .\Devices\LCD\
       lcd.o                        512    0         0      
    +--+----------------------------+------+---------+---------+
       Total:                       512    0         0      
                                                            
    .\Drivers\ADC\
       adc.o                        258    0         0      
    +--+----------------------------+------+---------+---------+
       Total:                       258    0         0      
                                                            
    .\Drivers\GPIO\
       gpio.o                       348    0         2      
    +--+----------------------------+------+---------+---------+
       Total:                       348    0         2      
                                                            
    .\Drivers\I2C\
       i2c0.o                       1162   38        0      
    +--+----------------------------+------+---------+---------+
       Total:                       1162   38        0      
                                                            
    .\Drivers\UART\
       uart1.o                      1084   6         2057   
       uart.o                       478    0         0      
    +--+----------------------------+------+---------+---------+
       Total:                       1562   6         2057   
                                                            
    C:/TI/TivaWare_C_Series-2.2.0.295/driverlib/ccs/Debug/driverlib.lib
       sysctl.obj                   530    108       0      
       interrupt.obj                16     0         0      
       cpu.obj                      12     0         0      
    +--+----------------------------+------+---------+---------+
       Total:                       558    108       0      
                                                            
    D:\ti\ccs2100\ccs\tools\compiler\ti-cgt-armllvm_5.1.1.LTS\lib\armv7em-ti-none-eabihf/c/libc.a
       _printfi.c.obj               610    17        0      
       copy_decompress_lzss.c.obj   116    0         0      
       sprintf.c.obj                90     0         0      
       autoinit.c.obj               56     0         0      
       boot_cortex_m.c.obj          52     0         0      
       memccpy.c.obj                34     0         0      
       memcpy_t2.S.obj              18     0         0      
       copy_zero_init.c.obj         16     0         0      
       copy_decompress_none.c.obj   14     0         0      
       memset_t2.S.obj              14     0         0      
       strlen.c.obj                 14     0         0      
       exit.c.obj                   6      0         0      
       pre_init.c.obj               4      0         0      
    +--+----------------------------+------+---------+---------+
       Total:                       1044   17        0      
                                                            
    D:\ti\ccs2100\ccs\tools\compiler\ti-cgt-armllvm_5.1.1.LTS\lib\armv7em-ti-none-eabihf/c/libsysbm.a
       hostexit.c.obj               4      0         0      
    +--+----------------------------+------+---------+---------+
       Total:                       4      0         0      
                                                            
    D:\ti\ccs2100\ccs\tools\compiler\ti-cgt-armllvm_5.1.1.LTS\lib\armv7em-ti-none-eabihf/libclang_rt.builtins.a
       adddf3.S.obj                 438    0         0      
       muldf3.S.obj                 252    0         0      
       truncdfsf2.S.obj             110    0         0      
       extendsfdf2.S.obj            56     0         0      
       aeabi_memset.S.obj           18     0         0      
       aeabi_dmul.c.obj             4      0         0      
       aeabi_memcpy.S.obj           4      0         0      
    +--+----------------------------+------+---------+---------+
       Total:                       882    0         0      
                                                            
       Stack:                       0      0         256    
       Linker Generated:            0      43        0      
    +--+----------------------------+------+---------+---------+
       Grand Total:                 7924   1212      2325   


LINKER GENERATED COPY TABLES

__TI_cinit_table @ 000023b4 records: 2, size/record: 8, table size: 16
	.bss: load addr=000023a4, load size=00000008 bytes, run addr=20000000, run size=0000080a bytes, compression=zero_init
	.data: load addr=000023ac, load size=00000007 bytes, run addr=20000910, run size=0000000b bytes, compression=lzss


LINKER GENERATED HANDLER TABLE

__TI_handler_table @ 00002398 records: 3, size/record: 4, table size: 12
	index: 0, handler: __TI_decompress_lzss
	index: 1, handler: __TI_decompress_none
	index: 2, handler: __TI_zero_init


GLOBAL SYMBOLS: SORTED ALPHABETICALLY BY Name 

address   name                          
-------   ----                          
0000172d  ADC0_Init                     
00001cad  ADC0_Read                     
000020c3  AM2301B_Init                  
00000a01  AM2301B_Read                  
0000194f  AT_Send_Command               
000017e9  Button_Read                   
00002156  C$$EXIT                       
0000212b  CPUcpsie                      
000012dd  Display_Data_To_Putty         
00002157  HOSTexit                      
00000b71  I2C0_BurstWrite               
0000166b  I2C0_Init                     
00001bf3  I2C0_ProbeAddr                
00000c93  I2C0_ReadBytes                
000015a1  I2C0_ScanBus                  
000011e5  I2C0_WriteBytesOnly           
00001c5b  I2C0_WriteCmdOnly             
000020d3  IntMasterEnable               
00001f75  LCD_Command                   
00001d39  LCD_Init                      
00001eeb  LCD_TestInit                  
0000206d  LCD_WriteChar                 
00001f9b  LED_Set                       
00001a8d  PortF_Init                    
00002141  ResetISR                      
00000881  StateMachine_Run              
00000ec9  SysCtlClockGet                
000013d1  SysCtlClockSet                
00002147  SysCtlDelay                   
0000209d  TI_memcpy_small               
0000210f  TI_memset_small               
000014c5  UART0_Init                    
00001f19  UART0_WriteChar               
0000189f  UART0_WriteInt                
00001fbf  UART0_WriteString             
00001cf3  UART1_ClearRxBuffer           
000019f7  UART1_Handler                 
00000fe1  UART1_Init                    
00001f47  UART1_WriteChar               
00002029  UART1_WriteString             
20000910  __STACK_END                   
00000100  __STACK_SIZE                  
20000910  __STACK_TOP                   
00000000  __TI_ATRegion0_region_sz      
00000000  __TI_ATRegion0_src_addr       
00000000  __TI_ATRegion0_trg_addr       
00000000  __TI_ATRegion1_region_sz      
00000000  __TI_ATRegion1_src_addr       
00000000  __TI_ATRegion1_trg_addr       
00000000  __TI_ATRegion2_region_sz      
00000000  __TI_ATRegion2_src_addr       
00000000  __TI_ATRegion2_trg_addr       
000023b4  __TI_CINIT_Base               
000023c4  __TI_CINIT_Limit              
000023c4  __TI_CINIT_Warm               
00002398  __TI_Handler_Table_Base       
000023a4  __TI_Handler_Table_Limit      
00001db1  __TI_auto_init_nobinit_nopinit
00001b0f  __TI_decompress_lzss          
0000211d  __TI_decompress_none          
ffffffff  __TI_pprof_out_hndl           
00000271  __TI_printfi_minimal          
ffffffff  __TI_prof_data_size           
ffffffff  __TI_prof_data_start          
00000000  __TI_static_base__            
000020e3  __TI_zero_init                
000006d3  __adddf3                      
00001b85  __aeabi_d2f                   
000006d3  __aeabi_dadd                  
00002163  __aeabi_dmul                  
000006c9  __aeabi_dsub                  
00001de9  __aeabi_f2d                   
000020bb  __aeabi_memclr                
000020bb  __aeabi_memclr4               
000020bb  __aeabi_memclr8               
0000216d  __aeabi_memcpy                
0000216d  __aeabi_memcpy4               
0000216d  __aeabi_memcpy8               
000020b1  __aeabi_memset                
000020b1  __aeabi_memset4               
000020b1  __aeabi_memset8               
ffffffff  __binit__                     
00001de9  __extendsfdf2                 
UNDEFED   __mpu_init                    
000010e9  __muldf3                      
20000810  __stack                       
20000000  __start___llvm_prf_bits       
20000000  __start___llvm_prf_cnts       
20000000  __stop___llvm_prf_bits        
20000000  __stop___llvm_prf_cnts        
000006c9  __subdf3                      
00001b85  __truncdfsf2                  
00001e21  _c_int00_noargs               
UNDEFED   _system_post_cinit            
00002167  _system_pre_init              
0000214d  abort                         
ffffffff  binit                         
00000000  g_pfnVectors                  
000004c5  main                          
0000204b  memccpy                       
00001d79  sprintf                       
00002101  strlen                        
20000800  system                        


GLOBAL SYMBOLS: SORTED BY Symbol Address 

address   name                          
-------   ----                          
00000000  __TI_ATRegion0_region_sz      
00000000  __TI_ATRegion0_src_addr       
00000000  __TI_ATRegion0_trg_addr       
00000000  __TI_ATRegion1_region_sz      
00000000  __TI_ATRegion1_src_addr       
00000000  __TI_ATRegion1_trg_addr       
00000000  __TI_ATRegion2_region_sz      
00000000  __TI_ATRegion2_src_addr       
00000000  __TI_ATRegion2_trg_addr       
00000000  __TI_static_base__            
00000000  g_pfnVectors                  
00000100  __STACK_SIZE                  
00000271  __TI_printfi_minimal          
000004c5  main                          
000006c9  __aeabi_dsub                  
000006c9  __subdf3                      
000006d3  __adddf3                      
000006d3  __aeabi_dadd                  
00000881  StateMachine_Run              
00000a01  AM2301B_Read                  
00000b71  I2C0_BurstWrite               
00000c93  I2C0_ReadBytes                
00000ec9  SysCtlClockGet                
00000fe1  UART1_Init                    
000010e9  __muldf3                      
000011e5  I2C0_WriteBytesOnly           
000012dd  Display_Data_To_Putty         
000013d1  SysCtlClockSet                
000014c5  UART0_Init                    
000015a1  I2C0_ScanBus                  
0000166b  I2C0_Init                     
0000172d  ADC0_Init                     
000017e9  Button_Read                   
0000189f  UART0_WriteInt                
0000194f  AT_Send_Command               
000019f7  UART1_Handler                 
00001a8d  PortF_Init                    
00001b0f  __TI_decompress_lzss          
00001b85  __aeabi_d2f                   
00001b85  __truncdfsf2                  
00001bf3  I2C0_ProbeAddr                
00001c5b  I2C0_WriteCmdOnly             
00001cad  ADC0_Read                     
00001cf3  UART1_ClearRxBuffer           
00001d39  LCD_Init                      
00001d79  sprintf                       
00001db1  __TI_auto_init_nobinit_nopinit
00001de9  __aeabi_f2d                   
00001de9  __extendsfdf2                 
00001e21  _c_int00_noargs               
00001eeb  LCD_TestInit                  
00001f19  UART0_WriteChar               
00001f47  UART1_WriteChar               
00001f75  LCD_Command                   
00001f9b  LED_Set                       
00001fbf  UART0_WriteString             
00002029  UART1_WriteString             
0000204b  memccpy                       
0000206d  LCD_WriteChar                 
0000209d  TI_memcpy_small               
000020b1  __aeabi_memset                
000020b1  __aeabi_memset4               
000020b1  __aeabi_memset8               
000020bb  __aeabi_memclr                
000020bb  __aeabi_memclr4               
000020bb  __aeabi_memclr8               
000020c3  AM2301B_Init                  
000020d3  IntMasterEnable               
000020e3  __TI_zero_init                
00002101  strlen                        
0000210f  TI_memset_small               
0000211d  __TI_decompress_none          
0000212b  CPUcpsie                      
00002141  ResetISR                      
00002147  SysCtlDelay                   
0000214d  abort                         
00002156  C$$EXIT                       
00002157  HOSTexit                      
00002163  __aeabi_dmul                  
00002167  _system_pre_init              
0000216d  __aeabi_memcpy                
0000216d  __aeabi_memcpy4               
0000216d  __aeabi_memcpy8               
00002398  __TI_Handler_Table_Base       
000023a4  __TI_Handler_Table_Limit      
000023b4  __TI_CINIT_Base               
000023c4  __TI_CINIT_Limit              
000023c4  __TI_CINIT_Warm               
20000000  __start___llvm_prf_bits       
20000000  __start___llvm_prf_cnts       
20000000  __stop___llvm_prf_bits        
20000000  __stop___llvm_prf_cnts        
20000800  system                        
20000810  __stack                       
20000910  __STACK_END                   
20000910  __STACK_TOP                   
ffffffff  __TI_pprof_out_hndl           
ffffffff  __TI_prof_data_size           
ffffffff  __TI_prof_data_start          
ffffffff  __binit__                     
ffffffff  binit                         
UNDEFED   __mpu_init                    
UNDEFED   _system_post_cinit            

[103 symbols]
