<?xml version="1.0" encoding="ISO-8859-1" ?>
<link_info>
   <banner>TI ARM Clang Linker PC v5.1.1.LTS</banner>
   <copyright>Copyright (c) 1996-2018 Texas Instruments Incorporated</copyright>
   <command_line>D:\ti\ccs2100\ccs\tools\compiler\ti-cgt-armllvm_5.1.1.LTS\bin\tiarmlnk -ID:\ti\ccs2100\ccs\tools\compiler\ti-cgt-armllvm_5.1.1.LTS\lib -o project0.out --cg_opt_level=0 -mproject0_ccs.map --stack_size=256 -iD:/ti/ccs2100/ccs/tools/compiler/ti-cgt-armllvm_5.1.1.LTS/lib -iD:/ti/ccs2100/ccs/tools/compiler/ti-cgt-armllvm_5.1.1.LTS/include --reread_libs --diag_wrap=off --display_error_number --warn_sections --xml_link_info=project0_linkInfo.xml --rom_model ./startup_ccs.o ./Application/main.o ./Application/state.o ./Common/app_common.o ./Common/mqtt.o ./Devices/AM2301b/am2301b.o ./Devices/LCD/lcd.o ./Devices/MMA7660/mma7660.o ./Drivers/ADC/adc.o ./Drivers/GPIO/gpio.o ./Drivers/I2C/i2c0.o ./Drivers/UART/uart.o ./Drivers/UART/uart1.o ../project0_ccs.cmd -lC:/TI/TivaWare_C_Series-2.2.0.295/driverlib/ccs/Debug/driverlib.lib -llibc.a -lD:/ti/TivaWare_C_Series-2.2.0.295/driverlib/ccs/Debug/driverlib.lib --start-group -llibc++.a -llibc++abi.a -llibc.a -llibsys.a -llibsysbm.a -llibclang_rt.builtins.a -llibclang_rt.profile.a --end-group</command_line>
   <link_time>0x6a7eb853</link_time>
   <link_errors>0x0</link_errors>
   <output_file>D:\CCStudio_Workspace\project0\Debug\project0.out</output_file>
   <entry_point>
      <name>_c_int00_noargs</name>
      <address>0x3f7d</address>
   </entry_point>
   <input_file_list>
      <input_file id="fl-1">
         <path>D:\CCStudio_Workspace\project0\Debug\.\</path>
         <kind>object</kind>
         <file>startup_ccs.o</file>
         <name>startup_ccs.o</name>
      </input_file>
      <input_file id="fl-2">
         <path>D:\CCStudio_Workspace\project0\Debug\.\Application\</path>
         <kind>object</kind>
         <file>main.o</file>
         <name>main.o</name>
      </input_file>
      <input_file id="fl-3">
         <path>D:\CCStudio_Workspace\project0\Debug\.\Application\</path>
         <kind>object</kind>
         <file>state.o</file>
         <name>state.o</name>
      </input_file>
      <input_file id="fl-4">
         <path>D:\CCStudio_Workspace\project0\Debug\.\Common\</path>
         <kind>object</kind>
         <file>app_common.o</file>
         <name>app_common.o</name>
      </input_file>
      <input_file id="fl-5">
         <path>D:\CCStudio_Workspace\project0\Debug\.\Common\</path>
         <kind>object</kind>
         <file>mqtt.o</file>
         <name>mqtt.o</name>
      </input_file>
      <input_file id="fl-6">
         <path>D:\CCStudio_Workspace\project0\Debug\.\Devices\AM2301b\</path>
         <kind>object</kind>
         <file>am2301b.o</file>
         <name>am2301b.o</name>
      </input_file>
      <input_file id="fl-7">
         <path>D:\CCStudio_Workspace\project0\Debug\.\Devices\LCD\</path>
         <kind>object</kind>
         <file>lcd.o</file>
         <name>lcd.o</name>
      </input_file>
      <input_file id="fl-8">
         <path>D:\CCStudio_Workspace\project0\Debug\.\Devices\MMA7660\</path>
         <kind>object</kind>
         <file>mma7660.o</file>
         <name>mma7660.o</name>
      </input_file>
      <input_file id="fl-9">
         <path>D:\CCStudio_Workspace\project0\Debug\.\Drivers\ADC\</path>
         <kind>object</kind>
         <file>adc.o</file>
         <name>adc.o</name>
      </input_file>
      <input_file id="fl-a">
         <path>D:\CCStudio_Workspace\project0\Debug\.\Drivers\GPIO\</path>
         <kind>object</kind>
         <file>gpio.o</file>
         <name>gpio.o</name>
      </input_file>
      <input_file id="fl-b">
         <path>D:\CCStudio_Workspace\project0\Debug\.\Drivers\I2C\</path>
         <kind>object</kind>
         <file>i2c0.o</file>
         <name>i2c0.o</name>
      </input_file>
      <input_file id="fl-c">
         <path>D:\CCStudio_Workspace\project0\Debug\.\Drivers\UART\</path>
         <kind>object</kind>
         <file>uart.o</file>
         <name>uart.o</name>
      </input_file>
      <input_file id="fl-d">
         <path>D:\CCStudio_Workspace\project0\Debug\.\Drivers\UART\</path>
         <kind>object</kind>
         <file>uart1.o</file>
         <name>uart1.o</name>
      </input_file>
      <input_file id="fl-1a">
         <path>D:\CCStudio_Workspace\project0\Debug\</path>
         <kind>object</kind>
         <file>&lt;internal&gt;</file>
         <name>&lt;internal&gt;</name>
      </input_file>
      <input_file id="fl-1b">
         <path>C:\TI\TivaWare_C_Series-2.2.0.295\driverlib\ccs\Debug\</path>
         <kind>archive</kind>
         <file>driverlib.lib</file>
         <name>interrupt.obj</name>
      </input_file>
      <input_file id="fl-1c">
         <path>C:\TI\TivaWare_C_Series-2.2.0.295\driverlib\ccs\Debug\</path>
         <kind>archive</kind>
         <file>driverlib.lib</file>
         <name>sysctl.obj</name>
      </input_file>
      <input_file id="fl-1d">
         <path>C:\TI\TivaWare_C_Series-2.2.0.295\driverlib\ccs\Debug\</path>
         <kind>archive</kind>
         <file>driverlib.lib</file>
         <name>cpu.obj</name>
      </input_file>
      <input_file id="fl-3a">
         <path>D:\ti\ccs2100\ccs\tools\compiler\ti-cgt-armllvm_5.1.1.LTS\lib\armv7em-ti-none-eabihf\c\</path>
         <kind>archive</kind>
         <file>libc.a</file>
         <name>snprintf.c.obj</name>
      </input_file>
      <input_file id="fl-3b">
         <path>D:\ti\ccs2100\ccs\tools\compiler\ti-cgt-armllvm_5.1.1.LTS\lib\armv7em-ti-none-eabihf\c\</path>
         <kind>archive</kind>
         <file>libc.a</file>
         <name>strcmp_t2.S.obj</name>
      </input_file>
      <input_file id="fl-3c">
         <path>D:\ti\ccs2100\ccs\tools\compiler\ti-cgt-armllvm_5.1.1.LTS\lib\armv7em-ti-none-eabihf\c\</path>
         <kind>archive</kind>
         <file>libc.a</file>
         <name>strlen.c.obj</name>
      </input_file>
      <input_file id="fl-3d">
         <path>D:\ti\ccs2100\ccs\tools\compiler\ti-cgt-armllvm_5.1.1.LTS\lib\armv7em-ti-none-eabihf\c\</path>
         <kind>archive</kind>
         <file>libc.a</file>
         <name>strstr.c.obj</name>
      </input_file>
      <input_file id="fl-3e">
         <path>D:\ti\ccs2100\ccs\tools\compiler\ti-cgt-armllvm_5.1.1.LTS\lib\armv7em-ti-none-eabihf\c\</path>
         <kind>archive</kind>
         <file>libc.a</file>
         <name>boot_cortex_m.c.obj</name>
      </input_file>
      <input_file id="fl-3f">
         <path>D:\ti\ccs2100\ccs\tools\compiler\ti-cgt-armllvm_5.1.1.LTS\lib\armv7em-ti-none-eabihf\c\</path>
         <kind>archive</kind>
         <file>libc.a</file>
         <name>mathacl_init.c.obj</name>
      </input_file>
      <input_file id="fl-40">
         <path>D:\ti\ccs2100\ccs\tools\compiler\ti-cgt-armllvm_5.1.1.LTS\lib\armv7em-ti-none-eabihf\c\</path>
         <kind>archive</kind>
         <file>libc.a</file>
         <name>autoinit.c.obj</name>
      </input_file>
      <input_file id="fl-41">
         <path>D:\ti\ccs2100\ccs\tools\compiler\ti-cgt-armllvm_5.1.1.LTS\lib\armv7em-ti-none-eabihf\c\</path>
         <kind>archive</kind>
         <file>libc.a</file>
         <name>pre_init.c.obj</name>
      </input_file>
      <input_file id="fl-42">
         <path>D:\ti\ccs2100\ccs\tools\compiler\ti-cgt-armllvm_5.1.1.LTS\lib\armv7em-ti-none-eabihf\c\</path>
         <kind>archive</kind>
         <file>libc.a</file>
         <name>cpy_tbl.c.obj</name>
      </input_file>
      <input_file id="fl-43">
         <path>D:\ti\ccs2100\ccs\tools\compiler\ti-cgt-armllvm_5.1.1.LTS\lib\armv7em-ti-none-eabihf\c\</path>
         <kind>archive</kind>
         <file>libc.a</file>
         <name>copy_zero_init.c.obj</name>
      </input_file>
      <input_file id="fl-44">
         <path>D:\ti\ccs2100\ccs\tools\compiler\ti-cgt-armllvm_5.1.1.LTS\lib\armv7em-ti-none-eabihf\c\</path>
         <kind>archive</kind>
         <file>libc.a</file>
         <name>copy_decompress_none.c.obj</name>
      </input_file>
      <input_file id="fl-45">
         <path>D:\ti\ccs2100\ccs\tools\compiler\ti-cgt-armllvm_5.1.1.LTS\lib\armv7em-ti-none-eabihf\c\</path>
         <kind>archive</kind>
         <file>libc.a</file>
         <name>copy_decompress_lzss.c.obj</name>
      </input_file>
      <input_file id="fl-46">
         <path>D:\ti\ccs2100\ccs\tools\compiler\ti-cgt-armllvm_5.1.1.LTS\lib\armv7em-ti-none-eabihf\c\</path>
         <kind>archive</kind>
         <file>libc.a</file>
         <name>_printfi.c.obj</name>
      </input_file>
      <input_file id="fl-47">
         <path>D:\ti\ccs2100\ccs\tools\compiler\ti-cgt-armllvm_5.1.1.LTS\lib\armv7em-ti-none-eabihf\c\</path>
         <kind>archive</kind>
         <file>libc.a</file>
         <name>aeabi_portable.c.obj</name>
      </input_file>
      <input_file id="fl-48">
         <path>D:\ti\ccs2100\ccs\tools\compiler\ti-cgt-armllvm_5.1.1.LTS\lib\armv7em-ti-none-eabihf\c\</path>
         <kind>archive</kind>
         <file>libc.a</file>
         <name>exit.c.obj</name>
      </input_file>
      <input_file id="fl-49">
         <path>D:\ti\ccs2100\ccs\tools\compiler\ti-cgt-armllvm_5.1.1.LTS\lib\armv7em-ti-none-eabihf\c\</path>
         <kind>archive</kind>
         <file>libc.a</file>
         <name>_lock.c.obj</name>
      </input_file>
      <input_file id="fl-4a">
         <path>D:\ti\ccs2100\ccs\tools\compiler\ti-cgt-armllvm_5.1.1.LTS\lib\armv7em-ti-none-eabihf\c\</path>
         <kind>archive</kind>
         <file>libc.a</file>
         <name>_ltoa.c.obj</name>
      </input_file>
      <input_file id="fl-4b">
         <path>D:\ti\ccs2100\ccs\tools\compiler\ti-cgt-armllvm_5.1.1.LTS\lib\armv7em-ti-none-eabihf\c\</path>
         <kind>archive</kind>
         <file>libc.a</file>
         <name>args_main.c.obj</name>
      </input_file>
      <input_file id="fl-4c">
         <path>D:\ti\ccs2100\ccs\tools\compiler\ti-cgt-armllvm_5.1.1.LTS\lib\armv7em-ti-none-eabihf\c\</path>
         <kind>archive</kind>
         <file>libc.a</file>
         <name>assert.c.obj</name>
      </input_file>
      <input_file id="fl-4d">
         <path>D:\ti\ccs2100\ccs\tools\compiler\ti-cgt-armllvm_5.1.1.LTS\lib\armv7em-ti-none-eabihf\c\</path>
         <kind>archive</kind>
         <file>libc.a</file>
         <name>atoi.c.obj</name>
      </input_file>
      <input_file id="fl-4e">
         <path>D:\ti\ccs2100\ccs\tools\compiler\ti-cgt-armllvm_5.1.1.LTS\lib\armv7em-ti-none-eabihf\c\</path>
         <kind>archive</kind>
         <file>libc.a</file>
         <name>defs.c.obj</name>
      </input_file>
      <input_file id="fl-4f">
         <path>D:\ti\ccs2100\ccs\tools\compiler\ti-cgt-armllvm_5.1.1.LTS\lib\armv7em-ti-none-eabihf\c\</path>
         <kind>archive</kind>
         <file>libc.a</file>
         <name>memccpy.c.obj</name>
      </input_file>
      <input_file id="fl-50">
         <path>D:\ti\ccs2100\ccs\tools\compiler\ti-cgt-armllvm_5.1.1.LTS\lib\armv7em-ti-none-eabihf\c\</path>
         <kind>archive</kind>
         <file>libc.a</file>
         <name>memory.c.obj</name>
      </input_file>
      <input_file id="fl-51">
         <path>D:\ti\ccs2100\ccs\tools\compiler\ti-cgt-armllvm_5.1.1.LTS\lib\armv7em-ti-none-eabihf\c\</path>
         <kind>archive</kind>
         <file>libc.a</file>
         <name>s_frexp.c.obj</name>
      </input_file>
      <input_file id="fl-52">
         <path>D:\ti\ccs2100\ccs\tools\compiler\ti-cgt-armllvm_5.1.1.LTS\lib\armv7em-ti-none-eabihf\c\</path>
         <kind>archive</kind>
         <file>libc.a</file>
         <name>s_scalbn.c.obj</name>
      </input_file>
      <input_file id="fl-53">
         <path>D:\ti\ccs2100\ccs\tools\compiler\ti-cgt-armllvm_5.1.1.LTS\lib\armv7em-ti-none-eabihf\c\</path>
         <kind>archive</kind>
         <file>libc.a</file>
         <name>wcslen.c.obj</name>
      </input_file>
      <input_file id="fl-54">
         <path>D:\ti\ccs2100\ccs\tools\compiler\ti-cgt-armllvm_5.1.1.LTS\lib\armv7em-ti-none-eabihf\c\</path>
         <kind>archive</kind>
         <file>libc.a</file>
         <name>sprintf.c.obj</name>
      </input_file>
      <input_file id="fl-55">
         <path>D:\ti\ccs2100\ccs\tools\compiler\ti-cgt-armllvm_5.1.1.LTS\lib\armv7em-ti-none-eabihf\c\</path>
         <kind>archive</kind>
         <file>libc.a</file>
         <name>fflush.c.obj</name>
      </input_file>
      <input_file id="fl-56">
         <path>D:\ti\ccs2100\ccs\tools\compiler\ti-cgt-armllvm_5.1.1.LTS\lib\armv7em-ti-none-eabihf\c\</path>
         <kind>archive</kind>
         <file>libc.a</file>
         <name>fputs.c.obj</name>
      </input_file>
      <input_file id="fl-57">
         <path>D:\ti\ccs2100\ccs\tools\compiler\ti-cgt-armllvm_5.1.1.LTS\lib\armv7em-ti-none-eabihf\c\</path>
         <kind>archive</kind>
         <file>libc.a</file>
         <name>_io_perm.c.obj</name>
      </input_file>
      <input_file id="fl-58">
         <path>D:\ti\ccs2100\ccs\tools\compiler\ti-cgt-armllvm_5.1.1.LTS\lib\armv7em-ti-none-eabihf\c\</path>
         <kind>archive</kind>
         <file>libc.a</file>
         <name>setvbuf.c.obj</name>
      </input_file>
      <input_file id="fl-59">
         <path>D:\ti\ccs2100\ccs\tools\compiler\ti-cgt-armllvm_5.1.1.LTS\lib\armv7em-ti-none-eabihf\c\</path>
         <kind>archive</kind>
         <file>libc.a</file>
         <name>aeabi_ctype.S.obj</name>
      </input_file>
      <input_file id="fl-5a">
         <path>D:\ti\ccs2100\ccs\tools\compiler\ti-cgt-armllvm_5.1.1.LTS\lib\armv7em-ti-none-eabihf\c\</path>
         <kind>archive</kind>
         <file>libc.a</file>
         <name>fopen.c.obj</name>
      </input_file>
      <input_file id="fl-5b">
         <path>D:\ti\ccs2100\ccs\tools\compiler\ti-cgt-armllvm_5.1.1.LTS\lib\armv7em-ti-none-eabihf\c\</path>
         <kind>archive</kind>
         <file>libc.a</file>
         <name>fseek.c.obj</name>
      </input_file>
      <input_file id="fl-5c">
         <path>D:\ti\ccs2100\ccs\tools\compiler\ti-cgt-armllvm_5.1.1.LTS\lib\armv7em-ti-none-eabihf\c\</path>
         <kind>archive</kind>
         <file>libc.a</file>
         <name>fclose.c.obj</name>
      </input_file>
      <input_file id="fl-150">
         <path>D:\ti\ccs2100\ccs\tools\compiler\ti-cgt-armllvm_5.1.1.LTS\lib\armv7em-ti-none-eabihf\c\</path>
         <kind>archive</kind>
         <file>libsysbm.a</file>
         <name>hostexit.c.obj</name>
      </input_file>
      <input_file id="fl-151">
         <path>D:\ti\ccs2100\ccs\tools\compiler\ti-cgt-armllvm_5.1.1.LTS\lib\armv7em-ti-none-eabihf\c\</path>
         <kind>archive</kind>
         <file>libsysbm.a</file>
         <name>write.c.obj</name>
      </input_file>
      <input_file id="fl-152">
         <path>D:\ti\ccs2100\ccs\tools\compiler\ti-cgt-armllvm_5.1.1.LTS\lib\armv7em-ti-none-eabihf\c\</path>
         <kind>archive</kind>
         <file>libsysbm.a</file>
         <name>host_device.c.obj</name>
      </input_file>
      <input_file id="fl-153">
         <path>D:\ti\ccs2100\ccs\tools\compiler\ti-cgt-armllvm_5.1.1.LTS\lib\armv7em-ti-none-eabihf\c\</path>
         <kind>archive</kind>
         <file>libsysbm.a</file>
         <name>remove.c.obj</name>
      </input_file>
      <input_file id="fl-154">
         <path>D:\ti\ccs2100\ccs\tools\compiler\ti-cgt-armllvm_5.1.1.LTS\lib\armv7em-ti-none-eabihf\c\</path>
         <kind>archive</kind>
         <file>libsysbm.a</file>
         <name>open.c.obj</name>
      </input_file>
      <input_file id="fl-155">
         <path>D:\ti\ccs2100\ccs\tools\compiler\ti-cgt-armllvm_5.1.1.LTS\lib\armv7em-ti-none-eabihf\c\</path>
         <kind>archive</kind>
         <file>libsysbm.a</file>
         <name>lseek.c.obj</name>
      </input_file>
      <input_file id="fl-156">
         <path>D:\ti\ccs2100\ccs\tools\compiler\ti-cgt-armllvm_5.1.1.LTS\lib\armv7em-ti-none-eabihf\c\</path>
         <kind>archive</kind>
         <file>libsysbm.a</file>
         <name>close.c.obj</name>
      </input_file>
      <input_file id="fl-157">
         <path>D:\ti\ccs2100\ccs\tools\compiler\ti-cgt-armllvm_5.1.1.LTS\lib\armv7em-ti-none-eabihf\c\</path>
         <kind>archive</kind>
         <file>libsysbm.a</file>
         <name>unlink.c.obj</name>
      </input_file>
      <input_file id="fl-158">
         <path>D:\ti\ccs2100\ccs\tools\compiler\ti-cgt-armllvm_5.1.1.LTS\lib\armv7em-ti-none-eabihf\c\</path>
         <kind>archive</kind>
         <file>libsysbm.a</file>
         <name>hostclose.c.obj</name>
      </input_file>
      <input_file id="fl-159">
         <path>D:\ti\ccs2100\ccs\tools\compiler\ti-cgt-armllvm_5.1.1.LTS\lib\armv7em-ti-none-eabihf\c\</path>
         <kind>archive</kind>
         <file>libsysbm.a</file>
         <name>hostlseek.c.obj</name>
      </input_file>
      <input_file id="fl-15a">
         <path>D:\ti\ccs2100\ccs\tools\compiler\ti-cgt-armllvm_5.1.1.LTS\lib\armv7em-ti-none-eabihf\c\</path>
         <kind>archive</kind>
         <file>libsysbm.a</file>
         <name>hostopen.c.obj</name>
      </input_file>
      <input_file id="fl-15b">
         <path>D:\ti\ccs2100\ccs\tools\compiler\ti-cgt-armllvm_5.1.1.LTS\lib\armv7em-ti-none-eabihf\c\</path>
         <kind>archive</kind>
         <file>libsysbm.a</file>
         <name>hostread.c.obj</name>
      </input_file>
      <input_file id="fl-15c">
         <path>D:\ti\ccs2100\ccs\tools\compiler\ti-cgt-armllvm_5.1.1.LTS\lib\armv7em-ti-none-eabihf\c\</path>
         <kind>archive</kind>
         <file>libsysbm.a</file>
         <name>hostrename.c.obj</name>
      </input_file>
      <input_file id="fl-15d">
         <path>D:\ti\ccs2100\ccs\tools\compiler\ti-cgt-armllvm_5.1.1.LTS\lib\armv7em-ti-none-eabihf\c\</path>
         <kind>archive</kind>
         <file>libsysbm.a</file>
         <name>hostunlink.c.obj</name>
      </input_file>
      <input_file id="fl-15e">
         <path>D:\ti\ccs2100\ccs\tools\compiler\ti-cgt-armllvm_5.1.1.LTS\lib\armv7em-ti-none-eabihf\c\</path>
         <kind>archive</kind>
         <file>libsysbm.a</file>
         <name>hostwrite.c.obj</name>
      </input_file>
      <input_file id="fl-15f">
         <path>D:\ti\ccs2100\ccs\tools\compiler\ti-cgt-armllvm_5.1.1.LTS\lib\armv7em-ti-none-eabihf\c\</path>
         <kind>archive</kind>
         <file>libsysbm.a</file>
         <name>trgmsg.c.obj</name>
      </input_file>
      <input_file id="fl-160">
         <path>D:\ti\ccs2100\ccs\tools\compiler\ti-cgt-armllvm_5.1.1.LTS\lib\armv7em-ti-none-eabihf\</path>
         <kind>archive</kind>
         <file>libclang_rt.builtins.a</file>
         <name>adddf3.S.obj</name>
      </input_file>
      <input_file id="fl-161">
         <path>D:\ti\ccs2100\ccs\tools\compiler\ti-cgt-armllvm_5.1.1.LTS\lib\armv7em-ti-none-eabihf\</path>
         <kind>archive</kind>
         <file>libclang_rt.builtins.a</file>
         <name>extendsfdf2.S.obj</name>
      </input_file>
      <input_file id="fl-162">
         <path>D:\ti\ccs2100\ccs\tools\compiler\ti-cgt-armllvm_5.1.1.LTS\lib\armv7em-ti-none-eabihf\</path>
         <kind>archive</kind>
         <file>libclang_rt.builtins.a</file>
         <name>fixdfsi.S.obj</name>
      </input_file>
      <input_file id="fl-163">
         <path>D:\ti\ccs2100\ccs\tools\compiler\ti-cgt-armllvm_5.1.1.LTS\lib\armv7em-ti-none-eabihf\</path>
         <kind>archive</kind>
         <file>libclang_rt.builtins.a</file>
         <name>floatsidf.S.obj</name>
      </input_file>
      <input_file id="fl-164">
         <path>D:\ti\ccs2100\ccs\tools\compiler\ti-cgt-armllvm_5.1.1.LTS\lib\armv7em-ti-none-eabihf\</path>
         <kind>archive</kind>
         <file>libclang_rt.builtins.a</file>
         <name>truncdfsf2.S.obj</name>
      </input_file>
      <input_file id="fl-165">
         <path>D:\ti\ccs2100\ccs\tools\compiler\ti-cgt-armllvm_5.1.1.LTS\lib\armv7em-ti-none-eabihf\</path>
         <kind>archive</kind>
         <file>libclang_rt.builtins.a</file>
         <name>comparedf2.c.obj</name>
      </input_file>
      <input_file id="fl-166">
         <path>D:\ti\ccs2100\ccs\tools\compiler\ti-cgt-armllvm_5.1.1.LTS\lib\armv7em-ti-none-eabihf\</path>
         <kind>archive</kind>
         <file>libclang_rt.builtins.a</file>
         <name>aeabi_dcmp.S.obj</name>
      </input_file>
      <input_file id="fl-167">
         <path>D:\ti\ccs2100\ccs\tools\compiler\ti-cgt-armllvm_5.1.1.LTS\lib\armv7em-ti-none-eabihf\</path>
         <kind>archive</kind>
         <file>libclang_rt.builtins.a</file>
         <name>aeabi_ddiv.c.obj</name>
      </input_file>
      <input_file id="fl-168">
         <path>D:\ti\ccs2100\ccs\tools\compiler\ti-cgt-armllvm_5.1.1.LTS\lib\armv7em-ti-none-eabihf\</path>
         <kind>archive</kind>
         <file>libclang_rt.builtins.a</file>
         <name>aeabi_dmul.c.obj</name>
      </input_file>
      <input_file id="fl-169">
         <path>D:\ti\ccs2100\ccs\tools\compiler\ti-cgt-armllvm_5.1.1.LTS\lib\armv7em-ti-none-eabihf\</path>
         <kind>archive</kind>
         <file>libclang_rt.builtins.a</file>
         <name>aeabi_uldivmod.S.obj</name>
      </input_file>
      <input_file id="fl-16a">
         <path>D:\ti\ccs2100\ccs\tools\compiler\ti-cgt-armllvm_5.1.1.LTS\lib\armv7em-ti-none-eabihf\</path>
         <kind>archive</kind>
         <file>libclang_rt.builtins.a</file>
         <name>aeabi_memcpy.S.obj</name>
      </input_file>
      <input_file id="fl-16b">
         <path>D:\ti\ccs2100\ccs\tools\compiler\ti-cgt-armllvm_5.1.1.LTS\lib\armv7em-ti-none-eabihf\</path>
         <kind>archive</kind>
         <file>libclang_rt.builtins.a</file>
         <name>aeabi_memmove.S.obj</name>
      </input_file>
      <input_file id="fl-16c">
         <path>D:\ti\ccs2100\ccs\tools\compiler\ti-cgt-armllvm_5.1.1.LTS\lib\armv7em-ti-none-eabihf\</path>
         <kind>archive</kind>
         <file>libclang_rt.builtins.a</file>
         <name>aeabi_memset.S.obj</name>
      </input_file>
      <input_file id="fl-16d">
         <path>D:\ti\ccs2100\ccs\tools\compiler\ti-cgt-armllvm_5.1.1.LTS\lib\armv7em-ti-none-eabihf\</path>
         <kind>archive</kind>
         <file>libclang_rt.builtins.a</file>
         <name>udivmoddi4.S.obj</name>
      </input_file>
      <input_file id="fl-16e">
         <path>D:\ti\ccs2100\ccs\tools\compiler\ti-cgt-armllvm_5.1.1.LTS\lib\armv7em-ti-none-eabihf\</path>
         <kind>archive</kind>
         <file>libclang_rt.builtins.a</file>
         <name>muldf3.S.obj</name>
      </input_file>
      <input_file id="fl-16f">
         <path>D:\ti\ccs2100\ccs\tools\compiler\ti-cgt-armllvm_5.1.1.LTS\lib\armv7em-ti-none-eabihf\</path>
         <kind>archive</kind>
         <file>libclang_rt.builtins.a</file>
         <name>divdf3.S.obj</name>
      </input_file>
      <input_file id="fl-170">
         <path>D:\ti\ccs2100\ccs\tools\compiler\ti-cgt-armllvm_5.1.1.LTS\lib\armv7em-ti-none-eabihf\</path>
         <kind>archive</kind>
         <file>libclang_rt.builtins.a</file>
         <name>aeabi_div0.c.obj</name>
      </input_file>
      <input_file id="fl-171">
         <path>D:\ti\ccs2100\ccs\tools\compiler\ti-cgt-armllvm_5.1.1.LTS\lib\armv7em-ti-none-eabihf\c\</path>
         <kind>archive</kind>
         <file>libc.a</file>
         <name>divdf3_fast.c.obj</name>
      </input_file>
      <input_file id="fl-172">
         <path>D:\ti\ccs2100\ccs\tools\compiler\ti-cgt-armllvm_5.1.1.LTS\lib\armv7em-ti-none-eabihf\c\</path>
         <kind>archive</kind>
         <file>libc.a</file>
         <name>muldf3_fast.c.obj</name>
      </input_file>
      <input_file id="fl-173">
         <path>D:\ti\ccs2100\ccs\tools\compiler\ti-cgt-armllvm_5.1.1.LTS\lib\armv7em-ti-none-eabihf\c\</path>
         <kind>archive</kind>
         <file>libc.a</file>
         <name>getdevice.c.obj</name>
      </input_file>
      <input_file id="fl-174">
         <path>D:\ti\ccs2100\ccs\tools\compiler\ti-cgt-armllvm_5.1.1.LTS\lib\armv7em-ti-none-eabihf\c\</path>
         <kind>archive</kind>
         <file>libc.a</file>
         <name>memcpy_t2.S.obj</name>
      </input_file>
      <input_file id="fl-175">
         <path>D:\ti\ccs2100\ccs\tools\compiler\ti-cgt-armllvm_5.1.1.LTS\lib\armv7em-ti-none-eabihf\c\</path>
         <kind>archive</kind>
         <file>libc.a</file>
         <name>memset_t2.S.obj</name>
      </input_file>
      <input_file id="fl-176">
         <path>D:\ti\ccs2100\ccs\tools\compiler\ti-cgt-armllvm_5.1.1.LTS\lib\armv7em-ti-none-eabihf\c\</path>
         <kind>archive</kind>
         <file>libc.a</file>
         <name>memmov.c.obj</name>
      </input_file>
   </input_file_list>
   <object_component_list>
      <object_component id="oc-12">
         <name>.intvecs</name>
         <load_address>0x0</load_address>
         <readonly>true</readonly>
         <run_address>0x0</run_address>
         <size>0x26c</size>
         <alignment>0x4</alignment>
         <input_file_ref idref="fl-1"/>
      </object_component>
      <object_component id="oc-19e">
         <name>.text:__TI_printfi</name>
         <load_address>0x280</load_address>
         <readonly>true</readonly>
         <executable>true</executable>
         <run_address>0x280</run_address>
         <size>0x9c0</size>
         <alignment>0x8</alignment>
         <input_file_ref idref="fl-46"/>
      </object_component>
      <object_component id="oc-14b">
         <name>.text:strcmp</name>
         <load_address>0xc40</load_address>
         <readonly>true</readonly>
         <executable>true</executable>
         <run_address>0xc40</run_address>
         <size>0x2dc</size>
         <alignment>0x20</alignment>
         <input_file_ref idref="fl-3b"/>
      </object_component>
      <object_component id="oc-2b">
         <name>.text.FaultISR</name>
         <load_address>0xf1c</load_address>
         <readonly>true</readonly>
         <executable>true</executable>
         <run_address>0xf1c</run_address>
         <size>0x4</size>
         <alignment>0x2</alignment>
         <input_file_ref idref="fl-1"/>
      </object_component>
      <object_component id="oc-1d7">
         <name>.text._pconv_a</name>
         <load_address>0xf20</load_address>
         <readonly>true</readonly>
         <executable>true</executable>
         <run_address>0xf20</run_address>
         <size>0x298</size>
         <alignment>0x8</alignment>
         <input_file_ref idref="fl-46"/>
      </object_component>
      <object_component id="oc-1d8">
         <name>.text._pconv_g</name>
         <load_address>0x11b8</load_address>
         <readonly>true</readonly>
         <executable>true</executable>
         <run_address>0x11b8</run_address>
         <size>0x238</size>
         <alignment>0x8</alignment>
         <input_file_ref idref="fl-46"/>
      </object_component>
      <object_component id="oc-8b">
         <name>.text.App_Common_RunEsp8266Sequence</name>
         <load_address>0x13f0</load_address>
         <readonly>true</readonly>
         <executable>true</executable>
         <run_address>0x13f0</run_address>
         <size>0x21c</size>
         <alignment>0x2</alignment>
         <input_file_ref idref="fl-4"/>
      </object_component>
      <object_component id="oc-177">
         <name>.text</name>
         <load_address>0x160c</load_address>
         <readonly>true</readonly>
         <executable>true</executable>
         <run_address>0x160c</run_address>
         <size>0x1b6</size>
         <alignment>0x4</alignment>
         <input_file_ref idref="fl-160"/>
      </object_component>
      <object_component id="oc-29">
         <name>.text.ResetISR</name>
         <load_address>0x17c2</load_address>
         <readonly>true</readonly>
         <executable>true</executable>
         <run_address>0x17c2</run_address>
         <size>0x6</size>
         <alignment>0x2</alignment>
         <input_file_ref idref="fl-1"/>
      </object_component>
      <object_component id="oc-216">
         <name>.text.fcvt</name>
         <load_address>0x17c8</load_address>
         <readonly>true</readonly>
         <executable>true</executable>
         <run_address>0x17c8</run_address>
         <size>0x198</size>
         <alignment>0x8</alignment>
         <input_file_ref idref="fl-46"/>
      </object_component>
      <object_component id="oc-8c">
         <name>.text.App_Common_MqttConnect</name>
         <load_address>0x1960</load_address>
         <readonly>true</readonly>
         <executable>true</executable>
         <run_address>0x1960</run_address>
         <size>0x196</size>
         <alignment>0x2</alignment>
         <input_file_ref idref="fl-4"/>
      </object_component>
      <object_component id="oc-d7">
         <name>.text.AT_Send_Command</name>
         <load_address>0x1af6</load_address>
         <readonly>true</readonly>
         <executable>true</executable>
         <run_address>0x1af6</run_address>
         <size>0x188</size>
         <alignment>0x2</alignment>
         <input_file_ref idref="fl-d"/>
      </object_component>
      <object_component id="oc-21c">
         <name>.text.__aeabi_ldiv0</name>
         <load_address>0x1c7e</load_address>
         <readonly>true</readonly>
         <executable>true</executable>
         <run_address>0x1c7e</run_address>
         <size>0x2</size>
         <alignment>0x2</alignment>
         <input_file_ref idref="fl-170"/>
      </object_component>
      <object_component id="oc-108">
         <name>.text.AM2301B_Read</name>
         <load_address>0x1c80</load_address>
         <readonly>true</readonly>
         <executable>true</executable>
         <run_address>0x1c80</run_address>
         <size>0x170</size>
         <alignment>0x8</alignment>
         <input_file_ref idref="fl-6"/>
      </object_component>
      <object_component id="oc-1da">
         <name>.text._pconv_e</name>
         <load_address>0x1df0</load_address>
         <readonly>true</readonly>
         <executable>true</executable>
         <run_address>0x1df0</run_address>
         <size>0x160</size>
         <alignment>0x8</alignment>
         <input_file_ref idref="fl-46"/>
      </object_component>
      <object_component id="oc-23c">
         <name>.text</name>
         <load_address>0x1f50</load_address>
         <readonly>true</readonly>
         <executable>true</executable>
         <run_address>0x1f50</run_address>
         <size>0x14c</size>
         <alignment>0x4</alignment>
         <input_file_ref idref="fl-16f"/>
      </object_component>
      <object_component id="oc-13c">
         <name>.text.I2C0_BurstWrite</name>
         <load_address>0x209c</load_address>
         <readonly>true</readonly>
         <executable>true</executable>
         <run_address>0x209c</run_address>
         <size>0x122</size>
         <alignment>0x2</alignment>
         <input_file_ref idref="fl-7"/>
      </object_component>
      <object_component id="oc-16f">
         <name>.text.UART1_ReadIpdData</name>
         <load_address>0x21be</load_address>
         <readonly>true</readonly>
         <executable>true</executable>
         <run_address>0x21be</run_address>
         <size>0x120</size>
         <alignment>0x2</alignment>
         <input_file_ref idref="fl-d"/>
      </object_component>
      <object_component id="oc-171">
         <name>.text.I2C0_ReadBytes</name>
         <load_address>0x22de</load_address>
         <readonly>true</readonly>
         <executable>true</executable>
         <run_address>0x22de</run_address>
         <size>0x11a</size>
         <alignment>0x2</alignment>
         <input_file_ref idref="fl-b"/>
      </object_component>
      <object_component id="oc-c4">
         <name>.text.I2C0_ProbeAddr</name>
         <load_address>0x23f8</load_address>
         <readonly>true</readonly>
         <executable>true</executable>
         <run_address>0x23f8</run_address>
         <size>0x118</size>
         <alignment>0x2</alignment>
         <input_file_ref idref="fl-b"/>
      </object_component>
      <object_component id="oc-cb">
         <name>.text:SysCtlClockGet</name>
         <load_address>0x2510</load_address>
         <readonly>true</readonly>
         <executable>true</executable>
         <run_address>0x2510</run_address>
         <size>0x118</size>
         <alignment>0x4</alignment>
         <input_file_ref idref="fl-1c"/>
      </object_component>
      <object_component id="oc-201">
         <name>.text.scalbn</name>
         <load_address>0x2628</load_address>
         <readonly>true</readonly>
         <executable>true</executable>
         <run_address>0x2628</run_address>
         <size>0x10c</size>
         <alignment>0x8</alignment>
         <input_file_ref idref="fl-52"/>
      </object_component>
      <object_component id="oc-7b">
         <name>.text.UART1_Init</name>
         <load_address>0x2734</load_address>
         <readonly>true</readonly>
         <executable>true</executable>
         <run_address>0x2734</run_address>
         <size>0x108</size>
         <alignment>0x2</alignment>
         <input_file_ref idref="fl-d"/>
      </object_component>
      <object_component id="oc-1e1">
         <name>.text</name>
         <load_address>0x283c</load_address>
         <readonly>true</readonly>
         <executable>true</executable>
         <run_address>0x283c</run_address>
         <size>0xfc</size>
         <alignment>0x4</alignment>
         <input_file_ref idref="fl-16e"/>
      </object_component>
      <object_component id="oc-170">
         <name>.text.I2C0_WriteBytesOnly</name>
         <load_address>0x2938</load_address>
         <readonly>true</readonly>
         <executable>true</executable>
         <run_address>0x2938</run_address>
         <size>0xf8</size>
         <alignment>0x2</alignment>
         <input_file_ref idref="fl-b"/>
      </object_component>
      <object_component id="oc-73">
         <name>.text:SysCtlClockSet</name>
         <load_address>0x2a30</load_address>
         <readonly>true</readonly>
         <executable>true</executable>
         <run_address>0x2a30</run_address>
         <size>0xf4</size>
         <alignment>0x4</alignment>
         <input_file_ref idref="fl-1c"/>
      </object_component>
      <object_component id="oc-101">
         <name>.text.UART1_GetRxBufferData</name>
         <load_address>0x2b24</load_address>
         <readonly>true</readonly>
         <executable>true</executable>
         <run_address>0x2b24</run_address>
         <size>0xf0</size>
         <alignment>0x2</alignment>
         <input_file_ref idref="fl-d"/>
      </object_component>
      <object_component id="oc-105">
         <name>.text.Mqtt_Connect</name>
         <load_address>0x2c14</load_address>
         <readonly>true</readonly>
         <executable>true</executable>
         <run_address>0x2c14</run_address>
         <size>0xea</size>
         <alignment>0x2</alignment>
         <input_file_ref idref="fl-5"/>
      </object_component>
      <object_component id="oc-8d">
         <name>.text.App_Common_MqttPublishLoop</name>
         <load_address>0x2cfe</load_address>
         <readonly>true</readonly>
         <executable>true</executable>
         <run_address>0x2cfe</run_address>
         <size>0xe4</size>
         <alignment>0x2</alignment>
         <input_file_ref idref="fl-4"/>
      </object_component>
      <object_component id="oc-7a">
         <name>.text.UART0_Init</name>
         <load_address>0x2de2</load_address>
         <readonly>true</readonly>
         <executable>true</executable>
         <run_address>0x2de2</run_address>
         <size>0xdc</size>
         <alignment>0x2</alignment>
         <input_file_ref idref="fl-c"/>
      </object_component>
      <object_component id="oc-84">
         <name>.text.I2C0_ScanBus</name>
         <load_address>0x2ebe</load_address>
         <readonly>true</readonly>
         <executable>true</executable>
         <run_address>0x2ebe</run_address>
         <size>0xca</size>
         <alignment>0x2</alignment>
         <input_file_ref idref="fl-b"/>
      </object_component>
      <object_component id="oc-83">
         <name>.text.I2C0_Init</name>
         <load_address>0x2f88</load_address>
         <readonly>true</readonly>
         <executable>true</executable>
         <run_address>0x2f88</run_address>
         <size>0xc2</size>
         <alignment>0x2</alignment>
         <input_file_ref idref="fl-b"/>
      </object_component>
      <object_component id="oc-ea">
         <name>.text.UART1_CaptureResponse</name>
         <load_address>0x304a</load_address>
         <readonly>true</readonly>
         <executable>true</executable>
         <run_address>0x304a</run_address>
         <size>0xbe</size>
         <alignment>0x2</alignment>
         <input_file_ref idref="fl-d"/>
      </object_component>
      <object_component id="oc-82">
         <name>.text.ADC0_Init</name>
         <load_address>0x3108</load_address>
         <readonly>true</readonly>
         <executable>true</executable>
         <run_address>0x3108</run_address>
         <size>0xbc</size>
         <alignment>0x2</alignment>
         <input_file_ref idref="fl-9"/>
      </object_component>
      <object_component id="oc-149">
         <name>.text.UART1_ReadByteTimeout</name>
         <load_address>0x31c4</load_address>
         <readonly>true</readonly>
         <executable>true</executable>
         <run_address>0x31c4</run_address>
         <size>0xb4</size>
         <alignment>0x2</alignment>
         <input_file_ref idref="fl-d"/>
      </object_component>
      <object_component id="oc-141">
         <name>.text.I2C0_WaitDone</name>
         <load_address>0x3278</load_address>
         <readonly>true</readonly>
         <executable>true</executable>
         <run_address>0x3278</run_address>
         <size>0xb0</size>
         <alignment>0x2</alignment>
         <input_file_ref idref="fl-b"/>
      </object_component>
      <object_component id="oc-1f3">
         <name>.text</name>
         <load_address>0x3328</load_address>
         <readonly>true</readonly>
         <executable>true</executable>
         <run_address>0x3328</run_address>
         <size>0xb0</size>
         <alignment>0x4</alignment>
         <input_file_ref idref="fl-16d"/>
      </object_component>
      <object_component id="oc-e6">
         <name>.text.App_Common_WiFiConnectAP</name>
         <load_address>0x33d8</load_address>
         <readonly>true</readonly>
         <executable>true</executable>
         <run_address>0x33d8</run_address>
         <size>0xa0</size>
         <alignment>0x2</alignment>
         <input_file_ref idref="fl-4"/>
      </object_component>
      <object_component id="oc-10f">
         <name>.text.Mqtt_Publish</name>
         <load_address>0x3478</load_address>
         <readonly>true</readonly>
         <executable>true</executable>
         <run_address>0x3478</run_address>
         <size>0x9c</size>
         <alignment>0x2</alignment>
         <input_file_ref idref="fl-5"/>
      </object_component>
      <object_component id="oc-2d">
         <name>.text.UART1_Handler</name>
         <load_address>0x3514</load_address>
         <readonly>true</readonly>
         <executable>true</executable>
         <run_address>0x3514</run_address>
         <size>0x96</size>
         <alignment>0x2</alignment>
         <input_file_ref idref="fl-d"/>
      </object_component>
      <object_component id="oc-e2">
         <name>.text.UART1_WaitForPatternAndEcho</name>
         <load_address>0x35aa</load_address>
         <readonly>true</readonly>
         <executable>true</executable>
         <run_address>0x35aa</run_address>
         <size>0x90</size>
         <alignment>0x2</alignment>
         <input_file_ref idref="fl-d"/>
      </object_component>
      <object_component id="oc-1a3">
         <name>.text.UART1_WaitForPattern</name>
         <load_address>0x363a</load_address>
         <readonly>true</readonly>
         <executable>true</executable>
         <run_address>0x363a</run_address>
         <size>0x88</size>
         <alignment>0x2</alignment>
         <input_file_ref idref="fl-d"/>
      </object_component>
      <object_component id="oc-79">
         <name>.text.PortF_Init</name>
         <load_address>0x36c2</load_address>
         <readonly>true</readonly>
         <executable>true</executable>
         <run_address>0x36c2</run_address>
         <size>0x82</size>
         <alignment>0x2</alignment>
         <input_file_ref idref="fl-a"/>
      </object_component>
      <object_component id="oc-1d3">
         <name>.text</name>
         <load_address>0x3744</load_address>
         <readonly>true</readonly>
         <executable>true</executable>
         <run_address>0x3744</run_address>
         <size>0x82</size>
         <alignment>0x4</alignment>
         <input_file_ref idref="fl-166"/>
      </object_component>
      <object_component id="oc-5e">
         <name>.text.main</name>
         <load_address>0x37c6</load_address>
         <readonly>true</readonly>
         <executable>true</executable>
         <run_address>0x37c6</run_address>
         <size>0x7e</size>
         <alignment>0x2</alignment>
         <input_file_ref idref="fl-2"/>
      </object_component>
      <object_component id="oc-15">
         <name>.text:decompress:lzss</name>
         <load_address>0x3844</load_address>
         <readonly>true</readonly>
         <executable>true</executable>
         <run_address>0x3844</run_address>
         <size>0x74</size>
         <alignment>0x2</alignment>
         <input_file_ref idref="fl-45"/>
      </object_component>
      <object_component id="oc-147">
         <name>.text.UART1_PrintDebug</name>
         <load_address>0x38b8</load_address>
         <readonly>true</readonly>
         <executable>true</executable>
         <run_address>0x38b8</run_address>
         <size>0x72</size>
         <alignment>0x2</alignment>
         <input_file_ref idref="fl-d"/>
      </object_component>
      <object_component id="oc-214">
         <name>.text._mcpy</name>
         <load_address>0x392a</load_address>
         <readonly>true</readonly>
         <executable>true</executable>
         <run_address>0x392a</run_address>
         <size>0x70</size>
         <alignment>0x2</alignment>
         <input_file_ref idref="fl-46"/>
      </object_component>
      <object_component id="oc-173">
         <name>.text</name>
         <load_address>0x399c</load_address>
         <readonly>true</readonly>
         <executable>true</executable>
         <run_address>0x399c</run_address>
         <size>0x6e</size>
         <alignment>0x4</alignment>
         <input_file_ref idref="fl-164"/>
      </object_component>
      <object_component id="oc-ae">
         <name>.text:SysCtlDelay</name>
         <load_address>0x3a0a</load_address>
         <readonly>true</readonly>
         <executable>true</executable>
         <run_address>0x3a0a</run_address>
         <size>0x6</size>
         <alignment>0x2</alignment>
         <input_file_ref idref="fl-1c"/>
      </object_component>
      <object_component id="oc-1fd">
         <name>.text.frexp</name>
         <load_address>0x3a10</load_address>
         <readonly>true</readonly>
         <executable>true</executable>
         <run_address>0x3a10</run_address>
         <size>0x68</size>
         <alignment>0x8</alignment>
         <input_file_ref idref="fl-51"/>
      </object_component>
      <object_component id="oc-16e">
         <name>.text.Mqtt_SendPacket</name>
         <load_address>0x3a78</load_address>
         <readonly>true</readonly>
         <executable>true</executable>
         <run_address>0x3a78</run_address>
         <size>0x62</size>
         <alignment>0x2</alignment>
         <input_file_ref idref="fl-5"/>
      </object_component>
      <object_component id="oc-1fa">
         <name>.text.__ledf2</name>
         <load_address>0x3adc</load_address>
         <readonly>true</readonly>
         <executable>true</executable>
         <run_address>0x3adc</run_address>
         <size>0x60</size>
         <alignment>0x4</alignment>
         <input_file_ref idref="fl-165"/>
      </object_component>
      <object_component id="oc-1fb">
         <name>.text.__gedf2</name>
         <load_address>0x3b3c</load_address>
         <readonly>true</readonly>
         <executable>true</executable>
         <run_address>0x3b3c</run_address>
         <size>0x5c</size>
         <alignment>0x4</alignment>
         <input_file_ref idref="fl-165"/>
      </object_component>
      <object_component id="oc-16d">
         <name>.text.MqttPacket_Str</name>
         <load_address>0x3b98</load_address>
         <readonly>true</readonly>
         <executable>true</executable>
         <run_address>0x3b98</run_address>
         <size>0x5a</size>
         <alignment>0x2</alignment>
         <input_file_ref idref="fl-5"/>
      </object_component>
      <object_component id="oc-209">
         <name>.text.__TI_ltoa</name>
         <load_address>0x3bf2</load_address>
         <readonly>true</readonly>
         <executable>true</executable>
         <run_address>0x3bf2</run_address>
         <size>0x56</size>
         <alignment>0x2</alignment>
         <input_file_ref idref="fl-4a"/>
      </object_component>
      <object_component id="oc-1d9">
         <name>.text._pconv_f</name>
         <load_address>0x3c48</load_address>
         <readonly>true</readonly>
         <executable>true</executable>
         <run_address>0x3c48</run_address>
         <size>0x54</size>
         <alignment>0x2</alignment>
         <input_file_ref idref="fl-46"/>
      </object_component>
      <object_component id="oc-d1">
         <name>.text.I2C0_WriteCmdOnly</name>
         <load_address>0x3c9c</load_address>
         <readonly>true</readonly>
         <executable>true</executable>
         <run_address>0x3c9c</run_address>
         <size>0x52</size>
         <alignment>0x2</alignment>
         <input_file_ref idref="fl-b"/>
      </object_component>
      <object_component id="oc-212">
         <name>.text._ecpy</name>
         <load_address>0x3cee</load_address>
         <readonly>true</readonly>
         <executable>true</executable>
         <run_address>0x3cee</run_address>
         <size>0x4e</size>
         <alignment>0x2</alignment>
         <input_file_ref idref="fl-46"/>
      </object_component>
      <object_component id="oc-f6">
         <name>.text.snprintf</name>
         <load_address>0x3d3c</load_address>
         <readonly>true</readonly>
         <executable>true</executable>
         <run_address>0x3d3c</run_address>
         <size>0x48</size>
         <alignment>0x4</alignment>
         <input_file_ref idref="fl-3a"/>
      </object_component>
      <object_component id="oc-205">
         <name>.text</name>
         <load_address>0x3d84</load_address>
         <readonly>true</readonly>
         <executable>true</executable>
         <run_address>0x3d84</run_address>
         <size>0x48</size>
         <alignment>0x4</alignment>
         <input_file_ref idref="fl-162"/>
      </object_component>
      <object_component id="oc-d4">
         <name>.text.UART1_ClearRxBuffer</name>
         <load_address>0x3dcc</load_address>
         <readonly>true</readonly>
         <executable>true</executable>
         <run_address>0x3dcc</run_address>
         <size>0x46</size>
         <alignment>0x2</alignment>
         <input_file_ref idref="fl-d"/>
      </object_component>
      <object_component id="oc-1bb">
         <name>.text.atoi</name>
         <load_address>0x3e14</load_address>
         <readonly>true</readonly>
         <executable>true</executable>
         <run_address>0x3e14</run_address>
         <size>0x44</size>
         <alignment>0x4</alignment>
         <input_file_ref idref="fl-4d"/>
      </object_component>
      <object_component id="oc-85">
         <name>.text.LCD_Init</name>
         <load_address>0x3e58</load_address>
         <readonly>true</readonly>
         <executable>true</executable>
         <run_address>0x3e58</run_address>
         <size>0x40</size>
         <alignment>0x2</alignment>
         <input_file_ref idref="fl-7"/>
      </object_component>
      <object_component id="oc-1a1">
         <name>.text.UART1_WriteRaw</name>
         <load_address>0x3e98</load_address>
         <readonly>true</readonly>
         <executable>true</executable>
         <run_address>0x3e98</run_address>
         <size>0x40</size>
         <alignment>0x2</alignment>
         <input_file_ref idref="fl-d"/>
      </object_component>
      <object_component id="oc-95">
         <name>.text:__TI_auto_init_nobinit_nopinit</name>
         <load_address>0x3ed8</load_address>
         <readonly>true</readonly>
         <executable>true</executable>
         <run_address>0x3ed8</run_address>
         <size>0x38</size>
         <alignment>0x4</alignment>
         <input_file_ref idref="fl-40"/>
      </object_component>
      <object_component id="oc-109">
         <name>.text</name>
         <load_address>0x3f10</load_address>
         <readonly>true</readonly>
         <executable>true</executable>
         <run_address>0x3f10</run_address>
         <size>0x38</size>
         <alignment>0x4</alignment>
         <input_file_ref idref="fl-161"/>
      </object_component>
      <object_component id="oc-213">
         <name>.text._fcpy</name>
         <load_address>0x3f48</load_address>
         <readonly>true</readonly>
         <executable>true</executable>
         <run_address>0x3f48</run_address>
         <size>0x34</size>
         <alignment>0x2</alignment>
         <input_file_ref idref="fl-46"/>
      </object_component>
      <object_component id="oc-47">
         <name>.text:_c_int00_noargs</name>
         <load_address>0x3f7c</load_address>
         <readonly>true</readonly>
         <executable>true</executable>
         <run_address>0x3f7c</run_address>
         <size>0x34</size>
         <alignment>0x4</alignment>
         <input_file_ref idref="fl-3e"/>
      </object_component>
      <object_component id="oc-d3">
         <name>.text.Delay_ms</name>
         <load_address>0x3fb0</load_address>
         <readonly>true</readonly>
         <executable>true</executable>
         <run_address>0x3fb0</run_address>
         <size>0x32</size>
         <alignment>0x2</alignment>
         <input_file_ref idref="fl-4"/>
      </object_component>
      <object_component id="oc-c9">
         <name>.text.Delay_ms</name>
         <load_address>0x3fe2</load_address>
         <readonly>true</readonly>
         <executable>true</executable>
         <run_address>0x3fe2</run_address>
         <size>0x32</size>
         <alignment>0x2</alignment>
         <input_file_ref idref="fl-7"/>
      </object_component>
      <object_component id="oc-87">
         <name>.text.Delay_ms</name>
         <load_address>0x4014</load_address>
         <readonly>true</readonly>
         <executable>true</executable>
         <run_address>0x4014</run_address>
         <size>0x32</size>
         <alignment>0x2</alignment>
         <input_file_ref idref="fl-2"/>
      </object_component>
      <object_component id="oc-1cd">
         <name>.text.__aeabi_dcmpun</name>
         <load_address>0x4048</load_address>
         <readonly>true</readonly>
         <executable>true</executable>
         <run_address>0x4048</run_address>
         <size>0x30</size>
         <alignment>0x4</alignment>
         <input_file_ref idref="fl-165"/>
      </object_component>
      <object_component id="oc-166">
         <name>.text._outs</name>
         <load_address>0x4078</load_address>
         <readonly>true</readonly>
         <executable>true</executable>
         <run_address>0x4078</run_address>
         <size>0x30</size>
         <alignment>0x2</alignment>
         <input_file_ref idref="fl-3a"/>
      </object_component>
      <object_component id="oc-86">
         <name>.text.LCD_TestInit</name>
         <load_address>0x40a8</load_address>
         <readonly>true</readonly>
         <executable>true</executable>
         <run_address>0x40a8</run_address>
         <size>0x2e</size>
         <alignment>0x2</alignment>
         <input_file_ref idref="fl-7"/>
      </object_component>
      <object_component id="oc-c6">
         <name>.text.UART0_WriteChar</name>
         <load_address>0x40d6</load_address>
         <readonly>true</readonly>
         <executable>true</executable>
         <run_address>0x40d6</run_address>
         <size>0x2e</size>
         <alignment>0x2</alignment>
         <input_file_ref idref="fl-c"/>
      </object_component>
      <object_component id="oc-156">
         <name>.text.UART1_WriteChar</name>
         <load_address>0x4104</load_address>
         <readonly>true</readonly>
         <executable>true</executable>
         <run_address>0x4104</run_address>
         <size>0x2e</size>
         <alignment>0x2</alignment>
         <input_file_ref idref="fl-d"/>
      </object_component>
      <object_component id="oc-20d">
         <name>.text</name>
         <load_address>0x4134</load_address>
         <readonly>true</readonly>
         <executable>true</executable>
         <run_address>0x4134</run_address>
         <size>0x2e</size>
         <alignment>0x4</alignment>
         <input_file_ref idref="fl-163"/>
      </object_component>
      <object_component id="oc-16b">
         <name>.text.MqttPacket_Byte</name>
         <load_address>0x4162</load_address>
         <readonly>true</readonly>
         <executable>true</executable>
         <run_address>0x4162</run_address>
         <size>0x2c</size>
         <alignment>0x2</alignment>
         <input_file_ref idref="fl-5"/>
      </object_component>
      <object_component id="oc-ec">
         <name>.text.strstr</name>
         <load_address>0x418e</load_address>
         <readonly>true</readonly>
         <executable>true</executable>
         <run_address>0x418e</run_address>
         <size>0x2c</size>
         <alignment>0x2</alignment>
         <input_file_ref idref="fl-3d"/>
      </object_component>
      <object_component id="oc-192">
         <name>.text.memmove</name>
         <load_address>0x41ba</load_address>
         <readonly>true</readonly>
         <executable>true</executable>
         <run_address>0x41ba</run_address>
         <size>0x28</size>
         <alignment>0x2</alignment>
         <input_file_ref idref="fl-176"/>
      </object_component>
      <object_component id="oc-ca">
         <name>.text.LCD_Command</name>
         <load_address>0x41e2</load_address>
         <readonly>true</readonly>
         <executable>true</executable>
         <run_address>0x41e2</run_address>
         <size>0x26</size>
         <alignment>0x2</alignment>
         <input_file_ref idref="fl-7"/>
      </object_component>
      <object_component id="oc-c3">
         <name>.text.UART0_WriteString</name>
         <load_address>0x4208</load_address>
         <readonly>true</readonly>
         <executable>true</executable>
         <run_address>0x4208</run_address>
         <size>0x24</size>
         <alignment>0x2</alignment>
         <input_file_ref idref="fl-c"/>
      </object_component>
      <object_component id="oc-190">
         <name>.text.UART1_DelayMs</name>
         <load_address>0x422c</load_address>
         <readonly>true</readonly>
         <executable>true</executable>
         <run_address>0x422c</run_address>
         <size>0x24</size>
         <alignment>0x2</alignment>
         <input_file_ref idref="fl-d"/>
      </object_component>
      <object_component id="oc-148">
         <name>.text.UART1_FlushRxFifo</name>
         <load_address>0x4250</load_address>
         <readonly>true</readonly>
         <executable>true</executable>
         <run_address>0x4250</run_address>
         <size>0x22</size>
         <alignment>0x2</alignment>
         <input_file_ref idref="fl-d"/>
      </object_component>
      <object_component id="oc-1af">
         <name>.text.UART1_TicksPerMs</name>
         <load_address>0x4272</load_address>
         <readonly>true</readonly>
         <executable>true</executable>
         <run_address>0x4272</run_address>
         <size>0x22</size>
         <alignment>0x2</alignment>
         <input_file_ref idref="fl-d"/>
      </object_component>
      <object_component id="oc-e1">
         <name>.text.UART1_WriteString</name>
         <load_address>0x4294</load_address>
         <readonly>true</readonly>
         <executable>true</executable>
         <run_address>0x4294</run_address>
         <size>0x22</size>
         <alignment>0x2</alignment>
         <input_file_ref idref="fl-d"/>
      </object_component>
      <object_component id="oc-1b4">
         <name>.text.memccpy</name>
         <load_address>0x42b6</load_address>
         <readonly>true</readonly>
         <executable>true</executable>
         <run_address>0x42b6</run_address>
         <size>0x22</size>
         <alignment>0x2</alignment>
         <input_file_ref idref="fl-4f"/>
      </object_component>
      <object_component id="oc-88">
         <name>.text.LCD_WriteChar</name>
         <load_address>0x42d8</load_address>
         <readonly>true</readonly>
         <executable>true</executable>
         <run_address>0x42d8</run_address>
         <size>0x18</size>
         <alignment>0x2</alignment>
         <input_file_ref idref="fl-7"/>
      </object_component>
      <object_component id="oc-167">
         <name>.text._outc</name>
         <load_address>0x42f0</load_address>
         <readonly>true</readonly>
         <executable>true</executable>
         <run_address>0x42f0</run_address>
         <size>0x18</size>
         <alignment>0x2</alignment>
         <input_file_ref idref="fl-3a"/>
      </object_component>
      <object_component id="oc-1c9">
         <name>.text</name>
         <load_address>0x4308</load_address>
         <readonly>true</readonly>
         <executable>true</executable>
         <run_address>0x4308</run_address>
         <size>0x14</size>
         <alignment>0x4</alignment>
         <input_file_ref idref="fl-169"/>
      </object_component>
      <object_component id="oc-69">
         <name>.text:TI_memcpy_small</name>
         <load_address>0x431c</load_address>
         <readonly>true</readonly>
         <executable>true</executable>
         <run_address>0x431c</run_address>
         <size>0x12</size>
         <alignment>0x1</alignment>
         <input_file_ref idref="fl-174"/>
      </object_component>
      <object_component id="oc-56">
         <name>.text</name>
         <load_address>0x4330</load_address>
         <readonly>true</readonly>
         <executable>true</executable>
         <run_address>0x4330</run_address>
         <size>0x12</size>
         <alignment>0x4</alignment>
         <input_file_ref idref="fl-16c"/>
      </object_component>
      <object_component id="oc-89">
         <name>.text.AM2301B_Init</name>
         <load_address>0x4342</load_address>
         <readonly>true</readonly>
         <executable>true</executable>
         <run_address>0x4342</run_address>
         <size>0x10</size>
         <alignment>0x2</alignment>
         <input_file_ref idref="fl-6"/>
      </object_component>
      <object_component id="oc-16a">
         <name>.text.MqttPacket_Init</name>
         <load_address>0x4352</load_address>
         <readonly>true</readonly>
         <executable>true</executable>
         <run_address>0x4352</run_address>
         <size>0x10</size>
         <alignment>0x2</alignment>
         <input_file_ref idref="fl-5"/>
      </object_component>
      <object_component id="oc-211">
         <name>.text.strchr</name>
         <load_address>0x4362</load_address>
         <readonly>true</readonly>
         <executable>true</executable>
         <run_address>0x4362</run_address>
         <size>0x10</size>
         <alignment>0x2</alignment>
         <input_file_ref idref="fl-46"/>
      </object_component>
      <object_component id="oc-1bf">
         <name>.text.wcslen</name>
         <load_address>0x4372</load_address>
         <readonly>true</readonly>
         <executable>true</executable>
         <run_address>0x4372</run_address>
         <size>0x10</size>
         <alignment>0x2</alignment>
         <input_file_ref idref="fl-53"/>
      </object_component>
      <object_component id="oc-7c">
         <name>.text:IntMasterEnable</name>
         <load_address>0x4382</load_address>
         <readonly>true</readonly>
         <executable>true</executable>
         <run_address>0x4382</run_address>
         <size>0x10</size>
         <alignment>0x2</alignment>
         <input_file_ref idref="fl-1b"/>
      </object_component>
      <object_component id="oc-44">
         <name>.text:decompress:ZI</name>
         <load_address>0x4392</load_address>
         <readonly>true</readonly>
         <executable>true</executable>
         <run_address>0x4392</run_address>
         <size>0x10</size>
         <alignment>0x2</alignment>
         <input_file_ref idref="fl-43"/>
      </object_component>
      <object_component id="oc-1b3">
         <name>.text.strlen</name>
         <load_address>0x43a2</load_address>
         <readonly>true</readonly>
         <executable>true</executable>
         <run_address>0x43a2</run_address>
         <size>0xe</size>
         <alignment>0x2</alignment>
         <input_file_ref idref="fl-46"/>
      </object_component>
      <object_component id="oc-142">
         <name>.text.strlen</name>
         <load_address>0x43b0</load_address>
         <readonly>true</readonly>
         <executable>true</executable>
         <run_address>0x43b0</run_address>
         <size>0xe</size>
         <alignment>0x2</alignment>
         <input_file_ref idref="fl-3c"/>
      </object_component>
      <object_component id="oc-a8">
         <name>.text:TI_memset_small</name>
         <load_address>0x43be</load_address>
         <readonly>true</readonly>
         <executable>true</executable>
         <run_address>0x43be</run_address>
         <size>0xe</size>
         <alignment>0x1</alignment>
         <input_file_ref idref="fl-175"/>
      </object_component>
      <object_component id="oc-19">
         <name>.text:decompress:none</name>
         <load_address>0x43cc</load_address>
         <readonly>true</readonly>
         <executable>true</executable>
         <run_address>0x43cc</run_address>
         <size>0xe</size>
         <alignment>0x2</alignment>
         <input_file_ref idref="fl-44"/>
      </object_component>
      <object_component id="oc-b6">
         <name>.text:CPUcpsie</name>
         <load_address>0x43da</load_address>
         <readonly>true</readonly>
         <executable>true</executable>
         <run_address>0x43da</run_address>
         <size>0xc</size>
         <alignment>0x2</alignment>
         <input_file_ref idref="fl-1d"/>
      </object_component>
      <object_component id="oc-1c3">
         <name>.text.__aeabi_errno_addr</name>
         <load_address>0x43e8</load_address>
         <readonly>true</readonly>
         <executable>true</executable>
         <run_address>0x43e8</run_address>
         <size>0x8</size>
         <alignment>0x4</alignment>
         <input_file_ref idref="fl-47"/>
      </object_component>
      <object_component id="oc-8e">
         <name>.text:abort</name>
         <load_address>0x43f0</load_address>
         <readonly>true</readonly>
         <executable>true</executable>
         <run_address>0x43f0</run_address>
         <size>0x6</size>
         <alignment>0x2</alignment>
         <input_file_ref idref="fl-48"/>
      </object_component>
      <object_component id="oc-115">
         <name>.text.HOSTexit</name>
         <load_address>0x43f6</load_address>
         <readonly>true</readonly>
         <executable>true</executable>
         <run_address>0x43f6</run_address>
         <size>0x4</size>
         <alignment>0x2</alignment>
         <input_file_ref idref="fl-150"/>
      </object_component>
      <object_component id="oc-2c">
         <name>.text.IntDefaultHandler</name>
         <load_address>0x43fa</load_address>
         <readonly>true</readonly>
         <executable>true</executable>
         <run_address>0x43fa</run_address>
         <size>0x4</size>
         <alignment>0x2</alignment>
         <input_file_ref idref="fl-1"/>
      </object_component>
      <object_component id="oc-2a">
         <name>.text.NmiSR</name>
         <load_address>0x43fe</load_address>
         <readonly>true</readonly>
         <executable>true</executable>
         <run_address>0x43fe</run_address>
         <size>0x4</size>
         <alignment>0x2</alignment>
         <input_file_ref idref="fl-1"/>
      </object_component>
      <object_component id="oc-233">
         <name>.text.__aeabi_ddiv</name>
         <load_address>0x4402</load_address>
         <readonly>true</readonly>
         <executable>true</executable>
         <run_address>0x4402</run_address>
         <size>0x4</size>
         <alignment>0x2</alignment>
         <input_file_ref idref="fl-167"/>
      </object_component>
      <object_component id="oc-1aa">
         <name>.text.__aeabi_dmul</name>
         <load_address>0x4406</load_address>
         <readonly>true</readonly>
         <executable>true</executable>
         <run_address>0x4406</run_address>
         <size>0x4</size>
         <alignment>0x2</alignment>
         <input_file_ref idref="fl-168"/>
      </object_component>
      <object_component id="oc-5a">
         <name>.text._system_pre_init</name>
         <load_address>0x440a</load_address>
         <readonly>true</readonly>
         <executable>true</executable>
         <run_address>0x440a</run_address>
         <size>0x4</size>
         <alignment>0x2</alignment>
         <input_file_ref idref="fl-41"/>
      </object_component>
      <object_component id="oc-37">
         <name>.text</name>
         <load_address>0x4410</load_address>
         <readonly>true</readonly>
         <executable>true</executable>
         <run_address>0x4410</run_address>
         <size>0x4</size>
         <alignment>0x4</alignment>
         <input_file_ref idref="fl-16a"/>
      </object_component>
      <object_component id="oc-15e">
         <name>.text</name>
         <load_address>0x4414</load_address>
         <readonly>true</readonly>
         <executable>true</executable>
         <run_address>0x4414</run_address>
         <size>0x4</size>
         <alignment>0x4</alignment>
         <input_file_ref idref="fl-16b"/>
      </object_component>
      <object_component id="oc-13d">
         <name>.const:g_pui32Xtals</name>
         <load_address>0x4418</load_address>
         <readonly>true</readonly>
         <run_address>0x4418</run_address>
         <size>0x6c</size>
         <alignment>0x4</alignment>
         <input_file_ref idref="fl-1c"/>
      </object_component>
      <object_component id="oc-288">
         <name>__TI_handler_table</name>
         <load_address>0x49a0</load_address>
         <readonly>true</readonly>
         <run_address>0x49a0</run_address>
         <size>0xc</size>
         <alignment>0x4</alignment>
      </object_component>
      <object_component id="oc-28b">
         <name>.cinit..bss.load</name>
         <load_address>0x49ac</load_address>
         <readonly>true</readonly>
         <run_address>0x49ac</run_address>
         <size>0x8</size>
         <alignment>0x4</alignment>
      </object_component>
      <object_component id="oc-28a">
         <name>.cinit..data.load</name>
         <load_address>0x49b4</load_address>
         <readonly>true</readonly>
         <run_address>0x49b4</run_address>
         <size>0x7</size>
         <alignment>0x1</alignment>
      </object_component>
      <object_component id="oc-289">
         <name>__TI_cinit_table</name>
         <load_address>0x49bc</load_address>
         <readonly>true</readonly>
         <run_address>0x49bc</run_address>
         <size>0x10</size>
         <alignment>0x4</alignment>
      </object_component>
      <object_component id="oc-4e">
         <name>.data.rx_head</name>
         <load_address>0x20000914</load_address>
         <readwrite>true</readwrite>
         <run_address>0x20000914</run_address>
         <size>0x4</size>
         <alignment>0x4</alignment>
         <input_file_ref idref="fl-d"/>
      </object_component>
      <object_component id="oc-4f">
         <name>.data.rx_tail</name>
         <load_address>0x20000918</load_address>
         <readwrite>true</readwrite>
         <run_address>0x20000918</run_address>
         <size>0x4</size>
         <alignment>0x4</alignment>
         <input_file_ref idref="fl-d"/>
      </object_component>
      <object_component id="oc-50">
         <name>.data.rx_buffer_overflow</name>
         <load_address>0x2000091c</load_address>
         <readwrite>true</readwrite>
         <run_address>0x2000091c</run_address>
         <size>0x1</size>
         <alignment>0x1</alignment>
         <input_file_ref idref="fl-d"/>
      </object_component>
      <object_component id="oc-1ef">
         <name>.data.__aeabi_errno</name>
         <load_address>0x20000910</load_address>
         <readwrite>true</readwrite>
         <run_address>0x20000910</run_address>
         <size>0x4</size>
         <alignment>0x4</alignment>
         <input_file_ref idref="fl-47"/>
      </object_component>
      <object_component id="oc-51">
         <name>.bss.rx_buffer</name>
         <uninitialized>true</uninitialized>
         <readwrite>true</readwrite>
         <run_address>0x20000000</run_address>
         <size>0x800</size>
         <alignment>0x1</alignment>
         <input_file_ref idref="fl-d"/>
      </object_component>
      <object_component id="oc-8a">
         <name>.common:system</name>
         <uninitialized>true</uninitialized>
         <readwrite>true</readwrite>
         <run_address>0x20000800</run_address>
         <size>0xa</size>
         <alignment>0x2</alignment>
      </object_component>
      <object_component id="oc-13">
         <name>.stack</name>
         <uninitialized>true</uninitialized>
         <readwrite>true</readwrite>
         <run_address>0x20000810</run_address>
         <size>0x4</size>
         <alignment>0x4</alignment>
         <input_file_ref idref="fl-3e"/>
      </object_component>
      <object_component id="oc-28d">
         <name>.stack</name>
         <uninitialized>true</uninitialized>
         <readwrite>true</readwrite>
         <run_address>0x20000810</run_address>
         <size>0x0</size>
         <alignment>0x8</alignment>
      </object_component>
      <object_component id="oc-1e8">
         <name>.rodata:__aeabi_ctype_table_</name>
         <load_address>0x4490</load_address>
         <readonly>true</readonly>
         <run_address>0x4490</run_address>
         <size>0x101</size>
         <alignment>0x10</alignment>
         <input_file_ref idref="fl-59"/>
      </object_component>
      <object_component id="oc-15d">
         <name>.rodata.str1.6528687957572510311.1</name>
         <load_address>0x4591</load_address>
         <readonly>true</readonly>
         <run_address>0x4591</run_address>
         <size>0x29</size>
         <alignment>0x1</alignment>
         <input_file_ref idref="fl-4"/>
      </object_component>
      <object_component id="oc-f4">
         <name>.rodata.str1.483180027205750724.1</name>
         <load_address>0x45ba</load_address>
         <readonly>true</readonly>
         <run_address>0x45ba</run_address>
         <size>0x23</size>
         <alignment>0x1</alignment>
         <input_file_ref idref="fl-4"/>
      </object_component>
      <object_component id="oc-d2">
         <name>.rodata.str1.16225088277312927915.1</name>
         <load_address>0x45dd</load_address>
         <readonly>true</readonly>
         <run_address>0x45dd</run_address>
         <size>0x20</size>
         <alignment>0x1</alignment>
         <input_file_ref idref="fl-4"/>
      </object_component>
      <object_component id="oc-df">
         <name>.rodata.str1.13413388549492472208.1</name>
         <load_address>0x45fd</load_address>
         <readonly>true</readonly>
         <run_address>0x45fd</run_address>
         <size>0x1f</size>
         <alignment>0x1</alignment>
         <input_file_ref idref="fl-4"/>
      </object_component>
      <object_component id="oc-e3">
         <name>.rodata.str1.15297355126783084090.1</name>
         <load_address>0x461c</load_address>
         <readonly>true</readonly>
         <run_address>0x461c</run_address>
         <size>0x1f</size>
         <alignment>0x1</alignment>
         <input_file_ref idref="fl-4"/>
      </object_component>
      <object_component id="oc-15a">
         <name>.rodata.str1.15932952478000258479.1</name>
         <load_address>0x463b</load_address>
         <readonly>true</readonly>
         <run_address>0x463b</run_address>
         <size>0x1c</size>
         <alignment>0x1</alignment>
         <input_file_ref idref="fl-4"/>
      </object_component>
      <object_component id="oc-f1">
         <name>.rodata.str1.17371231995097499911.1</name>
         <load_address>0x4657</load_address>
         <readonly>true</readonly>
         <run_address>0x4657</run_address>
         <size>0x1b</size>
         <alignment>0x1</alignment>
         <input_file_ref idref="fl-4"/>
      </object_component>
      <object_component id="oc-f5">
         <name>.rodata.str1.3188423377676684541.1</name>
         <load_address>0x4672</load_address>
         <readonly>true</readonly>
         <run_address>0x4672</run_address>
         <size>0x1a</size>
         <alignment>0x1</alignment>
         <input_file_ref idref="fl-4"/>
      </object_component>
      <object_component id="oc-f0">
         <name>.rodata.str1.6469349170187891810.1</name>
         <load_address>0x468c</load_address>
         <readonly>true</readonly>
         <run_address>0x468c</run_address>
         <size>0x19</size>
         <alignment>0x1</alignment>
         <input_file_ref idref="fl-4"/>
      </object_component>
      <object_component id="oc-10d">
         <name>.rodata.str1.6858423907132777704.1</name>
         <load_address>0x46a5</load_address>
         <readonly>true</readonly>
         <run_address>0x46a5</run_address>
         <size>0x19</size>
         <alignment>0x1</alignment>
         <input_file_ref idref="fl-4"/>
      </object_component>
      <object_component id="oc-ff">
         <name>.rodata.str1.2012820364827226503.1</name>
         <load_address>0x46be</load_address>
         <readonly>true</readonly>
         <run_address>0x46be</run_address>
         <size>0x18</size>
         <alignment>0x1</alignment>
         <input_file_ref idref="fl-4"/>
      </object_component>
      <object_component id="oc-e8">
         <name>.rodata.str1.16546099650905957834.1</name>
         <load_address>0x46d6</load_address>
         <readonly>true</readonly>
         <run_address>0x46d6</run_address>
         <size>0x16</size>
         <alignment>0x1</alignment>
         <input_file_ref idref="fl-4"/>
      </object_component>
      <object_component id="oc-15c">
         <name>.rodata.str1.6488220512292036259.1</name>
         <load_address>0x46ec</load_address>
         <readonly>true</readonly>
         <run_address>0x46ec</run_address>
         <size>0x16</size>
         <alignment>0x1</alignment>
         <input_file_ref idref="fl-4"/>
      </object_component>
      <object_component id="oc-106">
         <name>.rodata.str1.10429554286195325064.1</name>
         <load_address>0x4702</load_address>
         <readonly>true</readonly>
         <run_address>0x4702</run_address>
         <size>0x15</size>
         <alignment>0x1</alignment>
         <input_file_ref idref="fl-4"/>
      </object_component>
      <object_component id="oc-dd">
         <name>.rodata.str1.15841481993680758348.1</name>
         <load_address>0x4717</load_address>
         <readonly>true</readonly>
         <run_address>0x4717</run_address>
         <size>0x14</size>
         <alignment>0x1</alignment>
         <input_file_ref idref="fl-4"/>
      </object_component>
      <object_component id="oc-111">
         <name>.rodata.str1.17116982383396894824.1</name>
         <load_address>0x472b</load_address>
         <readonly>true</readonly>
         <run_address>0x472b</run_address>
         <size>0x14</size>
         <alignment>0x1</alignment>
         <input_file_ref idref="fl-4"/>
      </object_component>
      <object_component id="oc-114">
         <name>.rodata.str1.1792150719650926156.1</name>
         <load_address>0x473f</load_address>
         <readonly>true</readonly>
         <run_address>0x473f</run_address>
         <size>0x14</size>
         <alignment>0x1</alignment>
         <input_file_ref idref="fl-4"/>
      </object_component>
      <object_component id="oc-159">
         <name>.rodata.str1.15986675398430671601.1</name>
         <load_address>0x4753</load_address>
         <readonly>true</readonly>
         <run_address>0x4753</run_address>
         <size>0x13</size>
         <alignment>0x1</alignment>
         <input_file_ref idref="fl-4"/>
      </object_component>
      <object_component id="oc-113">
         <name>.rodata.str1.6071548003363279629.1</name>
         <load_address>0x4766</load_address>
         <readonly>true</readonly>
         <run_address>0x4766</run_address>
         <size>0x13</size>
         <alignment>0x1</alignment>
         <input_file_ref idref="fl-4"/>
      </object_component>
      <object_component id="oc-de">
         <name>.rodata.str1.11918709766738123712.1</name>
         <load_address>0x4779</load_address>
         <readonly>true</readonly>
         <run_address>0x4779</run_address>
         <size>0x12</size>
         <alignment>0x1</alignment>
         <input_file_ref idref="fl-4"/>
      </object_component>
      <object_component id="oc-110">
         <name>.rodata.str1.5598573169653468338.1</name>
         <load_address>0x478b</load_address>
         <readonly>true</readonly>
         <run_address>0x478b</run_address>
         <size>0x12</size>
         <alignment>0x1</alignment>
         <input_file_ref idref="fl-4"/>
      </object_component>
      <object_component id="oc-1c8">
         <name>.rodata.str1.10348868589481759720.1</name>
         <load_address>0x479d</load_address>
         <readonly>true</readonly>
         <run_address>0x479d</run_address>
         <size>0x11</size>
         <alignment>0x1</alignment>
         <input_file_ref idref="fl-46"/>
      </object_component>
      <object_component id="oc-1b8">
         <name>.rodata.str1.15363888844622738466.1</name>
         <load_address>0x47ae</load_address>
         <readonly>true</readonly>
         <run_address>0x47ae</run_address>
         <size>0x11</size>
         <alignment>0x1</alignment>
         <input_file_ref idref="fl-46"/>
      </object_component>
      <object_component id="oc-e7">
         <name>.rodata.str1.2473626441357759200.1</name>
         <load_address>0x47bf</load_address>
         <readonly>true</readonly>
         <run_address>0x47bf</run_address>
         <size>0x11</size>
         <alignment>0x1</alignment>
         <input_file_ref idref="fl-4"/>
      </object_component>
      <object_component id="oc-100">
         <name>.rodata.str1.2970959555391549778.1</name>
         <load_address>0x47d0</load_address>
         <readonly>true</readonly>
         <run_address>0x47d0</run_address>
         <size>0x11</size>
         <alignment>0x1</alignment>
         <input_file_ref idref="fl-4"/>
      </object_component>
      <object_component id="oc-107">
         <name>.rodata.str1.6360017490550387393.1</name>
         <load_address>0x47e1</load_address>
         <readonly>true</readonly>
         <run_address>0x47e1</run_address>
         <size>0x11</size>
         <alignment>0x1</alignment>
         <input_file_ref idref="fl-4"/>
      </object_component>
      <object_component id="oc-fe">
         <name>.rodata.str1.7258265919487828035.1</name>
         <load_address>0x47f2</load_address>
[...]
         <object_component_ref idref="oc-5e"/>
      </symbol>
      <symbol id="sm-3f">
         <name>system</name>
         <value>0x20000800</value>
      </symbol>
      <symbol id="sm-79">
         <name>App_Common_WiFiConnectAP</name>
         <value>0x33d9</value>
         <object_component_ref idref="oc-e6"/>
      </symbol>
      <symbol id="sm-7a">
         <name>App_Common_RunEsp8266Sequence</name>
         <value>0x13f1</value>
         <object_component_ref idref="oc-8b"/>
      </symbol>
      <symbol id="sm-7b">
         <name>App_Common_MqttConnect</name>
         <value>0x1961</value>
         <object_component_ref idref="oc-8c"/>
      </symbol>
      <symbol id="sm-7c">
         <name>App_Common_MqttPublishLoop</name>
         <value>0x2cff</value>
         <object_component_ref idref="oc-8d"/>
      </symbol>
      <symbol id="sm-8c">
         <name>Mqtt_Connect</name>
         <value>0x2c15</value>
         <object_component_ref idref="oc-105"/>
      </symbol>
      <symbol id="sm-8d">
         <name>Mqtt_Publish</name>
         <value>0x3479</value>
         <object_component_ref idref="oc-10f"/>
      </symbol>
      <symbol id="sm-92">
         <name>AM2301B_Init</name>
         <value>0x4343</value>
         <object_component_ref idref="oc-89"/>
      </symbol>
      <symbol id="sm-93">
         <name>AM2301B_Read</name>
         <value>0x1c81</value>
         <object_component_ref idref="oc-108"/>
      </symbol>
      <symbol id="sm-9c">
         <name>LCD_TestInit</name>
         <value>0x40a9</value>
         <object_component_ref idref="oc-86"/>
      </symbol>
      <symbol id="sm-9d">
         <name>LCD_Command</name>
         <value>0x41e3</value>
         <object_component_ref idref="oc-ca"/>
      </symbol>
      <symbol id="sm-9e">
         <name>I2C0_BurstWrite</name>
         <value>0x209d</value>
         <object_component_ref idref="oc-13c"/>
      </symbol>
      <symbol id="sm-9f">
         <name>LCD_Init</name>
         <value>0x3e59</value>
         <object_component_ref idref="oc-85"/>
      </symbol>
      <symbol id="sm-a0">
         <name>LCD_WriteChar</name>
         <value>0x42d9</value>
         <object_component_ref idref="oc-88"/>
      </symbol>
      <symbol id="sm-a4">
         <name>ADC0_Init</name>
         <value>0x3109</value>
         <object_component_ref idref="oc-82"/>
      </symbol>
      <symbol id="sm-a7">
         <name>PortF_Init</name>
         <value>0x36c3</value>
         <object_component_ref idref="oc-79"/>
      </symbol>
      <symbol id="sm-b5">
         <name>I2C0_Init</name>
         <value>0x2f89</value>
         <object_component_ref idref="oc-83"/>
      </symbol>
      <symbol id="sm-b6">
         <name>I2C0_WriteCmdOnly</name>
         <value>0x3c9d</value>
         <object_component_ref idref="oc-d1"/>
      </symbol>
      <symbol id="sm-b7">
         <name>I2C0_ProbeAddr</name>
         <value>0x23f9</value>
         <object_component_ref idref="oc-c4"/>
      </symbol>
      <symbol id="sm-b8">
         <name>I2C0_ScanBus</name>
         <value>0x2ebf</value>
         <object_component_ref idref="oc-84"/>
      </symbol>
      <symbol id="sm-b9">
         <name>I2C0_ReadBytes</name>
         <value>0x22df</value>
         <object_component_ref idref="oc-171"/>
      </symbol>
      <symbol id="sm-ba">
         <name>I2C0_WriteBytesOnly</name>
         <value>0x2939</value>
         <object_component_ref idref="oc-170"/>
      </symbol>
      <symbol id="sm-bf">
         <name>UART0_Init</name>
         <value>0x2de3</value>
         <object_component_ref idref="oc-7a"/>
      </symbol>
      <symbol id="sm-c0">
         <name>UART0_WriteChar</name>
         <value>0x40d7</value>
         <object_component_ref idref="oc-c6"/>
      </symbol>
      <symbol id="sm-c1">
         <name>UART0_WriteString</name>
         <value>0x4209</value>
         <object_component_ref idref="oc-c3"/>
      </symbol>
      <symbol id="sm-ea">
         <name>UART1_Init</name>
         <value>0x2735</value>
         <object_component_ref idref="oc-7b"/>
      </symbol>
      <symbol id="sm-eb">
         <name>UART1_WriteChar</name>
         <value>0x4105</value>
         <object_component_ref idref="oc-156"/>
      </symbol>
      <symbol id="sm-ec">
         <name>UART1_WriteString</name>
         <value>0x4295</value>
         <object_component_ref idref="oc-e1"/>
      </symbol>
      <symbol id="sm-ed">
         <name>UART1_WriteRaw</name>
         <value>0x3e99</value>
         <object_component_ref idref="oc-1a1"/>
      </symbol>
      <symbol id="sm-ee">
         <name>UART1_ClearRxBuffer</name>
         <value>0x3dcd</value>
         <object_component_ref idref="oc-d4"/>
      </symbol>
      <symbol id="sm-ef">
         <name>UART1_Handler</name>
         <value>0x3515</value>
         <object_component_ref idref="oc-2d"/>
      </symbol>
      <symbol id="sm-f0">
         <name>AT_Send_Command</name>
         <value>0x1af7</value>
         <object_component_ref idref="oc-d7"/>
      </symbol>
      <symbol id="sm-f1">
         <name>UART1_CaptureResponse</name>
         <value>0x304b</value>
         <object_component_ref idref="oc-ea"/>
      </symbol>
      <symbol id="sm-f2">
         <name>UART1_ReadIpdData</name>
         <value>0x21bf</value>
         <object_component_ref idref="oc-16f"/>
      </symbol>
      <symbol id="sm-f3">
         <name>UART1_GetRxBufferData</name>
         <value>0x2b25</value>
         <object_component_ref idref="oc-101"/>
      </symbol>
      <symbol id="sm-f4">
         <name>UART1_WaitForPattern</name>
         <value>0x363b</value>
         <object_component_ref idref="oc-1a3"/>
      </symbol>
      <symbol id="sm-f5">
         <name>UART1_WaitForPatternAndEcho</name>
         <value>0x35ab</value>
         <object_component_ref idref="oc-e2"/>
      </symbol>
      <symbol id="sm-f6">
         <name>__TI_ATRegion0_src_addr</name>
         <value>0x0</value>
      </symbol>
      <symbol id="sm-f7">
         <name>__TI_ATRegion0_trg_addr</name>
         <value>0x0</value>
      </symbol>
      <symbol id="sm-f8">
         <name>__TI_ATRegion0_region_sz</name>
         <value>0x0</value>
      </symbol>
      <symbol id="sm-f9">
         <name>__TI_ATRegion1_src_addr</name>
         <value>0x0</value>
      </symbol>
      <symbol id="sm-fa">
         <name>__TI_ATRegion1_trg_addr</name>
         <value>0x0</value>
      </symbol>
      <symbol id="sm-fb">
         <name>__TI_ATRegion1_region_sz</name>
         <value>0x0</value>
      </symbol>
      <symbol id="sm-fc">
         <name>__TI_ATRegion2_src_addr</name>
         <value>0x0</value>
      </symbol>
      <symbol id="sm-fd">
         <name>__TI_ATRegion2_trg_addr</name>
         <value>0x0</value>
      </symbol>
      <symbol id="sm-fe">
         <name>__TI_ATRegion2_region_sz</name>
         <value>0x0</value>
      </symbol>
      <symbol id="sm-125">
         <name>IntMasterEnable</name>
         <value>0x4383</value>
         <object_component_ref idref="oc-7c"/>
      </symbol>
      <symbol id="sm-16e">
         <name>SysCtlClockSet</name>
         <value>0x2a31</value>
         <object_component_ref idref="oc-73"/>
      </symbol>
      <symbol id="sm-16f">
         <name>SysCtlDelay</name>
         <value>0x3a0b</value>
         <object_component_ref idref="oc-ae"/>
      </symbol>
      <symbol id="sm-170">
         <name>SysCtlClockGet</name>
         <value>0x2511</value>
         <object_component_ref idref="oc-cb"/>
      </symbol>
      <symbol id="sm-17a">
         <name>CPUcpsie</name>
         <value>0x43db</value>
         <object_component_ref idref="oc-b6"/>
      </symbol>
      <symbol id="sm-18b">
         <name>snprintf</name>
         <value>0x3d3d</value>
         <object_component_ref idref="oc-f6"/>
      </symbol>
      <symbol id="sm-192">
         <name>strcmp</name>
         <value>0xc49</value>
         <object_component_ref idref="oc-14b"/>
      </symbol>
      <symbol id="sm-19b">
         <name>strlen</name>
         <value>0x43b1</value>
         <object_component_ref idref="oc-142"/>
      </symbol>
      <symbol id="sm-1a4">
         <name>strstr</name>
         <value>0x418f</value>
         <object_component_ref idref="oc-ec"/>
      </symbol>
      <symbol id="sm-1af">
         <name>_c_int00_noargs</name>
         <value>0x3f7d</value>
         <object_component_ref idref="oc-47"/>
      </symbol>
      <symbol id="sm-1b0">
         <name>__stack</name>
         <value>0x20000810</value>
         <object_component_ref idref="oc-13"/>
      </symbol>
      <symbol id="sm-1bc">
         <name>__TI_auto_init_nobinit_nopinit</name>
         <value>0x3ed9</value>
         <object_component_ref idref="oc-95"/>
      </symbol>
      <symbol id="sm-1c4">
         <name>_system_pre_init</name>
         <value>0x440b</value>
         <object_component_ref idref="oc-5a"/>
      </symbol>
      <symbol id="sm-1cf">
         <name>__TI_zero_init</name>
         <value>0x4393</value>
         <object_component_ref idref="oc-44"/>
      </symbol>
      <symbol id="sm-1d8">
         <name>__TI_decompress_none</name>
         <value>0x43cd</value>
         <object_component_ref idref="oc-19"/>
      </symbol>
      <symbol id="sm-1e2">
         <name>__TI_decompress_lzss</name>
         <value>0x3845</value>
         <object_component_ref idref="oc-15"/>
      </symbol>
      <symbol id="sm-227">
         <name>__TI_printfi</name>
         <value>0x281</value>
         <object_component_ref idref="oc-19e"/>
      </symbol>
      <symbol id="sm-232">
         <name>__aeabi_errno_addr</name>
         <value>0x43e9</value>
         <object_component_ref idref="oc-1c3"/>
      </symbol>
      <symbol id="sm-233">
         <name>__aeabi_errno</name>
         <value>0x20000910</value>
         <object_component_ref idref="oc-1ef"/>
      </symbol>
      <symbol id="sm-23d">
         <name>abort</name>
         <value>0x43f1</value>
         <object_component_ref idref="oc-8e"/>
      </symbol>
      <symbol id="sm-247">
         <name>__TI_ltoa</name>
         <value>0x3bf3</value>
         <object_component_ref idref="oc-209"/>
      </symbol>
      <symbol id="sm-253">
         <name>atoi</name>
         <value>0x3e15</value>
         <object_component_ref idref="oc-1bb"/>
      </symbol>
      <symbol id="sm-25d">
         <name>memccpy</name>
         <value>0x42b7</value>
         <object_component_ref idref="oc-1b4"/>
      </symbol>
      <symbol id="sm-268">
         <name>frexp</name>
         <value>0x3a11</value>
         <object_component_ref idref="oc-1fd"/>
      </symbol>
      <symbol id="sm-269">
         <name>frexpl</name>
         <value>0x3a11</value>
         <object_component_ref idref="oc-1fd"/>
      </symbol>
      <symbol id="sm-273">
         <name>scalbn</name>
         <value>0x2629</value>
         <object_component_ref idref="oc-201"/>
      </symbol>
      <symbol id="sm-274">
         <name>ldexp</name>
         <value>0x2629</value>
         <object_component_ref idref="oc-201"/>
      </symbol>
      <symbol id="sm-275">
         <name>scalbnl</name>
         <value>0x2629</value>
         <object_component_ref idref="oc-201"/>
      </symbol>
      <symbol id="sm-276">
         <name>ldexpl</name>
         <value>0x2629</value>
         <object_component_ref idref="oc-201"/>
      </symbol>
      <symbol id="sm-27f">
         <name>wcslen</name>
         <value>0x4373</value>
         <object_component_ref idref="oc-1bf"/>
      </symbol>
      <symbol id="sm-285">
         <name>__aeabi_ctype_table_</name>
         <value>0x4490</value>
         <object_component_ref idref="oc-1e8"/>
      </symbol>
      <symbol id="sm-286">
         <name>__aeabi_ctype_table_C</name>
         <value>0x4490</value>
         <object_component_ref idref="oc-1e8"/>
      </symbol>
      <symbol id="sm-291">
         <name>HOSTexit</name>
         <value>0x43f7</value>
         <object_component_ref idref="oc-115"/>
      </symbol>
      <symbol id="sm-292">
         <name>C$$EXIT</name>
         <value>0x43f6</value>
         <object_component_ref idref="oc-115"/>
      </symbol>
      <symbol id="sm-2a7">
         <name>__aeabi_dadd</name>
         <value>0x1617</value>
         <object_component_ref idref="oc-177"/>
      </symbol>
      <symbol id="sm-2a8">
         <name>__adddf3</name>
         <value>0x1617</value>
         <object_component_ref idref="oc-177"/>
      </symbol>
      <symbol id="sm-2a9">
         <name>__aeabi_dsub</name>
         <value>0x160d</value>
         <object_component_ref idref="oc-177"/>
      </symbol>
      <symbol id="sm-2aa">
         <name>__subdf3</name>
         <value>0x160d</value>
         <object_component_ref idref="oc-177"/>
      </symbol>
      <symbol id="sm-2b0">
         <name>__aeabi_f2d</name>
         <value>0x3f11</value>
         <object_component_ref idref="oc-109"/>
      </symbol>
      <symbol id="sm-2b1">
         <name>__extendsfdf2</name>
         <value>0x3f11</value>
         <object_component_ref idref="oc-109"/>
      </symbol>
      <symbol id="sm-2b7">
         <name>__aeabi_d2iz</name>
         <value>0x3d85</value>
         <object_component_ref idref="oc-205"/>
      </symbol>
      <symbol id="sm-2b8">
         <name>__fixdfsi</name>
         <value>0x3d85</value>
         <object_component_ref idref="oc-205"/>
      </symbol>
      <symbol id="sm-2be">
         <name>__aeabi_i2d</name>
         <value>0x4135</value>
         <object_component_ref idref="oc-20d"/>
      </symbol>
      <symbol id="sm-2bf">
         <name>__floatsidf</name>
         <value>0x4135</value>
         <object_component_ref idref="oc-20d"/>
      </symbol>
      <symbol id="sm-2c5">
         <name>__aeabi_d2f</name>
         <value>0x399d</value>
         <object_component_ref idref="oc-173"/>
      </symbol>
      <symbol id="sm-2c6">
         <name>__truncdfsf2</name>
         <value>0x399d</value>
         <object_component_ref idref="oc-173"/>
      </symbol>
      <symbol id="sm-2d7">
         <name>__ledf2</name>
         <value>0x3add</value>
         <object_component_ref idref="oc-1fa"/>
      </symbol>
      <symbol id="sm-2d8">
         <name>__gedf2</name>
         <value>0x3b3d</value>
         <object_component_ref idref="oc-1fb"/>
      </symbol>
      <symbol id="sm-2d9">
         <name>__aeabi_dcmpun</name>
         <value>0x4049</value>
         <object_component_ref idref="oc-1cd"/>
      </symbol>
      <symbol id="sm-2da">
         <name>__cmpdf2</name>
         <value>0x3add</value>
         <object_component_ref idref="oc-1fa"/>
      </symbol>
      <symbol id="sm-2db">
         <name>__eqdf2</name>
         <value>0x3add</value>
         <object_component_ref idref="oc-1fa"/>
      </symbol>
      <symbol id="sm-2dc">
         <name>__ltdf2</name>
         <value>0x3add</value>
         <object_component_ref idref="oc-1fa"/>
      </symbol>
      <symbol id="sm-2dd">
         <name>__nedf2</name>
         <value>0x3add</value>
         <object_component_ref idref="oc-1fa"/>
      </symbol>
      <symbol id="sm-2de">
         <name>__gtdf2</name>
         <value>0x3b3d</value>
         <object_component_ref idref="oc-1fb"/>
      </symbol>
      <symbol id="sm-2e4">
         <name>__aeabi_dcmpeq</name>
         <value>0x3745</value>
         <object_component_ref idref="oc-1d3"/>
      </symbol>
      <symbol id="sm-2e5">
         <name>__aeabi_dcmplt</name>
         <value>0x375f</value>
         <object_component_ref idref="oc-1d3"/>
      </symbol>
      <symbol id="sm-2e6">
         <name>__aeabi_dcmple</name>
         <value>0x3779</value>
         <object_component_ref idref="oc-1d3"/>
      </symbol>
      <symbol id="sm-2e7">
         <name>__aeabi_dcmpge</name>
         <value>0x3793</value>
         <object_component_ref idref="oc-1d3"/>
      </symbol>
      <symbol id="sm-2e8">
         <name>__aeabi_dcmpgt</name>
         <value>0x37ad</value>
         <object_component_ref idref="oc-1d3"/>
      </symbol>
      <symbol id="sm-2f1">
         <name>__aeabi_ddiv</name>
         <value>0x4403</value>
         <object_component_ref idref="oc-233"/>
      </symbol>
      <symbol id="sm-2fa">
         <name>__aeabi_dmul</name>
         <value>0x4407</value>
         <object_component_ref idref="oc-1aa"/>
      </symbol>
      <symbol id="sm-300">
         <name>__aeabi_uldivmod</name>
         <value>0x4309</value>
         <object_component_ref idref="oc-1c9"/>
      </symbol>
      <symbol id="sm-306">
         <name>__aeabi_memcpy</name>
         <value>0x4411</value>
         <object_component_ref idref="oc-37"/>
      </symbol>
      <symbol id="sm-307">
         <name>__aeabi_memcpy4</name>
         <value>0x4411</value>
         <object_component_ref idref="oc-37"/>
      </symbol>
      <symbol id="sm-308">
         <name>__aeabi_memcpy8</name>
         <value>0x4411</value>
         <object_component_ref idref="oc-37"/>
      </symbol>
      <symbol id="sm-30e">
         <name>__aeabi_memmove</name>
         <value>0x4415</value>
         <object_component_ref idref="oc-15e"/>
      </symbol>
      <symbol id="sm-30f">
         <name>__aeabi_memmove4</name>
         <value>0x4415</value>
         <object_component_ref idref="oc-15e"/>
      </symbol>
      <symbol id="sm-310">
         <name>__aeabi_memmove8</name>
         <value>0x4415</value>
         <object_component_ref idref="oc-15e"/>
      </symbol>
      <symbol id="sm-316">
         <name>__aeabi_memset</name>
         <value>0x4331</value>
         <object_component_ref idref="oc-56"/>
      </symbol>
      <symbol id="sm-317">
         <name>__aeabi_memset4</name>
         <value>0x4331</value>
         <object_component_ref idref="oc-56"/>
      </symbol>
      <symbol id="sm-318">
         <name>__aeabi_memset8</name>
         <value>0x4331</value>
         <object_component_ref idref="oc-56"/>
      </symbol>
      <symbol id="sm-319">
         <name>__aeabi_memclr</name>
         <value>0x433b</value>
         <object_component_ref idref="oc-56"/>
      </symbol>
      <symbol id="sm-31a">
         <name>__aeabi_memclr4</name>
         <value>0x433b</value>
         <object_component_ref idref="oc-56"/>
      </symbol>
      <symbol id="sm-31b">
         <name>__aeabi_memclr8</name>
         <value>0x433b</value>
         <object_component_ref idref="oc-56"/>
      </symbol>
      <symbol id="sm-321">
         <name>__udivmoddi4</name>
         <value>0x3329</value>
         <object_component_ref idref="oc-1f3"/>
      </symbol>
      <symbol id="sm-327">
         <name>__muldf3</name>
         <value>0x283d</value>
         <object_component_ref idref="oc-1e1"/>
      </symbol>
      <symbol id="sm-32d">
         <name>__divdf3</name>
         <value>0x1f51</value>
         <object_component_ref idref="oc-23c"/>
      </symbol>
      <symbol id="sm-337">
         <name>__aeabi_ldiv0</name>
         <value>0x1c7f</value>
         <object_component_ref idref="oc-21c"/>
      </symbol>
      <symbol id="sm-342">
         <name>TI_memcpy_small</name>
         <value>0x431d</value>
         <object_component_ref idref="oc-69"/>
      </symbol>
      <symbol id="sm-34a">
         <name>TI_memset_small</name>
         <value>0x43bf</value>
         <object_component_ref idref="oc-a8"/>
      </symbol>
      <symbol id="sm-353">
         <name>memmove</name>
         <value>0x41bb</value>
         <object_component_ref idref="oc-192"/>
      </symbol>
      <symbol id="sm-354">
         <name>__TI_static_base__</name>
         <value>0x0</value>
      </symbol>
      <symbol id="sm-357">
         <name>__mpu_init</name>
         <value>0x0</value>
      </symbol>
      <symbol id="sm-358">
         <name>_system_post_cinit</name>
         <value>0x0</value>
      </symbol>
   </symbol_table>
   <title>Link successful</title>
</link_info>
