******************************************************************************
            TI ARM Clang Linker PC v5.1.1                      
******************************************************************************
>> Linked Thu Jul 16 14:02:56 2026

OUTPUT FILE NAME:   <project0.out>
ENTRY POINT SYMBOL: "_c_int00_noargs"  address: 0000162d


MEMORY CONFIGURATION

         name            origin    length      used     unused   attr    fill
----------------------  --------  ---------  --------  --------  ----  --------
  FLASH                 00000000   00040000  0000188f  0003e771  R  X
  SRAM                  20000000   00008000  0000010c  00007ef4  RW X


SEGMENT ALLOCATION MAP

run origin  load origin   length   init length attrs members
----------  ----------- ---------- ----------- ----- -------
00000000    00000000    00001894   00001894    r-x
  00000000    00000000    0000026c   0000026c    r-- .intvecs
  00000270    00000270    00001558   00001558    r-x .text
  000017c8    000017c8    0000009f   0000009f    r-- .rodata
  00001868    00001868    0000002c   0000002c    r-- .cinit
20000000    20000000    0000010c   00000000    rw-
  20000000    20000000    00000100   00000000    rw- .stack
  20000100    20000100    0000000a   00000000    rw- .bss
  2000010a    2000010a    00000002   00000000    rw- .data


SECTION ALLOCATION MAP

 output                                  attributes/
section   page    origin      length       input sections
--------  ----  ----------  ----------   ----------------
.intvecs   0    00000000    0000026c     
                  00000000    0000026c     startup_ccs.o (.intvecs)

.text      0    00000270    00001558     
                  00000270    000001b6     libclang_rt.builtins.a : adddf3.S.obj (.text)
                  00000426    00000002     --HOLE-- [fill = 0]
                  00000428    00000180     state.o (.text.StateMachine_Run)
                  000005a8    00000170     am2301b.o (.text.AM2301B_Read)
                  00000718    00000122     lcd.o (.text.I2C0_BurstWrite)
                  0000083a    0000011a     i2c0.o (.text.I2C0_ReadBytes)
                  00000954    000000fc     libclang_rt.builtins.a : muldf3.S.obj (.text)
                  00000a50    000000f8     i2c0.o (.text.I2C0_WriteBytesOnly)
                  00000b48    000000f4     main.o (.text.Display_Data_To_Putty)
                  00000c3c    000000f4     driverlib.lib : sysctl.obj (.text:SysCtlClockSet)
                  00000d30    000000dc     uart.o (.text.UART0_Init)
                  00000e0c    000000ca     i2c0.o (.text.I2C0_ScanBus)
                  00000ed6    000000c2     i2c0.o (.text.I2C0_Init)
                  00000f98    000000bc     adc.o (.text.ADC0_Init)
                  00001054    000000b6     gpio.o (.text.Button_Read)
                  0000110a    000000b0     uart.o (.text.UART0_WriteInt)
                  000011ba    000000ae     main.o (.text.main)
                  00001268    00000082     gpio.o (.text.PortF_Init)
                  000012ea    00000074     libc.a : copy_decompress_lzss.c.obj (.text:decompress:lzss)
                  0000135e    00000072     i2c0.o (.text.I2C0_WaitDone)
                  000013d0    0000006e     libclang_rt.builtins.a : truncdfsf2.S.obj (.text)
                  0000143e    00000068     i2c0.o (.text.I2C0_ProbeAddr)
                  000014a6    00000052     i2c0.o (.text.I2C0_WriteCmdOnly)
                  000014f8    00000046     adc.o (.text.ADC0_Read)
                  0000153e    00000040     lcd.o (.text.LCD_Init)
                  0000157e    0000003e     main.o (.text.delayMs)
                  000015bc    00000038     libc.a : autoinit.c.obj (.text:__TI_auto_init_nobinit_nopinit)
                  000015f4    00000038     libclang_rt.builtins.a : extendsfdf2.S.obj (.text)
                  0000162c    00000034     libc.a : boot_cortex_m.c.obj (.text:_c_int00_noargs)
                  00001660    0000002e     lcd.o (.text.LCD_TestInit)
                  0000168e    0000002e     uart.o (.text.UART0_WriteChar)
                  000016bc    00000026     lcd.o (.text.LCD_Command)
                  000016e2    00000024     gpio.o (.text.LED_Set)
                  00001706    00000024     uart.o (.text.UART0_WriteString)
                  0000172a    00000018     lcd.o (.text.LCD_WriteChar)
                  00001742    00000016     lcd.o (.text.Delay_ms)
                  00001758    00000012     libc.a : memcpy_t2.S.obj (.text:TI_memcpy_small)
                  0000176a    00000012            : copy_zero_init.c.obj (.text:decompress:ZI:__TI_zero_init_nomemset)
                  0000177c    00000010     am2301b.o (.text.AM2301B_Init)
                  0000178c    0000000e     libc.a : copy_decompress_none.c.obj (.text:decompress:none)
                  0000179a    00000006     startup_ccs.o (.text.ResetISR)
                  000017a0    00000006     driverlib.lib : sysctl.obj (.text:SysCtlDelay)
                  000017a6    00000006     libc.a : exit.c.obj (.text:abort)
                  000017ac    00000004     startup_ccs.o (.text.FaultISR)
                  000017b0    00000004     libsysbm.a : hostexit.c.obj (.text.HOSTexit)
                  000017b4    00000004     startup_ccs.o (.text.IntDefaultHandler)
                  000017b8    00000004     startup_ccs.o (.text.NmiSR)
                  000017bc    00000004     libclang_rt.builtins.a : aeabi_dmul.c.obj (.text.__aeabi_dmul)
                  000017c0    00000004     libc.a : pre_init.c.obj (.text._system_pre_init)
                  000017c4    00000004     libclang_rt.builtins.a : aeabi_memcpy.S.obj (.text)

.rodata    0    000017c8    0000009f     
                  000017c8    00000011     i2c0.o (.rodata.str1.16613078617017302901.1)
                  000017d9    0000000f     state.o (.rodata.str1.10594799503128334244.1)
                  000017e8    0000000e     state.o (.rodata.str1.10899599654568504247.1)
                  000017f6    0000000e     main.o (.rodata.str1.15159059442110792349.1)
                  00001804    0000000d     i2c0.o (.rodata.str1.16857564704301768665.1)
                  00001811    0000000d     state.o (.rodata.str1.8650044326576809537.1)
                  0000181e    0000000c     i2c0.o (.rodata.str1.561729138136085595.1)
                  0000182a    0000000b     state.o (.rodata.str1.9409152763965699502.1)
                  00001835    0000000a     main.o (.rodata.str1.8154729771448623357.1)
                  0000183f    0000000a     i2c0.o (.rodata.str1.8640563807904019103.1)
                  00001849    00000009     i2c0.o (.rodata.str1.11827960463098020270.1)
                  00001852    00000009     main.o (.rodata.str1.18227636981041470289.1)
                  0000185b    00000005     main.o (.rodata.str1.2846389346932560359.1)
                  00001860    00000004     main.o (.rodata.str1.17100691992556644108.1)
                  00001864    00000003     i2c0.o (.rodata.str1.5697117810892938982.1)

.cinit     0    00001868    0000002c     
                  00001868    0000000c     (__TI_handler_table)
                  00001874    00000008     (.cinit..bss.load) [load image, compression = zero_init]
                  0000187c    00000006     (.cinit..data.load) [load image, compression = lzss]
                  00001882    00000002     --HOLE-- [fill = 0]
                  00001884    00000010     (__TI_cinit_table)

.init_array 
*          0    00000000    00000000     UNINITIALIZED

.bss       0    20000100    0000000a     UNINITIALIZED
                  20000100    0000000a     (.common:system)

.data      0    2000010a    00000002     UNINITIALIZED
                  2000010a    00000001     gpio.o (.data.last_sw1)
                  2000010b    00000001     gpio.o (.data.last_sw2)

.stack     0    20000000    00000100     UNINITIALIZED
                  20000000    00000004     libc.a : boot_cortex_m.c.obj (.stack)
                  20000004    000000fc     --HOLE--

__llvm_prf_cnts 
*          0    20000000    00000000     UNINITIALIZED

__llvm_prf_bits 
*          0    20000000    00000000     UNINITIALIZED

MODULE SUMMARY

       Module                       code   ro data   rw data
       ------                       ----   -------   -------
    .\
       startup_ccs.o                18     620       0      
    +--+----------------------------+------+---------+---------+
       Total:                       18     620       0      
                                                            
    .\Application\
       main.o                       480    42        10     
       state.o                      384    53        0      
    +--+----------------------------+------+---------+---------+
       Total:                       864    95        10     
                                                            
    .\Devices\AM2301b\
       am2301b.o                    384    0         0      
    +--+----------------------------+------+---------+---------+
       Total:                       384    0         0      
                                                            
    .\Devices\LCD\
       lcd.o                        484    0         0      
    +--+----------------------------+------+---------+---------+
       Total:                       484    0         0      
                                                            
    .\Drivers\ADC\
       adc.o                        258    0         0      
    +--+----------------------------+------+---------+---------+
       Total:                       258    0         0      
                                                            
    .\Drivers\GPIO\
       gpio.o                       348    0         2      
    +--+----------------------------+------+---------+---------+
       Total:                       348    0         2      
                                                            
    .\Drivers\I2C\
       i2c0.o                       1226   64        0      
    +--+----------------------------+------+---------+---------+
       Total:                       1226   64        0      
                                                            
    .\Drivers\UART\
       uart.o                       478    0         0      
    +--+----------------------------+------+---------+---------+
       Total:                       478    0         0      
                                                            
    C:/TI/TivaWare_C_Series-2.2.0.295/driverlib/ccs/Debug/driverlib.lib
       sysctl.obj                   250    0         0      
    +--+----------------------------+------+---------+---------+
       Total:                       250    0         0      
                                                            
    D:\ti\ccs2100\ccs\tools\compiler\ti-cgt-armllvm_5.1.1.LTS\lib\armv7em-ti-none-eabihf/c/libc.a
       copy_decompress_lzss.c.obj   116    0         0      
       autoinit.c.obj               56     0         0      
       boot_cortex_m.c.obj          52     0         0      
       copy_zero_init.c.obj         18     0         0      
       memcpy_t2.S.obj              18     0         0      
       copy_decompress_none.c.obj   14     0         0      
       exit.c.obj                   6      0         0      
       pre_init.c.obj               4      0         0      
    +--+----------------------------+------+---------+---------+
       Total:                       284    0         0      
                                                            
    D:\ti\ccs2100\ccs\tools\compiler\ti-cgt-armllvm_5.1.1.LTS\lib\armv7em-ti-none-eabihf/c/libsysbm.a
       hostexit.c.obj               4      0         0      
    +--+----------------------------+------+---------+---------+
       Total:                       4      0         0      
                                                            
    D:\ti\ccs2100\ccs\tools\compiler\ti-cgt-armllvm_5.1.1.LTS\lib\armv7em-ti-none-eabihf/libclang_rt.builtins.a
       adddf3.S.obj                 438    0         0      
       muldf3.S.obj                 252    0         0      
       truncdfsf2.S.obj             110    0         0      
       extendsfdf2.S.obj            56     0         0      
       aeabi_dmul.c.obj             4      0         0      
       aeabi_memcpy.S.obj           4      0         0      
    +--+----------------------------+------+---------+---------+
       Total:                       864    0         0      
                                                            
       Stack:                       0      0         256    
       Linker Generated:            0      42        0      
    +--+----------------------------+------+---------+---------+
       Grand Total:                 5462   821       268    


LINKER GENERATED COPY TABLES

__TI_cinit_table @ 00001884 records: 2, size/record: 8, table size: 16
	.bss: load addr=00001874, load size=00000008 bytes, run addr=20000100, run size=0000000a bytes, compression=zero_init
	.data: load addr=0000187c, load size=00000006 bytes, run addr=2000010a, run size=00000002 bytes, compression=lzss


LINKER GENERATED HANDLER TABLE

__TI_handler_table @ 00001868 records: 3, size/record: 4, table size: 12
	index: 0, handler: __TI_decompress_lzss
	index: 1, handler: __TI_decompress_none
	index: 2, handler: __TI_zero_init


GLOBAL SYMBOLS: SORTED ALPHABETICALLY BY Name 

address   name                          
-------   ----                          
00000f99  ADC0_Init                     
000014f9  ADC0_Read                     
0000177d  AM2301B_Init                  
000005a9  AM2301B_Read                  
00001055  Button_Read                   
000017b0  C$$EXIT                       
00000b49  Display_Data_To_Putty         
000017b1  HOSTexit                      
00000719  I2C0_BurstWrite               
00000ed7  I2C0_Init                     
0000143f  I2C0_ProbeAddr                
0000083b  I2C0_ReadBytes                
00000e0d  I2C0_ScanBus                  
00000a51  I2C0_WriteBytesOnly           
000014a7  I2C0_WriteCmdOnly             
000016bd  LCD_Command                   
0000153f  LCD_Init                      
00001661  LCD_TestInit                  
0000172b  LCD_WriteChar                 
000016e3  LED_Set                       
00001269  PortF_Init                    
0000179b  ResetISR                      
00000429  StateMachine_Run              
00000c3d  SysCtlClockSet                
000017a1  SysCtlDelay                   
00001759  TI_memcpy_small               
00000d31  UART0_Init                    
0000168f  UART0_WriteChar               
0000110b  UART0_WriteInt                
00001707  UART0_WriteString             
20000100  __STACK_END                   
00000100  __STACK_SIZE                  
20000100  __STACK_TOP                   
00000000  __TI_ATRegion0_region_sz      
00000000  __TI_ATRegion0_src_addr       
00000000  __TI_ATRegion0_trg_addr       
00000000  __TI_ATRegion1_region_sz      
00000000  __TI_ATRegion1_src_addr       
00000000  __TI_ATRegion1_trg_addr       
00000000  __TI_ATRegion2_region_sz      
00000000  __TI_ATRegion2_src_addr       
00000000  __TI_ATRegion2_trg_addr       
00001884  __TI_CINIT_Base               
00001894  __TI_CINIT_Limit              
00001894  __TI_CINIT_Warm               
00001868  __TI_Handler_Table_Base       
00001874  __TI_Handler_Table_Limit      
000015bd  __TI_auto_init_nobinit_nopinit
000012eb  __TI_decompress_lzss          
0000178d  __TI_decompress_none          
ffffffff  __TI_pprof_out_hndl           
ffffffff  __TI_prof_data_size           
ffffffff  __TI_prof_data_start          
00000000  __TI_static_base__            
0000176b  __TI_zero_init_nomemset       
0000027b  __adddf3                      
000013d1  __aeabi_d2f                   
0000027b  __aeabi_dadd                  
000017bd  __aeabi_dmul                  
00000271  __aeabi_dsub                  
000015f5  __aeabi_f2d                   
000017c5  __aeabi_memcpy                
000017c5  __aeabi_memcpy4               
000017c5  __aeabi_memcpy8               
ffffffff  __binit__                     
000015f5  __extendsfdf2                 
UNDEFED   __mpu_init                    
00000955  __muldf3                      
20000000  __stack                       
20000000  __start___llvm_prf_bits       
20000000  __start___llvm_prf_cnts       
20000000  __stop___llvm_prf_bits        
20000000  __stop___llvm_prf_cnts        
00000271  __subdf3                      
000013d1  __truncdfsf2                  
0000162d  _c_int00_noargs               
UNDEFED   _system_post_cinit            
000017c1  _system_pre_init              
000017a7  abort                         
ffffffff  binit                         
0000157f  delayMs                       
00000000  g_pfnVectors                  
000011bb  main                          
20000100  system                        


GLOBAL SYMBOLS: SORTED BY Symbol Address 

address   name                          
-------   ----                          
00000000  __TI_ATRegion0_region_sz      
00000000  __TI_ATRegion0_src_addr       
00000000  __TI_ATRegion0_trg_addr       
00000000  __TI_ATRegion1_region_sz      
00000000  __TI_ATRegion1_src_addr       
00000000  __TI_ATRegion1_trg_addr       
00000000  __TI_ATRegion2_region_sz      
00000000  __TI_ATRegion2_src_addr       
00000000  __TI_ATRegion2_trg_addr       
00000000  __TI_static_base__            
00000000  g_pfnVectors                  
00000100  __STACK_SIZE                  
00000271  __aeabi_dsub                  
00000271  __subdf3                      
0000027b  __adddf3                      
0000027b  __aeabi_dadd                  
00000429  StateMachine_Run              
000005a9  AM2301B_Read                  
00000719  I2C0_BurstWrite               
0000083b  I2C0_ReadBytes                
00000955  __muldf3                      
00000a51  I2C0_WriteBytesOnly           
00000b49  Display_Data_To_Putty         
00000c3d  SysCtlClockSet                
00000d31  UART0_Init                    
00000e0d  I2C0_ScanBus                  
00000ed7  I2C0_Init                     
00000f99  ADC0_Init                     
00001055  Button_Read                   
0000110b  UART0_WriteInt                
000011bb  main                          
00001269  PortF_Init                    
000012eb  __TI_decompress_lzss          
000013d1  __aeabi_d2f                   
000013d1  __truncdfsf2                  
0000143f  I2C0_ProbeAddr                
000014a7  I2C0_WriteCmdOnly             
000014f9  ADC0_Read                     
0000153f  LCD_Init                      
0000157f  delayMs                       
000015bd  __TI_auto_init_nobinit_nopinit
000015f5  __aeabi_f2d                   
000015f5  __extendsfdf2                 
0000162d  _c_int00_noargs               
00001661  LCD_TestInit                  
0000168f  UART0_WriteChar               
000016bd  LCD_Command                   
000016e3  LED_Set                       
00001707  UART0_WriteString             
0000172b  LCD_WriteChar                 
00001759  TI_memcpy_small               
0000176b  __TI_zero_init_nomemset       
0000177d  AM2301B_Init                  
0000178d  __TI_decompress_none          
0000179b  ResetISR                      
000017a1  SysCtlDelay                   
000017a7  abort                         
000017b0  C$$EXIT                       
000017b1  HOSTexit                      
000017bd  __aeabi_dmul                  
000017c1  _system_pre_init              
000017c5  __aeabi_memcpy                
000017c5  __aeabi_memcpy4               
000017c5  __aeabi_memcpy8               
00001868  __TI_Handler_Table_Base       
00001874  __TI_Handler_Table_Limit      
00001884  __TI_CINIT_Base               
00001894  __TI_CINIT_Limit              
00001894  __TI_CINIT_Warm               
20000000  __stack                       
20000000  __start___llvm_prf_bits       
20000000  __start___llvm_prf_cnts       
20000000  __stop___llvm_prf_bits        
20000000  __stop___llvm_prf_cnts        
20000100  __STACK_END                   
20000100  __STACK_TOP                   
20000100  system                        
ffffffff  __TI_pprof_out_hndl           
ffffffff  __TI_prof_data_size           
ffffffff  __TI_prof_data_start          
ffffffff  __binit__                     
ffffffff  binit                         
UNDEFED   __mpu_init                    
UNDEFED   _system_post_cinit            

[84 symbols]
