******************************************************************************
            TI ARM Clang Linker PC v5.1.1                      
******************************************************************************
>> Linked Thu Jul  9 17:03:39 2026

OUTPUT FILE NAME:   <project0.out>
ENTRY POINT SYMBOL: "_c_int00_noinit_noargs"  address: 000008e9


MEMORY CONFIGURATION

         name            origin    length      used     unused   attr    fill
----------------------  --------  ---------  --------  --------  ----  --------
  FLASH                 00000000   00040000  00000a9a  0003f566  R  X
  SRAM                  20000000   00008000  00000100  00007f00  RW X


SEGMENT ALLOCATION MAP

run origin  load origin   length   init length attrs members
----------  ----------- ---------- ----------- ----- -------
00000000    00000000    00000a9a   00000a9a    r-x
  00000000    00000000    0000026c   0000026c    r-- .intvecs
  0000026c    0000026c    000007c0   000007c0    r-x .text
  00000a2c    00000a2c    0000006e   0000006e    r-- .rodata
20000000    20000000    00000100   00000000    rw-
  20000000    20000000    00000100   00000000    rw- .stack


SECTION ALLOCATION MAP

 output                                  attributes/
section   page    origin      length       input sections
--------  ----  ----------  ----------   ----------------
.intvecs   0    00000000    0000026c     
                  00000000    0000026c     startup_ccs.o (.intvecs)

.text      0    0000026c    000007c0     
                  0000026c    000000f2     main.o (.text.main)
                  0000035e    000000bc     main.o (.text.Uart00_Init)
                  0000041a    000000b0     main.o (.text.LCD_WriteInt)
                  000004ca    000000b0     main.o (.text.Uart00_WriteInt)
                  0000057a    00000096     main.o (.text.I2C0_Init)
                  00000610    00000078     main.o (.text.LCD_Init)
                  00000688    00000060     main.o (.text.I2C0_ReadByte)
                  000006e8    0000005e     main.o (.text.MMA7660_ReadAxisRaw)
                  00000746    00000052     main.o (.text.I2C0_WriteByte)
                  00000798    00000052     main.o (.text.I2C0_WriteCmdOnly)
                  000007ea    0000003e     main.o (.text.MMA7660_ConvertSigned6Bit)
                  00000828    00000038     main.o (.text.LCD_SetCursor)
                  00000860    0000002e     main.o (.text.MMA7660_Init)
                  0000088e    0000002e     main.o (.text.Uart00_WriteChar)
                  000008bc    0000002c     main.o (.text.Delay_ms)
                  000008e8    0000002c     libc.a : boot_cortex_m.c.obj (.text:_c_int00_noinit_noargs)
                  00000914    00000024     main.o (.text.LCD_WriteString)
                  00000938    00000024     main.o (.text.Uart00_WriteString)
                  0000095c    0000001e     main.o (.text.LCD_SetRGBReg)
                  0000097a    0000001a     main.o (.text.MMA7660_ReadX)
                  00000994    0000001a     main.o (.text.MMA7660_ReadY)
                  000009ae    0000001a     main.o (.text.MMA7660_ReadZ)
                  000009c8    00000018     main.o (.text.LCD_Command)
                  000009e0    00000018     main.o (.text.LCD_WriteChar)
                  000009f8    00000014     main.o (.text.I2C0_WaitDone)
                  00000a0c    00000006     startup_ccs.o (.text.ResetISR)
                  00000a12    00000006     libc.a : exit.c.obj (.text:abort)
                  00000a18    00000004     startup_ccs.o (.text.FaultISR)
                  00000a1c    00000004     libsysbm.a : hostexit.c.obj (.text.HOSTexit)
                  00000a20    00000004     startup_ccs.o (.text.IntDefaultHandler)
                  00000a24    00000004     startup_ccs.o (.text.NmiSR)
                  00000a28    00000004     libc.a : pre_init.c.obj (.text._system_pre_init)

.cinit     0    00000000    00000000     

.init_array 
*          0    00000000    00000000     UNINITIALIZED

.stack     0    20000000    00000100     UNINITIALIZED
                  20000000    00000004     libc.a : boot_cortex_m.c.obj (.stack)
                  20000004    000000fc     --HOLE--

.rodata    0    00000a2c    0000006e     
                  00000a2c    00000034     main.o (.rodata.str1.15159059442110792349.1)
                  00000a60    00000012     main.o (.rodata.str1.18227636981041470289.1)
                  00000a72    00000012     main.o (.rodata.str1.8154729771448623357.1)
                  00000a84    00000004     main.o (.rodata.str1.14112174005742061988.1)
                  00000a88    00000004     main.o (.rodata.str1.17100691992556644108.1)
                  00000a8c    00000004     main.o (.rodata.str1.2846389346932560359.1)
                  00000a90    00000004     main.o (.rodata.str1.288608917962107522.1)
                  00000a94    00000003     main.o (.rodata.str1.12180500075719773345.1)
                  00000a97    00000003     main.o (.rodata.str1.7702501944640899365.1)

__llvm_prf_cnts 
*          0    20000000    00000000     UNINITIALIZED

__llvm_prf_bits 
*          0    20000000    00000000     UNINITIALIZED

MODULE SUMMARY

       Module                code   ro data   rw data
       ------                ----   -------   -------
    .\
       main.o                1908   110       0      
       startup_ccs.o         18     620       0      
    +--+---------------------+------+---------+---------+
       Total:                1926   730       0      
                                                     
    D:\ti\ccs2100\ccs\tools\compiler\ti-cgt-armllvm_5.1.1.LTS\lib\armv7em-ti-none-eabihf/c/libc.a
       boot_cortex_m.c.obj   44     0         0      
       exit.c.obj            6      0         0      
       pre_init.c.obj        4      0         0      
    +--+---------------------+------+---------+---------+
       Total:                54     0         0      
                                                     
    D:\ti\ccs2100\ccs\tools\compiler\ti-cgt-armllvm_5.1.1.LTS\lib\armv7em-ti-none-eabihf/c/libsysbm.a
       hostexit.c.obj        4      0         0      
    +--+---------------------+------+---------+---------+
       Total:                4      0         0      
                                                     
       Stack:                0      0         256    
    +--+---------------------+------+---------+---------+
       Grand Total:          1984   730       256    


GLOBAL SYMBOLS: SORTED ALPHABETICALLY BY Name 

address   name                    
-------   ----                    
00000a1c  C$$EXIT                 
000008bd  Delay_ms                
00000a1d  HOSTexit                
0000057b  I2C0_Init               
00000689  I2C0_ReadByte           
00000747  I2C0_WriteByte          
00000799  I2C0_WriteCmdOnly       
000009c9  LCD_Command             
00000611  LCD_Init                
00000829  LCD_SetCursor           
000009e1  LCD_WriteChar           
00000915  LCD_WriteString         
00000861  MMA7660_Init            
0000097b  MMA7660_ReadX           
00000995  MMA7660_ReadY           
000009af  MMA7660_ReadZ           
00000a0d  ResetISR                
0000035f  Uart00_Init             
0000088f  Uart00_WriteChar        
000004cb  Uart00_WriteInt         
00000939  Uart00_WriteString      
20000100  __STACK_END             
00000100  __STACK_SIZE            
20000100  __STACK_TOP             
00000000  __TI_ATRegion0_region_sz
00000000  __TI_ATRegion0_src_addr 
00000000  __TI_ATRegion0_trg_addr 
00000000  __TI_ATRegion1_region_sz
00000000  __TI_ATRegion1_src_addr 
00000000  __TI_ATRegion1_trg_addr 
00000000  __TI_ATRegion2_region_sz
00000000  __TI_ATRegion2_src_addr 
00000000  __TI_ATRegion2_trg_addr 
00000000  __TI_CINIT_Base         
00000000  __TI_CINIT_Limit        
00000000  __TI_CINIT_Warm         
ffffffff  __TI_pprof_out_hndl     
ffffffff  __TI_prof_data_size     
ffffffff  __TI_prof_data_start    
00000000  __TI_static_base__      
ffffffff  __binit__               
UNDEFED   __mpu_init              
20000000  __stack                 
20000000  __start___llvm_prf_bits 
20000000  __start___llvm_prf_cnts 
20000000  __stop___llvm_prf_bits  
20000000  __stop___llvm_prf_cnts  
000008e9  _c_int00_noinit_noargs  
00000a29  _system_pre_init        
00000a13  abort                   
ffffffff  binit                   
00000000  g_pfnVectors            
0000026d  main                    


GLOBAL SYMBOLS: SORTED BY Symbol Address 

address   name                    
-------   ----                    
00000000  __TI_ATRegion0_region_sz
00000000  __TI_ATRegion0_src_addr 
00000000  __TI_ATRegion0_trg_addr 
00000000  __TI_ATRegion1_region_sz
00000000  __TI_ATRegion1_src_addr 
00000000  __TI_ATRegion1_trg_addr 
00000000  __TI_ATRegion2_region_sz
00000000  __TI_ATRegion2_src_addr 
00000000  __TI_ATRegion2_trg_addr 
00000000  __TI_CINIT_Base         
00000000  __TI_CINIT_Limit        
00000000  __TI_CINIT_Warm         
00000000  __TI_static_base__      
00000000  g_pfnVectors            
00000100  __STACK_SIZE            
0000026d  main                    
0000035f  Uart00_Init             
000004cb  Uart00_WriteInt         
0000057b  I2C0_Init               
00000611  LCD_Init                
00000689  I2C0_ReadByte           
00000747  I2C0_WriteByte          
00000799  I2C0_WriteCmdOnly       
00000829  LCD_SetCursor           
00000861  MMA7660_Init            
0000088f  Uart00_WriteChar        
000008bd  Delay_ms                
000008e9  _c_int00_noinit_noargs  
00000915  LCD_WriteString         
00000939  Uart00_WriteString      
0000097b  MMA7660_ReadX           
00000995  MMA7660_ReadY           
000009af  MMA7660_ReadZ           
000009c9  LCD_Command             
000009e1  LCD_WriteChar           
00000a0d  ResetISR                
00000a13  abort                   
00000a1c  C$$EXIT                 
00000a1d  HOSTexit                
00000a29  _system_pre_init        
20000000  __stack                 
20000000  __start___llvm_prf_bits 
20000000  __start___llvm_prf_cnts 
20000000  __stop___llvm_prf_bits  
20000000  __stop___llvm_prf_cnts  
20000100  __STACK_END             
20000100  __STACK_TOP             
ffffffff  __TI_pprof_out_hndl     
ffffffff  __TI_prof_data_size     
ffffffff  __TI_prof_data_start    
ffffffff  __binit__               
ffffffff  binit                   
UNDEFED   __mpu_init              

[53 symbols]
