******************************************************************************
            TI ARM Clang Linker PC v5.1.1                      
******************************************************************************
>> Linked Fri Aug 14 13:40:19 2026

OUTPUT FILE NAME:   <project0.out>
ENTRY POINT SYMBOL: "_c_int00_noargs"  address: 00003f7d


MEMORY CONFIGURATION

         name            origin    length      used     unused   attr    fill
----------------------  --------  ---------  --------  --------  ----  --------
  FLASH                 00000000   00040000  000049ac  0003b654  R  X
  SRAM                  20000000   00008000  00000917  000076e9  RW X


SEGMENT ALLOCATION MAP

run origin  load origin   length   init length attrs members
----------  ----------- ---------- ----------- ----- -------
00000000    00000000    0000026c   0000026c    r--
  00000000    00000000    0000026c   0000026c    r-- .intvecs
00000280    00000280    00004204   00004204    r-x
  00000280    00000280    00004198   00004198    r-x .text
  00004418    00004418    0000006c   0000006c    r-- .const
00004490    00004490    0000053c   0000053c    r--
  00004490    00004490    00000510   00000510    r-- .rodata
  000049a0    000049a0    0000002c   0000002c    r-- .cinit
20000000    20000000    0000091d   00000000    rw-
  20000000    20000000    0000080a   00000000    rw- .bss
  20000810    20000810    00000100   00000000    rw- .stack
  20000910    20000910    0000000d   00000000    rw- .data


SECTION ALLOCATION MAP

 output                                  attributes/
section   page    origin      length       input sections
--------  ----  ----------  ----------   ----------------
.intvecs   0    00000000    0000026c     
                  00000000    0000026c     startup_ccs.o (.intvecs)

.text      0    00000280    00004198     
                  00000280    000009c0     libc.a : _printfi.c.obj (.text:__TI_printfi)
                  00000c40    000002dc            : strcmp_t2.S.obj (.text:strcmp)
                  00000f1c    00000004     startup_ccs.o (.text.FaultISR)
                  00000f20    00000298     libc.a : _printfi.c.obj (.text._pconv_a)
                  000011b8    00000238            : _printfi.c.obj (.text._pconv_g)
                  000013f0    0000021c     app_common.o (.text.App_Common_RunEsp8266Sequence)
                  0000160c    000001b6     libclang_rt.builtins.a : adddf3.S.obj (.text)
                  000017c2    00000006     startup_ccs.o (.text.ResetISR)
                  000017c8    00000198     libc.a : _printfi.c.obj (.text.fcvt)
                  00001960    00000196     app_common.o (.text.App_Common_MqttConnect)
                  00001af6    00000188     uart1.o (.text.AT_Send_Command)
                  00001c7e    00000002     libclang_rt.builtins.a : aeabi_div0.c.obj (.text.__aeabi_ldiv0)
                  00001c80    00000170     am2301b.o (.text.AM2301B_Read)
                  00001df0    00000160     libc.a : _printfi.c.obj (.text._pconv_e)
                  00001f50    0000014c     libclang_rt.builtins.a : divdf3.S.obj (.text)
                  0000209c    00000122     lcd.o (.text.I2C0_BurstWrite)
                  000021be    00000120     uart1.o (.text.UART1_ReadIpdData)
                  000022de    0000011a     i2c0.o (.text.I2C0_ReadBytes)
                  000023f8    00000118     i2c0.o (.text.I2C0_ProbeAddr)
                  00002510    00000118     driverlib.lib : sysctl.obj (.text:SysCtlClockGet)
                  00002628    0000010c     libc.a : s_scalbn.c.obj (.text.scalbn)
                  00002734    00000108     uart1.o (.text.UART1_Init)
                  0000283c    000000fc     libclang_rt.builtins.a : muldf3.S.obj (.text)
                  00002938    000000f8     i2c0.o (.text.I2C0_WriteBytesOnly)
                  00002a30    000000f4     driverlib.lib : sysctl.obj (.text:SysCtlClockSet)
                  00002b24    000000f0     uart1.o (.text.UART1_GetRxBufferData)
                  00002c14    000000ea     mqtt.o (.text.Mqtt_Connect)
                  00002cfe    000000e4     app_common.o (.text.App_Common_MqttPublishLoop)
                  00002de2    000000dc     uart.o (.text.UART0_Init)
                  00002ebe    000000ca     i2c0.o (.text.I2C0_ScanBus)
                  00002f88    000000c2     i2c0.o (.text.I2C0_Init)
                  0000304a    000000be     uart1.o (.text.UART1_CaptureResponse)
                  00003108    000000bc     adc.o (.text.ADC0_Init)
                  000031c4    000000b4     uart1.o (.text.UART1_ReadByteTimeout)
                  00003278    000000b0     i2c0.o (.text.I2C0_WaitDone)
                  00003328    000000b0     libclang_rt.builtins.a : udivmoddi4.S.obj (.text)
                  000033d8    000000a0     app_common.o (.text.App_Common_WiFiConnectAP)
                  00003478    0000009c     mqtt.o (.text.Mqtt_Publish)
                  00003514    00000096     uart1.o (.text.UART1_Handler)
                  000035aa    00000090     uart1.o (.text.UART1_WaitForPatternAndEcho)
                  0000363a    00000088     uart1.o (.text.UART1_WaitForPattern)
                  000036c2    00000082     gpio.o (.text.PortF_Init)
                  00003744    00000082     libclang_rt.builtins.a : aeabi_dcmp.S.obj (.text)
                  000037c6    0000007e     main.o (.text.main)
                  00003844    00000074     libc.a : copy_decompress_lzss.c.obj (.text:decompress:lzss)
                  000038b8    00000072     uart1.o (.text.UART1_PrintDebug)
                  0000392a    00000070     libc.a : _printfi.c.obj (.text._mcpy)
                  0000399a    00000002     --HOLE-- [fill = 0]
                  0000399c    0000006e     libclang_rt.builtins.a : truncdfsf2.S.obj (.text)
                  00003a0a    00000006     driverlib.lib : sysctl.obj (.text:SysCtlDelay)
                  00003a10    00000068     libc.a : s_frexp.c.obj (.text.frexp)
                  00003a78    00000062     mqtt.o (.text.Mqtt_SendPacket)
                  00003ada    00000002     --HOLE-- [fill = 0]
                  00003adc    00000060     libclang_rt.builtins.a : comparedf2.c.obj (.text.__ledf2)
                  00003b3c    0000005c                            : comparedf2.c.obj (.text.__gedf2)
                  00003b98    0000005a     mqtt.o (.text.MqttPacket_Str)
                  00003bf2    00000056     libc.a : _ltoa.c.obj (.text.__TI_ltoa)
                  00003c48    00000054            : _printfi.c.obj (.text._pconv_f)
                  00003c9c    00000052     i2c0.o (.text.I2C0_WriteCmdOnly)
                  00003cee    0000004e     libc.a : _printfi.c.obj (.text._ecpy)
                  00003d3c    00000048            : snprintf.c.obj (.text.snprintf)
                  00003d84    00000048     libclang_rt.builtins.a : fixdfsi.S.obj (.text)
                  00003dcc    00000046     uart1.o (.text.UART1_ClearRxBuffer)
                  00003e12    00000002     --HOLE-- [fill = 0]
                  00003e14    00000044     libc.a : atoi.c.obj (.text.atoi)
                  00003e58    00000040     lcd.o (.text.LCD_Init)
                  00003e98    00000040     uart1.o (.text.UART1_WriteRaw)
                  00003ed8    00000038     libc.a : autoinit.c.obj (.text:__TI_auto_init_nobinit_nopinit)
                  00003f10    00000038     libclang_rt.builtins.a : extendsfdf2.S.obj (.text)
                  00003f48    00000034     libc.a : _printfi.c.obj (.text._fcpy)
                  00003f7c    00000034            : boot_cortex_m.c.obj (.text:_c_int00_noargs)
                  00003fb0    00000032     app_common.o (.text.Delay_ms)
                  00003fe2    00000032     lcd.o (.text.Delay_ms)
                  00004014    00000032     main.o (.text.Delay_ms)
                  00004046    00000002     --HOLE-- [fill = 0]
                  00004048    00000030     libclang_rt.builtins.a : comparedf2.c.obj (.text.__aeabi_dcmpun)
                  00004078    00000030     libc.a : snprintf.c.obj (.text._outs)
                  000040a8    0000002e     lcd.o (.text.LCD_TestInit)
                  000040d6    0000002e     uart.o (.text.UART0_WriteChar)
                  00004104    0000002e     uart1.o (.text.UART1_WriteChar)
                  00004132    00000002     --HOLE-- [fill = 0]
                  00004134    0000002e     libclang_rt.builtins.a : floatsidf.S.obj (.text)
                  00004162    0000002c     mqtt.o (.text.MqttPacket_Byte)
                  0000418e    0000002c     libc.a : strstr.c.obj (.text.strstr)
                  000041ba    00000028            : memmov.c.obj (.text.memmove)
                  000041e2    00000026     lcd.o (.text.LCD_Command)
                  00004208    00000024     uart.o (.text.UART0_WriteString)
                  0000422c    00000024     uart1.o (.text.UART1_DelayMs)
                  00004250    00000022     uart1.o (.text.UART1_FlushRxFifo)
                  00004272    00000022     uart1.o (.text.UART1_TicksPerMs)
                  00004294    00000022     uart1.o (.text.UART1_WriteString)
                  000042b6    00000022     libc.a : memccpy.c.obj (.text.memccpy)
                  000042d8    00000018     lcd.o (.text.LCD_WriteChar)
                  000042f0    00000018     libc.a : snprintf.c.obj (.text._outc)
                  00004308    00000014     libclang_rt.builtins.a : aeabi_uldivmod.S.obj (.text)
                  0000431c    00000012     libc.a : memcpy_t2.S.obj (.text:TI_memcpy_small)
                  0000432e    00000002     --HOLE-- [fill = 0]
                  00004330    00000012     libclang_rt.builtins.a : aeabi_memset.S.obj (.text)
                  00004342    00000010     am2301b.o (.text.AM2301B_Init)
                  00004352    00000010     mqtt.o (.text.MqttPacket_Init)
                  00004362    00000010     libc.a : _printfi.c.obj (.text.strchr)
                  00004372    00000010            : wcslen.c.obj (.text.wcslen)
                  00004382    00000010     driverlib.lib : interrupt.obj (.text:IntMasterEnable)
                  00004392    00000010     libc.a : copy_zero_init.c.obj (.text:decompress:ZI)
                  000043a2    0000000e            : _printfi.c.obj (.text.strlen)
                  000043b0    0000000e            : strlen.c.obj (.text.strlen)
                  000043be    0000000e            : memset_t2.S.obj (.text:TI_memset_small)
                  000043cc    0000000e            : copy_decompress_none.c.obj (.text:decompress:none)
                  000043da    0000000c     driverlib.lib : cpu.obj (.text:CPUcpsie)
                  000043e6    00000002     --HOLE-- [fill = 0]
                  000043e8    00000008     libc.a : aeabi_portable.c.obj (.text.__aeabi_errno_addr)
                  000043f0    00000006            : exit.c.obj (.text:abort)
                  000043f6    00000004     libsysbm.a : hostexit.c.obj (.text.HOSTexit)
                  000043fa    00000004     startup_ccs.o (.text.IntDefaultHandler)
                  000043fe    00000004     startup_ccs.o (.text.NmiSR)
                  00004402    00000004     libclang_rt.builtins.a : aeabi_ddiv.c.obj (.text.__aeabi_ddiv)
                  00004406    00000004                            : aeabi_dmul.c.obj (.text.__aeabi_dmul)
                  0000440a    00000004     libc.a : pre_init.c.obj (.text._system_pre_init)
                  0000440e    00000002     --HOLE-- [fill = 0]
                  00004410    00000004     libclang_rt.builtins.a : aeabi_memcpy.S.obj (.text)
                  00004414    00000004                            : aeabi_memmove.S.obj (.text)

.const     0    00004418    0000006c     
                  00004418    0000006c     driverlib.lib : sysctl.obj (.const:g_pui32Xtals)

.rodata    0    00004490    00000510     
                  00004490    00000101     libc.a : aeabi_ctype.S.obj (.rodata:__aeabi_ctype_table_)
                  00004591    00000029     app_common.o (.rodata.str1.6528687957572510311.1)
                  000045ba    00000023     app_common.o (.rodata.str1.483180027205750724.1)
                  000045dd    00000020     app_common.o (.rodata.str1.16225088277312927915.1)
                  000045fd    0000001f     app_common.o (.rodata.str1.13413388549492472208.1)
                  0000461c    0000001f     app_common.o (.rodata.str1.15297355126783084090.1)
                  0000463b    0000001c     app_common.o (.rodata.str1.15932952478000258479.1)
                  00004657    0000001b     app_common.o (.rodata.str1.17371231995097499911.1)
                  00004672    0000001a     app_common.o (.rodata.str1.3188423377676684541.1)
                  0000468c    00000019     app_common.o (.rodata.str1.6469349170187891810.1)
                  000046a5    00000019     app_common.o (.rodata.str1.6858423907132777704.1)
                  000046be    00000018     app_common.o (.rodata.str1.2012820364827226503.1)
                  000046d6    00000016     app_common.o (.rodata.str1.16546099650905957834.1)
                  000046ec    00000016     app_common.o (.rodata.str1.6488220512292036259.1)
                  00004702    00000015     app_common.o (.rodata.str1.10429554286195325064.1)
                  00004717    00000014     app_common.o (.rodata.str1.15841481993680758348.1)
                  0000472b    00000014     app_common.o (.rodata.str1.17116982383396894824.1)
                  0000473f    00000014     app_common.o (.rodata.str1.1792150719650926156.1)
                  00004753    00000013     app_common.o (.rodata.str1.15986675398430671601.1)
                  00004766    00000013     app_common.o (.rodata.str1.6071548003363279629.1)
                  00004779    00000012     app_common.o (.rodata.str1.11918709766738123712.1)
                  0000478b    00000012     app_common.o (.rodata.str1.5598573169653468338.1)
                  0000479d    00000011     libc.a : _printfi.c.obj (.rodata.str1.10348868589481759720.1)
                  000047ae    00000011            : _printfi.c.obj (.rodata.str1.15363888844622738466.1)
                  000047bf    00000011     app_common.o (.rodata.str1.2473626441357759200.1)
                  000047d0    00000011     app_common.o (.rodata.str1.2970959555391549778.1)
                  000047e1    00000011     app_common.o (.rodata.str1.6360017490550387393.1)
                  000047f2    00000011     app_common.o (.rodata.str1.7258265919487828035.1)
                  00004803    00000011     app_common.o (.rodata.str1.7765811675680937608.1)
                  00004814    00000011     app_common.o (.rodata.str1.9176486389282610541.1)
                  00004825    0000000f     app_common.o (.rodata.str1.13004182986476396538.1)
                  00004834    0000000f     uart1.o (.rodata.str1.15875891266525215839.1)
                  00004843    0000000f     app_common.o (.rodata.str1.4845466243474658765.1)
                  00004852    0000000f     app_common.o (.rodata.str1.6768287110593762024.1)
                  00004861    0000000f     app_common.o (.rodata.str1.7121151532836613393.1)
                  00004870    0000000f     app_common.o (.rodata.str1.9349281024333406967.1)
                  0000487f    0000000e     mqtt.o (.rodata.str1.6119411462599232091.1)
                  0000488d    0000000d     i2c0.o (.rodata.str1.16857564704301768665.1)
                  0000489a    0000000d     app_common.o (.rodata.str1.4682556997905695029.1)
                  000048a7    0000000c     app_common.o (.rodata.str1.15418962876121317165.1)
                  000048b3    0000000c     app_common.o (.rodata.str1.3732695515871305224.1)
                  000048bf    0000000c     i2c0.o (.rodata.str1.561729138136085595.1)
                  000048cb    0000000c     uart1.o (.rodata.str1.7655064156386441684.1)
                  000048d7    0000000c     app_common.o (.rodata.str1.7825819665639612490.1)
                  000048e3    0000000b     app_common.o (.rodata.str1.10368302602187927654.1)
                  000048ee    0000000b     app_common.o (.rodata.str1.17128752484913213662.1)
                  000048f9    0000000b     app_common.o (.rodata.str1.17281170310585640519.1)
                  00004904    0000000b     app_common.o (.rodata.str1.4660533908639497122.1)
                  0000490f    0000000a     uart1.o (.rodata.str1.10333090051713482409.1)
                  00004919    0000000a     uart1.o (.rodata.str1.16703594059018181473.1)
                  00004923    0000000a     i2c0.o (.rodata.str1.8640563807904019103.1)
                  0000492d    00000009     app_common.o (.rodata.str1.12171418687344171670.1)
                  00004936    00000009     app_common.o (.rodata.str1.16979452330571389292.1)
                  0000493f    00000009     app_common.o (.rodata.str1.8344176913558929136.1)
                  00004948    00000008     app_common.o (.rodata.str1.13495225288195505865.1)
                  00004950    00000008     mqtt.o (.rodata.str1.13641981303155832046.1)
                  00004958    00000006     uart1.o (.rodata.str1.10405966248829727620.1)
                  0000495e    00000006     uart1.o (.rodata.str1.9105701781139119846.1)
                  00004964    00000005     uart1.o (.rodata.str1.10325346187975606484.1)
                  00004969    00000005     uart1.o (.rodata.str1.12050350366616553571.1)
                  0000496e    00000005     uart1.o (.rodata.str1.12747660023304419868.1)
                  00004973    00000005     uart1.o (.rodata.str1.13949195525683311012.1)
                  00004978    00000005     app_common.o (.rodata.str1.17724244221455043402.1)
                  0000497d    00000005     app_common.o (.rodata.str1.2813041528949800643.1)
                  00004982    00000005     mqtt.o (.rodata.str1.482871317653244268.1)
                  00004987    00000005     uart1.o (.rodata.str1.8551749353209914508.1)
                  0000498c    00000003     uart1.o (.rodata.str1.1796746635157104460.1)
                  0000498f    00000003     app_common.o (.rodata.str1.2201101511084925083.1)
                  00004992    00000003     app_common.o (.rodata.str1.4028979704143978803.1)
                  00004995    00000003     uart1.o (.rodata.str1.4667918372817716447.1)
                  00004998    00000003     i2c0.o (.rodata.str1.5697117810892938982.1)
                  0000499b    00000003     app_common.o (.rodata.str1.6098721478075672564.1)
                  0000499e    00000002     mqtt.o (.rodata.str1.5323535165221019306.1)

.cinit     0    000049a0    0000002c     
                  000049a0    0000000c     (__TI_handler_table)
                  000049ac    00000008     (.cinit..bss.load) [load image, compression = zero_init]
                  000049b4    00000007     (.cinit..data.load) [load image, compression = lzss]
                  000049bb    00000001     --HOLE-- [fill = 0]
                  000049bc    00000010     (__TI_cinit_table)

.init_array 
*          0    00000000    00000000     UNINITIALIZED

.bss       0    20000000    0000080a     UNINITIALIZED
                  20000000    00000800     uart1.o (.bss.rx_buffer)
                  20000800    0000000a     (.common:system)

.data      0    20000910    0000000d     UNINITIALIZED
                  20000910    00000004     libc.a : aeabi_portable.c.obj (.data.__aeabi_errno)
                  20000914    00000004     uart1.o (.data.rx_head)
                  20000918    00000004     uart1.o (.data.rx_tail)
                  2000091c    00000001     uart1.o (.data.rx_buffer_overflow)

.stack     0    20000810    00000100     UNINITIALIZED
                  20000810    00000004     libc.a : boot_cortex_m.c.obj (.stack)
                  20000814    000000fc     --HOLE--

__llvm_prf_cnts 
*          0    20000000    00000000     UNINITIALIZED

__llvm_prf_bits 
*          0    20000000    00000000     UNINITIALIZED

MODULE SUMMARY

       Module                       code    ro data   rw data
       ------                       ----    -------   -------
    .\
       startup_ccs.o                18      620       0      
    +--+----------------------------+-------+---------+---------+
       Total:                       18      620       0      
                                                             
    .\Application\
       main.o                       176     0         10     
    +--+----------------------------+-------+---------+---------+
       Total:                       176     0         10     
                                                             
    .\Common\
       app_common.o                 1384    848       0      
       mqtt.o                       638     29        0      
    +--+----------------------------+-------+---------+---------+
       Total:                       2022    877       0      
                                                             
    .\Devices\AM2301b\
       am2301b.o                    384     0         0      
    +--+----------------------------+-------+---------+---------+
       Total:                       384     0         0      
                                                             
    .\Devices\LCD\
       lcd.o                        512     0         0      
    +--+----------------------------+-------+---------+---------+
       Total:                       512     0         0      
                                                             
    .\Drivers\ADC\
       adc.o                        188     0         0      
    +--+----------------------------+-------+---------+---------+
       Total:                       188     0         0      
                                                             
    .\Drivers\GPIO\
       gpio.o                       130     0         0      
    +--+----------------------------+-------+---------+---------+
       Total:                       130     0         0      
                                                             
    .\Drivers\I2C\
       i2c0.o                       1464    38        0      
    +--+----------------------------+-------+---------+---------+
       Total:                       1464    38        0      
                                                             
    .\Drivers\UART\
       uart1.o                      2416    90        2057   
       uart.o                       302     0         0      
    +--+----------------------------+-------+---------+---------+
       Total:                       2718    90        2057   
                                                             
    C:/TI/TivaWare_C_Series-2.2.0.295/driverlib/ccs/Debug/driverlib.lib
       sysctl.obj                   530     108       0      
       interrupt.obj                16      0         0      
       cpu.obj                      12      0         0      
    +--+----------------------------+-------+---------+---------+
       Total:                       558     108       0      
                                                             
    D:\ti\ccs2100\ccs\tools\compiler\ti-cgt-armllvm_5.1.1.LTS\lib\armv7em-ti-none-eabihf/c/libc.a
       _printfi.c.obj               4844    34        0      
       strcmp_t2.S.obj              732     0         0      
       s_scalbn.c.obj               268     0         0      
       aeabi_ctype.S.obj            0       257       0      
       snprintf.c.obj               144     0         0      
       copy_decompress_lzss.c.obj   116     0         0      
       s_frexp.c.obj                104     0         0      
       _ltoa.c.obj                  86      0         0      
       atoi.c.obj                   68      0         0      
       autoinit.c.obj               56      0         0      
       boot_cortex_m.c.obj          52      0         0      
       strstr.c.obj                 44      0         0      
       memmov.c.obj                 40      0         0      
       memccpy.c.obj                34      0         0      
       memcpy_t2.S.obj              18      0         0      
       copy_zero_init.c.obj         16      0         0      
       wcslen.c.obj                 16      0         0      
       copy_decompress_none.c.obj   14      0         0      
       memset_t2.S.obj              14      0         0      
       strlen.c.obj                 14      0         0      
       aeabi_portable.c.obj         8       0         4      
       exit.c.obj                   6       0         0      
       pre_init.c.obj               4       0         0      
    +--+----------------------------+-------+---------+---------+
       Total:                       6698    291       4      
                                                             
    D:\ti\ccs2100\ccs\tools\compiler\ti-cgt-armllvm_5.1.1.LTS\lib\armv7em-ti-none-eabihf/c/libsysbm.a
       hostexit.c.obj               4       0         0      
    +--+----------------------------+-------+---------+---------+
       Total:                       4       0         0      
                                                             
    D:\ti\ccs2100\ccs\tools\compiler\ti-cgt-armllvm_5.1.1.LTS\lib\armv7em-ti-none-eabihf/libclang_rt.builtins.a
       adddf3.S.obj                 438     0         0      
       divdf3.S.obj                 332     0         0      
       muldf3.S.obj                 252     0         0      
       comparedf2.c.obj             236     0         0      
       udivmoddi4.S.obj             176     0         0      
       aeabi_dcmp.S.obj             130     0         0      
       truncdfsf2.S.obj             110     0         0      
       fixdfsi.S.obj                72      0         0      
       extendsfdf2.S.obj            56      0         0      
       floatsidf.S.obj              46      0         0      
       aeabi_uldivmod.S.obj         20      0         0      
       aeabi_memset.S.obj           18      0         0      
       aeabi_ddiv.c.obj             4       0         0      
       aeabi_dmul.c.obj             4       0         0      
       aeabi_memcpy.S.obj           4       0         0      
       aeabi_memmove.S.obj          4       0         0      
       aeabi_div0.c.obj             2       0         0      
    +--+----------------------------+-------+---------+---------+
       Total:                       1904    0         0      
                                                             
       Stack:                       0       0         256    
       Linker Generated:            0       43        0      
    +--+----------------------------+-------+---------+---------+
       Grand Total:                 16776   2067      2327   


LINKER GENERATED COPY TABLES

__TI_cinit_table @ 000049bc records: 2, size/record: 8, table size: 16
	.bss: load addr=000049ac, load size=00000008 bytes, run addr=20000000, run size=0000080a bytes, compression=zero_init
	.data: load addr=000049b4, load size=00000007 bytes, run addr=20000910, run size=0000000d bytes, compression=lzss


LINKER GENERATED HANDLER TABLE

__TI_handler_table @ 000049a0 records: 3, size/record: 4, table size: 12
	index: 0, handler: __TI_decompress_lzss
	index: 1, handler: __TI_decompress_none
	index: 2, handler: __TI_zero_init


GLOBAL SYMBOLS: SORTED ALPHABETICALLY BY Name 

address   name                          
-------   ----                          
00003109  ADC0_Init                     
00004343  AM2301B_Init                  
00001c81  AM2301B_Read                  
00001af7  AT_Send_Command               
00001961  App_Common_MqttConnect        
00002cff  App_Common_MqttPublishLoop    
000013f1  App_Common_RunEsp8266Sequence 
000033d9  App_Common_WiFiConnectAP      
000043f6  C$$EXIT                       
000043db  CPUcpsie                      
000043f7  HOSTexit                      
0000209d  I2C0_BurstWrite               
00002f89  I2C0_Init                     
000023f9  I2C0_ProbeAddr                
000022df  I2C0_ReadBytes                
00002ebf  I2C0_ScanBus                  
00002939  I2C0_WriteBytesOnly           
00003c9d  I2C0_WriteCmdOnly             
00004383  IntMasterEnable               
000041e3  LCD_Command                   
00003e59  LCD_Init                      
000040a9  LCD_TestInit                  
000042d9  LCD_WriteChar                 
00002c15  Mqtt_Connect                  
00003479  Mqtt_Publish                  
000036c3  PortF_Init                    
000017c3  ResetISR                      
00002511  SysCtlClockGet                
00002a31  SysCtlClockSet                
00003a0b  SysCtlDelay                   
0000431d  TI_memcpy_small               
000043bf  TI_memset_small               
00002de3  UART0_Init                    
000040d7  UART0_WriteChar               
00004209  UART0_WriteString             
0000304b  UART1_CaptureResponse         
00003dcd  UART1_ClearRxBuffer           
00002b25  UART1_GetRxBufferData         
00003515  UART1_Handler                 
00002735  UART1_Init                    
000021bf  UART1_ReadIpdData             
0000363b  UART1_WaitForPattern          
000035ab  UART1_WaitForPatternAndEcho   
00004105  UART1_WriteChar               
00003e99  UART1_WriteRaw                
00004295  UART1_WriteString             
20000910  __STACK_END                   
00000100  __STACK_SIZE                  
20000910  __STACK_TOP                   
00000000  __TI_ATRegion0_region_sz      
00000000  __TI_ATRegion0_src_addr       
00000000  __TI_ATRegion0_trg_addr       
00000000  __TI_ATRegion1_region_sz      
00000000  __TI_ATRegion1_src_addr       
00000000  __TI_ATRegion1_trg_addr       
00000000  __TI_ATRegion2_region_sz      
00000000  __TI_ATRegion2_src_addr       
00000000  __TI_ATRegion2_trg_addr       
000049bc  __TI_CINIT_Base               
000049cc  __TI_CINIT_Limit              
000049cc  __TI_CINIT_Warm               
000049a0  __TI_Handler_Table_Base       
000049ac  __TI_Handler_Table_Limit      
00003ed9  __TI_auto_init_nobinit_nopinit
00003845  __TI_decompress_lzss          
000043cd  __TI_decompress_none          
00003bf3  __TI_ltoa                     
ffffffff  __TI_pprof_out_hndl           
00000281  __TI_printfi                  
ffffffff  __TI_prof_data_size           
ffffffff  __TI_prof_data_start          
00000000  __TI_static_base__            
00004393  __TI_zero_init                
00001617  __adddf3                      
00004490  __aeabi_ctype_table_          
00004490  __aeabi_ctype_table_C         
0000399d  __aeabi_d2f                   
00003d85  __aeabi_d2iz                  
00001617  __aeabi_dadd                  
00003745  __aeabi_dcmpeq                
00003793  __aeabi_dcmpge                
000037ad  __aeabi_dcmpgt                
00003779  __aeabi_dcmple                
0000375f  __aeabi_dcmplt                
00004049  __aeabi_dcmpun                
00004403  __aeabi_ddiv                  
00004407  __aeabi_dmul                  
0000160d  __aeabi_dsub                  
20000910  __aeabi_errno                 
000043e9  __aeabi_errno_addr            
00003f11  __aeabi_f2d                   
00004135  __aeabi_i2d                   
00001c7f  __aeabi_ldiv0                 
0000433b  __aeabi_memclr                
0000433b  __aeabi_memclr4               
0000433b  __aeabi_memclr8               
00004411  __aeabi_memcpy                
00004411  __aeabi_memcpy4               
00004411  __aeabi_memcpy8               
00004415  __aeabi_memmove               
00004415  __aeabi_memmove4              
00004415  __aeabi_memmove8              
00004331  __aeabi_memset                
00004331  __aeabi_memset4               
00004331  __aeabi_memset8               
00004309  __aeabi_uldivmod              
ffffffff  __binit__                     
00003add  __cmpdf2                      
00001f51  __divdf3                      
00003add  __eqdf2                       
00003f11  __extendsfdf2                 
00003d85  __fixdfsi                     
00004135  __floatsidf                   
00003b3d  __gedf2                       
00003b3d  __gtdf2                       
00003add  __ledf2                       
00003add  __ltdf2                       
UNDEFED   __mpu_init                    
0000283d  __muldf3                      
00003add  __nedf2                       
20000810  __stack                       
20000000  __start___llvm_prf_bits       
20000000  __start___llvm_prf_cnts       
20000000  __stop___llvm_prf_bits        
20000000  __stop___llvm_prf_cnts        
0000160d  __subdf3                      
0000399d  __truncdfsf2                  
00003329  __udivmoddi4                  
00003f7d  _c_int00_noargs               
UNDEFED   _system_post_cinit            
0000440b  _system_pre_init              
000043f1  abort                         
00003e15  atoi                          
ffffffff  binit                         
00003a11  frexp                         
00003a11  frexpl                        
00000000  g_pfnVectors                  
00002629  ldexp                         
00002629  ldexpl                        
000037c7  main                          
000042b7  memccpy                       
000041bb  memmove                       
00002629  scalbn                        
00002629  scalbnl                       
00003d3d  snprintf                      
00000c49  strcmp                        
000043b1  strlen                        
0000418f  strstr                        
20000800  system                        
00004373  wcslen                        


GLOBAL SYMBOLS: SORTED BY Symbol Address 

address   name                          
-------   ----                          
00000000  __TI_ATRegion0_region_sz      
00000000  __TI_ATRegion0_src_addr       
00000000  __TI_ATRegion0_trg_addr       
00000000  __TI_ATRegion1_region_sz      
00000000  __TI_ATRegion1_src_addr       
00000000  __TI_ATRegion1_trg_addr       
00000000  __TI_ATRegion2_region_sz      
00000000  __TI_ATRegion2_src_addr       
00000000  __TI_ATRegion2_trg_addr       
00000000  __TI_static_base__            
00000000  g_pfnVectors                  
00000100  __STACK_SIZE                  
00000281  __TI_printfi                  
00000c49  strcmp                        
000013f1  App_Common_RunEsp8266Sequence 
0000160d  __aeabi_dsub                  
0000160d  __subdf3                      
00001617  __adddf3                      
00001617  __aeabi_dadd                  
000017c3  ResetISR                      
00001961  App_Common_MqttConnect        
00001af7  AT_Send_Command               
00001c7f  __aeabi_ldiv0                 
00001c81  AM2301B_Read                  
00001f51  __divdf3                      
0000209d  I2C0_BurstWrite               
000021bf  UART1_ReadIpdData             
000022df  I2C0_ReadBytes                
000023f9  I2C0_ProbeAddr                
00002511  SysCtlClockGet                
00002629  ldexp                         
00002629  ldexpl                        
00002629  scalbn                        
00002629  scalbnl                       
00002735  UART1_Init                    
0000283d  __muldf3                      
00002939  I2C0_WriteBytesOnly           
00002a31  SysCtlClockSet                
00002b25  UART1_GetRxBufferData         
00002c15  Mqtt_Connect                  
00002cff  App_Common_MqttPublishLoop    
00002de3  UART0_Init                    
00002ebf  I2C0_ScanBus                  
00002f89  I2C0_Init                     
0000304b  UART1_CaptureResponse         
00003109  ADC0_Init                     
00003329  __udivmoddi4                  
000033d9  App_Common_WiFiConnectAP      
00003479  Mqtt_Publish                  
00003515  UART1_Handler                 
000035ab  UART1_WaitForPatternAndEcho   
0000363b  UART1_WaitForPattern          
000036c3  PortF_Init                    
00003745  __aeabi_dcmpeq                
0000375f  __aeabi_dcmplt                
00003779  __aeabi_dcmple                
00003793  __aeabi_dcmpge                
000037ad  __aeabi_dcmpgt                
000037c7  main                          
00003845  __TI_decompress_lzss          
0000399d  __aeabi_d2f                   
0000399d  __truncdfsf2                  
00003a0b  SysCtlDelay                   
00003a11  frexp                         
00003a11  frexpl                        
00003add  __cmpdf2                      
00003add  __eqdf2                       
00003add  __ledf2                       
00003add  __ltdf2                       
00003add  __nedf2                       
00003b3d  __gedf2                       
00003b3d  __gtdf2                       
00003bf3  __TI_ltoa                     
00003c9d  I2C0_WriteCmdOnly             
00003d3d  snprintf                      
00003d85  __aeabi_d2iz                  
00003d85  __fixdfsi                     
00003dcd  UART1_ClearRxBuffer           
00003e15  atoi                          
00003e59  LCD_Init                      
00003e99  UART1_WriteRaw                
00003ed9  __TI_auto_init_nobinit_nopinit
00003f11  __aeabi_f2d                   
00003f11  __extendsfdf2                 
00003f7d  _c_int00_noargs               
00004049  __aeabi_dcmpun                
000040a9  LCD_TestInit                  
000040d7  UART0_WriteChar               
00004105  UART1_WriteChar               
00004135  __aeabi_i2d                   
00004135  __floatsidf                   
0000418f  strstr                        
000041bb  memmove                       
000041e3  LCD_Command                   
00004209  UART0_WriteString             
00004295  UART1_WriteString             
000042b7  memccpy                       
000042d9  LCD_WriteChar                 
00004309  __aeabi_uldivmod              
0000431d  TI_memcpy_small               
00004331  __aeabi_memset                
00004331  __aeabi_memset4               
00004331  __aeabi_memset8               
0000433b  __aeabi_memclr                
0000433b  __aeabi_memclr4               
0000433b  __aeabi_memclr8               
00004343  AM2301B_Init                  
00004373  wcslen                        
00004383  IntMasterEnable               
00004393  __TI_zero_init                
000043b1  strlen                        
000043bf  TI_memset_small               
000043cd  __TI_decompress_none          
000043db  CPUcpsie                      
000043e9  __aeabi_errno_addr            
000043f1  abort                         
000043f6  C$$EXIT                       
000043f7  HOSTexit                      
00004403  __aeabi_ddiv                  
00004407  __aeabi_dmul                  
0000440b  _system_pre_init              
00004411  __aeabi_memcpy                
00004411  __aeabi_memcpy4               
00004411  __aeabi_memcpy8               
00004415  __aeabi_memmove               
00004415  __aeabi_memmove4              
00004415  __aeabi_memmove8              
00004490  __aeabi_ctype_table_          
00004490  __aeabi_ctype_table_C         
000049a0  __TI_Handler_Table_Base       
000049ac  __TI_Handler_Table_Limit      
000049bc  __TI_CINIT_Base               
000049cc  __TI_CINIT_Limit              
000049cc  __TI_CINIT_Warm               
20000000  __start___llvm_prf_bits       
20000000  __start___llvm_prf_cnts       
20000000  __stop___llvm_prf_bits        
20000000  __stop___llvm_prf_cnts        
20000800  system                        
20000810  __stack                       
20000910  __STACK_END                   
20000910  __STACK_TOP                   
20000910  __aeabi_errno                 
ffffffff  __TI_pprof_out_hndl           
ffffffff  __TI_prof_data_size           
ffffffff  __TI_prof_data_start          
ffffffff  __binit__                     
ffffffff  binit                         
UNDEFED   __mpu_init                    
UNDEFED   _system_post_cinit            

[150 symbols]
