<?xml version="1.0" encoding="ISO-8859-1" ?>
<link_info>
   <banner>TI ARM Clang Linker PC v5.1.1.LTS</banner>
   <copyright>Copyright (c) 1996-2018 Texas Instruments Incorporated</copyright>
   <command_line>D:\ti\ccs2100\ccs\tools\compiler\ti-cgt-armllvm_5.1.1.LTS\bin\tiarmlnk -ID:\ti\ccs2100\ccs\tools\compiler\ti-cgt-armllvm_5.1.1.LTS\lib -o project0.out --cg_opt_level=0 -mproject0_ccs.map --stack_size=256 -iD:/ti/ccs2100/ccs/tools/compiler/ti-cgt-armllvm_5.1.1.LTS/lib -iD:/ti/ccs2100/ccs/tools/compiler/ti-cgt-armllvm_5.1.1.LTS/include --reread_libs --diag_wrap=off --display_error_number --warn_sections --xml_link_info=project0_linkInfo.xml --rom_model ./startup_ccs.o ./Application/main.o ./Application/state.o ./Devices/AM2301b/am2301b.o ./Devices/LCD/lcd.o ./Devices/MMA7660/mma7660.o ./Drivers/ADC/adc.o ./Drivers/GPIO/gpio.o ./Drivers/I2C/i2c0.o ./Drivers/UART/uart.o ../project0_ccs.cmd -lC:/TI/TivaWare_C_Series-2.2.0.295/driverlib/ccs/Debug/driverlib.lib -llibc.a -lD:/ti/TivaWare_C_Series-2.2.0.295/driverlib/ccs/Debug/driverlib.lib --start-group -llibc++.a -llibc++abi.a -llibc.a -llibsys.a -llibsysbm.a -llibclang_rt.builtins.a -llibclang_rt.profile.a --end-group</command_line>
   <link_time>0x6a588220</link_time>
   <link_errors>0x0</link_errors>
   <output_file>D:\CCStudio_Workspace\project0\Debug\project0.out</output_file>
   <entry_point>
      <name>_c_int00_noargs</name>
      <address>0x162d</address>
   </entry_point>
   <input_file_list>
      <input_file id="fl-1">
         <path>D:\CCStudio_Workspace\project0\Debug\.\</path>
         <kind>object</kind>
         <file>startup_ccs.o</file>
         <name>startup_ccs.o</name>
      </input_file>
      <input_file id="fl-2">
         <path>D:\CCStudio_Workspace\project0\Debug\.\Application\</path>
         <kind>object</kind>
         <file>main.o</file>
         <name>main.o</name>
      </input_file>
      <input_file id="fl-3">
         <path>D:\CCStudio_Workspace\project0\Debug\.\Application\</path>
         <kind>object</kind>
         <file>state.o</file>
         <name>state.o</name>
      </input_file>
      <input_file id="fl-4">
         <path>D:\CCStudio_Workspace\project0\Debug\.\Devices\AM2301b\</path>
         <kind>object</kind>
         <file>am2301b.o</file>
         <name>am2301b.o</name>
      </input_file>
      <input_file id="fl-5">
         <path>D:\CCStudio_Workspace\project0\Debug\.\Devices\LCD\</path>
         <kind>object</kind>
         <file>lcd.o</file>
         <name>lcd.o</name>
      </input_file>
      <input_file id="fl-6">
         <path>D:\CCStudio_Workspace\project0\Debug\.\Devices\MMA7660\</path>
         <kind>object</kind>
         <file>mma7660.o</file>
         <name>mma7660.o</name>
      </input_file>
      <input_file id="fl-7">
         <path>D:\CCStudio_Workspace\project0\Debug\.\Drivers\ADC\</path>
         <kind>object</kind>
         <file>adc.o</file>
         <name>adc.o</name>
      </input_file>
      <input_file id="fl-8">
         <path>D:\CCStudio_Workspace\project0\Debug\.\Drivers\GPIO\</path>
         <kind>object</kind>
         <file>gpio.o</file>
         <name>gpio.o</name>
      </input_file>
      <input_file id="fl-9">
         <path>D:\CCStudio_Workspace\project0\Debug\.\Drivers\I2C\</path>
         <kind>object</kind>
         <file>i2c0.o</file>
         <name>i2c0.o</name>
      </input_file>
      <input_file id="fl-a">
         <path>D:\CCStudio_Workspace\project0\Debug\.\Drivers\UART\</path>
         <kind>object</kind>
         <file>uart.o</file>
         <name>uart.o</name>
      </input_file>
      <input_file id="fl-17">
         <path>D:\CCStudio_Workspace\project0\Debug\</path>
         <kind>object</kind>
         <file>&lt;internal&gt;</file>
         <name>&lt;internal&gt;</name>
      </input_file>
      <input_file id="fl-18">
         <path>C:\TI\TivaWare_C_Series-2.2.0.295\driverlib\ccs\Debug\</path>
         <kind>archive</kind>
         <file>driverlib.lib</file>
         <name>sysctl.obj</name>
      </input_file>
      <input_file id="fl-19">
         <path>C:\TI\TivaWare_C_Series-2.2.0.295\driverlib\ccs\Debug\</path>
         <kind>archive</kind>
         <file>driverlib.lib</file>
         <name>cpu.obj</name>
      </input_file>
      <input_file id="fl-1a">
         <path>C:\TI\TivaWare_C_Series-2.2.0.295\driverlib\ccs\Debug\</path>
         <kind>archive</kind>
         <file>driverlib.lib</file>
         <name>interrupt.obj</name>
      </input_file>
      <input_file id="fl-37">
         <path>D:\ti\ccs2100\ccs\tools\compiler\ti-cgt-armllvm_5.1.1.LTS\lib\armv7em-ti-none-eabihf\c\</path>
         <kind>archive</kind>
         <file>libc.a</file>
         <name>boot_cortex_m.c.obj</name>
      </input_file>
      <input_file id="fl-38">
         <path>D:\ti\ccs2100\ccs\tools\compiler\ti-cgt-armllvm_5.1.1.LTS\lib\armv7em-ti-none-eabihf\c\</path>
         <kind>archive</kind>
         <file>libc.a</file>
         <name>mathacl_init.c.obj</name>
      </input_file>
      <input_file id="fl-39">
         <path>D:\ti\ccs2100\ccs\tools\compiler\ti-cgt-armllvm_5.1.1.LTS\lib\armv7em-ti-none-eabihf\c\</path>
         <kind>archive</kind>
         <file>libc.a</file>
         <name>autoinit.c.obj</name>
      </input_file>
      <input_file id="fl-3a">
         <path>D:\ti\ccs2100\ccs\tools\compiler\ti-cgt-armllvm_5.1.1.LTS\lib\armv7em-ti-none-eabihf\c\</path>
         <kind>archive</kind>
         <file>libc.a</file>
         <name>pre_init.c.obj</name>
      </input_file>
      <input_file id="fl-3b">
         <path>D:\ti\ccs2100\ccs\tools\compiler\ti-cgt-armllvm_5.1.1.LTS\lib\armv7em-ti-none-eabihf\c\</path>
         <kind>archive</kind>
         <file>libc.a</file>
         <name>cpy_tbl.c.obj</name>
      </input_file>
      <input_file id="fl-3c">
         <path>D:\ti\ccs2100\ccs\tools\compiler\ti-cgt-armllvm_5.1.1.LTS\lib\armv7em-ti-none-eabihf\c\</path>
         <kind>archive</kind>
         <file>libc.a</file>
         <name>copy_zero_init.c.obj</name>
      </input_file>
      <input_file id="fl-3d">
         <path>D:\ti\ccs2100\ccs\tools\compiler\ti-cgt-armllvm_5.1.1.LTS\lib\armv7em-ti-none-eabihf\c\</path>
         <kind>archive</kind>
         <file>libc.a</file>
         <name>copy_decompress_none.c.obj</name>
      </input_file>
      <input_file id="fl-3e">
         <path>D:\ti\ccs2100\ccs\tools\compiler\ti-cgt-armllvm_5.1.1.LTS\lib\armv7em-ti-none-eabihf\c\</path>
         <kind>archive</kind>
         <file>libc.a</file>
         <name>copy_decompress_lzss.c.obj</name>
      </input_file>
      <input_file id="fl-3f">
         <path>D:\ti\ccs2100\ccs\tools\compiler\ti-cgt-armllvm_5.1.1.LTS\lib\armv7em-ti-none-eabihf\c\</path>
         <kind>archive</kind>
         <file>libc.a</file>
         <name>exit.c.obj</name>
      </input_file>
      <input_file id="fl-40">
         <path>D:\ti\ccs2100\ccs\tools\compiler\ti-cgt-armllvm_5.1.1.LTS\lib\armv7em-ti-none-eabihf\c\</path>
         <kind>archive</kind>
         <file>libc.a</file>
         <name>_lock.c.obj</name>
      </input_file>
      <input_file id="fl-41">
         <path>D:\ti\ccs2100\ccs\tools\compiler\ti-cgt-armllvm_5.1.1.LTS\lib\armv7em-ti-none-eabihf\c\</path>
         <kind>archive</kind>
         <file>libc.a</file>
         <name>args_main.c.obj</name>
      </input_file>
      <input_file id="fl-135">
         <path>D:\ti\ccs2100\ccs\tools\compiler\ti-cgt-armllvm_5.1.1.LTS\lib\armv7em-ti-none-eabihf\c\</path>
         <kind>archive</kind>
         <file>libsysbm.a</file>
         <name>hostexit.c.obj</name>
      </input_file>
      <input_file id="fl-136">
         <path>D:\ti\ccs2100\ccs\tools\compiler\ti-cgt-armllvm_5.1.1.LTS\lib\armv7em-ti-none-eabihf\</path>
         <kind>archive</kind>
         <file>libclang_rt.builtins.a</file>
         <name>adddf3.S.obj</name>
      </input_file>
      <input_file id="fl-137">
         <path>D:\ti\ccs2100\ccs\tools\compiler\ti-cgt-armllvm_5.1.1.LTS\lib\armv7em-ti-none-eabihf\</path>
         <kind>archive</kind>
         <file>libclang_rt.builtins.a</file>
         <name>extendsfdf2.S.obj</name>
      </input_file>
      <input_file id="fl-138">
         <path>D:\ti\ccs2100\ccs\tools\compiler\ti-cgt-armllvm_5.1.1.LTS\lib\armv7em-ti-none-eabihf\</path>
         <kind>archive</kind>
         <file>libclang_rt.builtins.a</file>
         <name>truncdfsf2.S.obj</name>
      </input_file>
      <input_file id="fl-139">
         <path>D:\ti\ccs2100\ccs\tools\compiler\ti-cgt-armllvm_5.1.1.LTS\lib\armv7em-ti-none-eabihf\</path>
         <kind>archive</kind>
         <file>libclang_rt.builtins.a</file>
         <name>aeabi_dmul.c.obj</name>
      </input_file>
      <input_file id="fl-13a">
         <path>D:\ti\ccs2100\ccs\tools\compiler\ti-cgt-armllvm_5.1.1.LTS\lib\armv7em-ti-none-eabihf\</path>
         <kind>archive</kind>
         <file>libclang_rt.builtins.a</file>
         <name>aeabi_memcpy.S.obj</name>
      </input_file>
      <input_file id="fl-13b">
         <path>D:\ti\ccs2100\ccs\tools\compiler\ti-cgt-armllvm_5.1.1.LTS\lib\armv7em-ti-none-eabihf\</path>
         <kind>archive</kind>
         <file>libclang_rt.builtins.a</file>
         <name>aeabi_memset.S.obj</name>
      </input_file>
      <input_file id="fl-13c">
         <path>D:\ti\ccs2100\ccs\tools\compiler\ti-cgt-armllvm_5.1.1.LTS\lib\armv7em-ti-none-eabihf\</path>
         <kind>archive</kind>
         <file>libclang_rt.builtins.a</file>
         <name>muldf3.S.obj</name>
      </input_file>
      <input_file id="fl-13d">
         <path>D:\ti\ccs2100\ccs\tools\compiler\ti-cgt-armllvm_5.1.1.LTS\lib\armv7em-ti-none-eabihf\c\</path>
         <kind>archive</kind>
         <file>libc.a</file>
         <name>muldf3_fast.c.obj</name>
      </input_file>
      <input_file id="fl-13e">
         <path>D:\ti\ccs2100\ccs\tools\compiler\ti-cgt-armllvm_5.1.1.LTS\lib\armv7em-ti-none-eabihf\c\</path>
         <kind>archive</kind>
         <file>libc.a</file>
         <name>memcpy_t2.S.obj</name>
      </input_file>
      <input_file id="fl-13f">
         <path>D:\ti\ccs2100\ccs\tools\compiler\ti-cgt-armllvm_5.1.1.LTS\lib\armv7em-ti-none-eabihf\c\</path>
         <kind>archive</kind>
         <file>libc.a</file>
         <name>memset_t2.S.obj</name>
      </input_file>
   </input_file_list>
   <object_component_list>
      <object_component id="oc-12">
         <name>.intvecs</name>
         <load_address>0x0</load_address>
         <readonly>true</readonly>
         <run_address>0x0</run_address>
         <size>0x26c</size>
         <alignment>0x4</alignment>
         <input_file_ref idref="fl-1"/>
      </object_component>
      <object_component id="oc-c3">
         <name>.text</name>
         <load_address>0x270</load_address>
         <readonly>true</readonly>
         <executable>true</executable>
         <run_address>0x270</run_address>
         <size>0x1b6</size>
         <alignment>0x4</alignment>
         <input_file_ref idref="fl-136"/>
      </object_component>
      <object_component id="oc-83">
         <name>.text.StateMachine_Run</name>
         <load_address>0x428</load_address>
         <readonly>true</readonly>
         <executable>true</executable>
         <run_address>0x428</run_address>
         <size>0x180</size>
         <alignment>0x4</alignment>
         <input_file_ref idref="fl-3"/>
      </object_component>
      <object_component id="oc-81">
         <name>.text.AM2301B_Read</name>
         <load_address>0x5a8</load_address>
         <readonly>true</readonly>
         <executable>true</executable>
         <run_address>0x5a8</run_address>
         <size>0x170</size>
         <alignment>0x8</alignment>
         <input_file_ref idref="fl-4"/>
      </object_component>
      <object_component id="oc-fd">
         <name>.text.I2C0_BurstWrite</name>
         <load_address>0x718</load_address>
         <readonly>true</readonly>
         <executable>true</executable>
         <run_address>0x718</run_address>
         <size>0x122</size>
         <alignment>0x2</alignment>
         <input_file_ref idref="fl-5"/>
      </object_component>
      <object_component id="oc-b9">
         <name>.text.I2C0_ReadBytes</name>
         <load_address>0x83a</load_address>
         <readonly>true</readonly>
         <executable>true</executable>
         <run_address>0x83a</run_address>
         <size>0x11a</size>
         <alignment>0x2</alignment>
         <input_file_ref idref="fl-9"/>
      </object_component>
      <object_component id="oc-11b">
         <name>.text</name>
         <load_address>0x954</load_address>
         <readonly>true</readonly>
         <executable>true</executable>
         <run_address>0x954</run_address>
         <size>0xfc</size>
         <alignment>0x4</alignment>
         <input_file_ref idref="fl-13c"/>
      </object_component>
      <object_component id="oc-b8">
         <name>.text.I2C0_WriteBytesOnly</name>
         <load_address>0xa50</load_address>
         <readonly>true</readonly>
         <executable>true</executable>
         <run_address>0xa50</run_address>
         <size>0xf8</size>
         <alignment>0x2</alignment>
         <input_file_ref idref="fl-9"/>
      </object_component>
      <object_component id="oc-82">
         <name>.text.Display_Data_To_Putty</name>
         <load_address>0xb48</load_address>
         <readonly>true</readonly>
         <executable>true</executable>
         <run_address>0xb48</run_address>
         <size>0xf4</size>
         <alignment>0x2</alignment>
         <input_file_ref idref="fl-2"/>
      </object_component>
      <object_component id="oc-6e">
         <name>.text:SysCtlClockSet</name>
         <load_address>0xc3c</load_address>
         <readonly>true</readonly>
         <executable>true</executable>
         <run_address>0xc3c</run_address>
         <size>0xf4</size>
         <alignment>0x4</alignment>
         <input_file_ref idref="fl-18"/>
      </object_component>
      <object_component id="oc-75">
         <name>.text.UART0_Init</name>
         <load_address>0xd30</load_address>
         <readonly>true</readonly>
         <executable>true</executable>
         <run_address>0xd30</run_address>
         <size>0xdc</size>
         <alignment>0x2</alignment>
         <input_file_ref idref="fl-a"/>
      </object_component>
      <object_component id="oc-78">
         <name>.text.I2C0_ScanBus</name>
         <load_address>0xe0c</load_address>
         <readonly>true</readonly>
         <executable>true</executable>
         <run_address>0xe0c</run_address>
         <size>0xca</size>
         <alignment>0x2</alignment>
         <input_file_ref idref="fl-9"/>
      </object_component>
      <object_component id="oc-77">
         <name>.text.I2C0_Init</name>
         <load_address>0xed6</load_address>
         <readonly>true</readonly>
         <executable>true</executable>
         <run_address>0xed6</run_address>
         <size>0xc2</size>
         <alignment>0x2</alignment>
         <input_file_ref idref="fl-9"/>
      </object_component>
      <object_component id="oc-76">
         <name>.text.ADC0_Init</name>
         <load_address>0xf98</load_address>
         <readonly>true</readonly>
         <executable>true</executable>
         <run_address>0xf98</run_address>
         <size>0xbc</size>
         <alignment>0x2</alignment>
         <input_file_ref idref="fl-7"/>
      </object_component>
      <object_component id="oc-7f">
         <name>.text.Button_Read</name>
         <load_address>0x1054</load_address>
         <readonly>true</readonly>
         <executable>true</executable>
         <run_address>0x1054</run_address>
         <size>0xb6</size>
         <alignment>0x2</alignment>
         <input_file_ref idref="fl-8"/>
      </object_component>
      <object_component id="oc-c9">
         <name>.text.UART0_WriteInt</name>
         <load_address>0x110a</load_address>
         <readonly>true</readonly>
         <executable>true</executable>
         <run_address>0x110a</run_address>
         <size>0xb0</size>
         <alignment>0x2</alignment>
         <input_file_ref idref="fl-a"/>
      </object_component>
      <object_component id="oc-59">
         <name>.text.main</name>
         <load_address>0x11ba</load_address>
         <readonly>true</readonly>
         <executable>true</executable>
         <run_address>0x11ba</run_address>
         <size>0xae</size>
         <alignment>0x2</alignment>
         <input_file_ref idref="fl-2"/>
      </object_component>
      <object_component id="oc-74">
         <name>.text.PortF_Init</name>
         <load_address>0x1268</load_address>
         <readonly>true</readonly>
         <executable>true</executable>
         <run_address>0x1268</run_address>
         <size>0x82</size>
         <alignment>0x2</alignment>
         <input_file_ref idref="fl-8"/>
      </object_component>
      <object_component id="oc-15">
         <name>.text:decompress:lzss</name>
         <load_address>0x12ea</load_address>
         <readonly>true</readonly>
         <executable>true</executable>
         <run_address>0x12ea</run_address>
         <size>0x74</size>
         <alignment>0x2</alignment>
         <input_file_ref idref="fl-3e"/>
      </object_component>
      <object_component id="oc-fe">
         <name>.text.I2C0_WaitDone</name>
         <load_address>0x135e</load_address>
         <readonly>true</readonly>
         <executable>true</executable>
         <run_address>0x135e</run_address>
         <size>0x72</size>
         <alignment>0x2</alignment>
         <input_file_ref idref="fl-9"/>
      </object_component>
      <object_component id="oc-bf">
         <name>.text</name>
         <load_address>0x13d0</load_address>
         <readonly>true</readonly>
         <executable>true</executable>
         <run_address>0x13d0</run_address>
         <size>0x6e</size>
         <alignment>0x4</alignment>
         <input_file_ref idref="fl-138"/>
      </object_component>
      <object_component id="oc-ad">
         <name>.text.I2C0_ProbeAddr</name>
         <load_address>0x143e</load_address>
         <readonly>true</readonly>
         <executable>true</executable>
         <run_address>0x143e</run_address>
         <size>0x68</size>
         <alignment>0x2</alignment>
         <input_file_ref idref="fl-9"/>
      </object_component>
      <object_component id="oc-b5">
         <name>.text.I2C0_WriteCmdOnly</name>
         <load_address>0x14a6</load_address>
         <readonly>true</readonly>
         <executable>true</executable>
         <run_address>0x14a6</run_address>
         <size>0x52</size>
         <alignment>0x2</alignment>
         <input_file_ref idref="fl-9"/>
      </object_component>
      <object_component id="oc-80">
         <name>.text.ADC0_Read</name>
         <load_address>0x14f8</load_address>
         <readonly>true</readonly>
         <executable>true</executable>
         <run_address>0x14f8</run_address>
         <size>0x46</size>
         <alignment>0x2</alignment>
         <input_file_ref idref="fl-7"/>
      </object_component>
      <object_component id="oc-79">
         <name>.text.LCD_Init</name>
         <load_address>0x153e</load_address>
         <readonly>true</readonly>
         <executable>true</executable>
         <run_address>0x153e</run_address>
         <size>0x40</size>
         <alignment>0x2</alignment>
         <input_file_ref idref="fl-5"/>
      </object_component>
      <object_component id="oc-b4">
         <name>.text.delayMs</name>
         <load_address>0x157e</load_address>
         <readonly>true</readonly>
         <executable>true</executable>
         <run_address>0x157e</run_address>
         <size>0x3e</size>
         <alignment>0x2</alignment>
         <input_file_ref idref="fl-2"/>
      </object_component>
      <object_component id="oc-8b">
         <name>.text:__TI_auto_init_nobinit_nopinit</name>
         <load_address>0x15bc</load_address>
         <readonly>true</readonly>
         <executable>true</executable>
         <run_address>0x15bc</run_address>
         <size>0x38</size>
         <alignment>0x4</alignment>
         <input_file_ref idref="fl-39"/>
      </object_component>
      <object_component id="oc-ba">
         <name>.text</name>
         <load_address>0x15f4</load_address>
         <readonly>true</readonly>
         <executable>true</executable>
         <run_address>0x15f4</run_address>
         <size>0x38</size>
         <alignment>0x4</alignment>
         <input_file_ref idref="fl-137"/>
      </object_component>
      <object_component id="oc-46">
         <name>.text:_c_int00_noargs</name>
         <load_address>0x162c</load_address>
         <readonly>true</readonly>
         <executable>true</executable>
         <run_address>0x162c</run_address>
         <size>0x34</size>
         <alignment>0x4</alignment>
         <input_file_ref idref="fl-37"/>
      </object_component>
      <object_component id="oc-7a">
         <name>.text.LCD_TestInit</name>
         <load_address>0x1660</load_address>
         <readonly>true</readonly>
         <executable>true</executable>
         <run_address>0x1660</run_address>
         <size>0x2e</size>
         <alignment>0x2</alignment>
         <input_file_ref idref="fl-5"/>
      </object_component>
      <object_component id="oc-af">
         <name>.text.UART0_WriteChar</name>
         <load_address>0x168e</load_address>
         <readonly>true</readonly>
         <executable>true</executable>
         <run_address>0x168e</run_address>
         <size>0x2e</size>
         <alignment>0x2</alignment>
         <input_file_ref idref="fl-a"/>
      </object_component>
      <object_component id="oc-b3">
         <name>.text.LCD_Command</name>
         <load_address>0x16bc</load_address>
         <readonly>true</readonly>
         <executable>true</executable>
         <run_address>0x16bc</run_address>
         <size>0x26</size>
         <alignment>0x2</alignment>
         <input_file_ref idref="fl-5"/>
      </object_component>
      <object_component id="oc-cd">
         <name>.text.LED_Set</name>
         <load_address>0x16e2</load_address>
         <readonly>true</readonly>
         <executable>true</executable>
         <run_address>0x16e2</run_address>
         <size>0x24</size>
         <alignment>0x2</alignment>
         <input_file_ref idref="fl-8"/>
      </object_component>
      <object_component id="oc-ac">
         <name>.text.UART0_WriteString</name>
         <load_address>0x1706</load_address>
         <readonly>true</readonly>
         <executable>true</executable>
         <run_address>0x1706</run_address>
         <size>0x24</size>
         <alignment>0x2</alignment>
         <input_file_ref idref="fl-a"/>
      </object_component>
      <object_component id="oc-7c">
         <name>.text.LCD_WriteChar</name>
         <load_address>0x172a</load_address>
         <readonly>true</readonly>
         <executable>true</executable>
         <run_address>0x172a</run_address>
         <size>0x18</size>
         <alignment>0x2</alignment>
         <input_file_ref idref="fl-5"/>
      </object_component>
      <object_component id="oc-b2">
         <name>.text.Delay_ms</name>
         <load_address>0x1742</load_address>
         <readonly>true</readonly>
         <executable>true</executable>
         <run_address>0x1742</run_address>
         <size>0x16</size>
         <alignment>0x2</alignment>
         <input_file_ref idref="fl-5"/>
      </object_component>
      <object_component id="oc-64">
         <name>.text:TI_memcpy_small</name>
         <load_address>0x1758</load_address>
         <readonly>true</readonly>
         <executable>true</executable>
         <run_address>0x1758</run_address>
         <size>0x12</size>
         <alignment>0x1</alignment>
         <input_file_ref idref="fl-13e"/>
      </object_component>
      <object_component id="oc-3d">
         <name>.text:decompress:ZI:__TI_zero_init_nomemset</name>
         <load_address>0x176a</load_address>
         <readonly>true</readonly>
         <executable>true</executable>
         <run_address>0x176a</run_address>
         <size>0x12</size>
         <alignment>0x2</alignment>
         <input_file_ref idref="fl-3c"/>
      </object_component>
      <object_component id="oc-7d">
         <name>.text.AM2301B_Init</name>
         <load_address>0x177c</load_address>
         <readonly>true</readonly>
         <executable>true</executable>
         <run_address>0x177c</run_address>
         <size>0x10</size>
         <alignment>0x2</alignment>
         <input_file_ref idref="fl-4"/>
      </object_component>
      <object_component id="oc-19">
         <name>.text:decompress:none</name>
         <load_address>0x178c</load_address>
         <readonly>true</readonly>
         <executable>true</executable>
         <run_address>0x178c</run_address>
         <size>0xe</size>
         <alignment>0x2</alignment>
         <input_file_ref idref="fl-3d"/>
      </object_component>
      <object_component id="oc-29">
         <name>.text.ResetISR</name>
         <load_address>0x179a</load_address>
         <readonly>true</readonly>
         <executable>true</executable>
         <run_address>0x179a</run_address>
         <size>0x6</size>
         <alignment>0x2</alignment>
         <input_file_ref idref="fl-1"/>
      </object_component>
      <object_component id="oc-7b">
         <name>.text:SysCtlDelay</name>
         <load_address>0x17a0</load_address>
         <readonly>true</readonly>
         <executable>true</executable>
         <run_address>0x17a0</run_address>
         <size>0x6</size>
         <alignment>0x2</alignment>
         <input_file_ref idref="fl-18"/>
      </object_component>
      <object_component id="oc-84">
         <name>.text:abort</name>
         <load_address>0x17a6</load_address>
         <readonly>true</readonly>
         <executable>true</executable>
         <run_address>0x17a6</run_address>
         <size>0x6</size>
         <alignment>0x2</alignment>
         <input_file_ref idref="fl-3f"/>
      </object_component>
      <object_component id="oc-2b">
         <name>.text.FaultISR</name>
         <load_address>0x17ac</load_address>
         <readonly>true</readonly>
         <executable>true</executable>
         <run_address>0x17ac</run_address>
         <size>0x4</size>
         <alignment>0x2</alignment>
         <input_file_ref idref="fl-1"/>
      </object_component>
      <object_component id="oc-d2">
         <name>.text.HOSTexit</name>
         <load_address>0x17b0</load_address>
         <readonly>true</readonly>
         <executable>true</executable>
         <run_address>0x17b0</run_address>
         <size>0x4</size>
         <alignment>0x2</alignment>
         <input_file_ref idref="fl-135"/>
      </object_component>
      <object_component id="oc-2c">
         <name>.text.IntDefaultHandler</name>
         <load_address>0x17b4</load_address>
         <readonly>true</readonly>
         <executable>true</executable>
         <run_address>0x17b4</run_address>
         <size>0x4</size>
         <alignment>0x2</alignment>
         <input_file_ref idref="fl-1"/>
      </object_component>
      <object_component id="oc-2a">
         <name>.text.NmiSR</name>
         <load_address>0x17b8</load_address>
         <readonly>true</readonly>
         <executable>true</executable>
         <run_address>0x17b8</run_address>
         <size>0x4</size>
         <alignment>0x2</alignment>
         <input_file_ref idref="fl-1"/>
      </object_component>
      <object_component id="oc-105">
         <name>.text.__aeabi_dmul</name>
         <load_address>0x17bc</load_address>
         <readonly>true</readonly>
         <executable>true</executable>
         <run_address>0x17bc</run_address>
         <size>0x4</size>
         <alignment>0x2</alignment>
         <input_file_ref idref="fl-139"/>
      </object_component>
      <object_component id="oc-55">
         <name>.text._system_pre_init</name>
         <load_address>0x17c0</load_address>
         <readonly>true</readonly>
         <executable>true</executable>
         <run_address>0x17c0</run_address>
         <size>0x4</size>
         <alignment>0x2</alignment>
         <input_file_ref idref="fl-3a"/>
      </object_component>
      <object_component id="oc-36">
         <name>.text</name>
         <load_address>0x17c4</load_address>
         <readonly>true</readonly>
         <executable>true</executable>
         <run_address>0x17c4</run_address>
         <size>0x4</size>
         <alignment>0x4</alignment>
         <input_file_ref idref="fl-13a"/>
      </object_component>
      <object_component id="oc-163">
         <name>__TI_handler_table</name>
         <load_address>0x1868</load_address>
         <readonly>true</readonly>
         <run_address>0x1868</run_address>
         <size>0xc</size>
         <alignment>0x4</alignment>
      </object_component>
      <object_component id="oc-166">
         <name>.cinit..bss.load</name>
         <load_address>0x1874</load_address>
         <readonly>true</readonly>
         <run_address>0x1874</run_address>
         <size>0x8</size>
         <alignment>0x4</alignment>
      </object_component>
      <object_component id="oc-165">
         <name>.cinit..data.load</name>
         <load_address>0x187c</load_address>
         <readonly>true</readonly>
         <run_address>0x187c</run_address>
         <size>0x6</size>
         <alignment>0x1</alignment>
      </object_component>
      <object_component id="oc-164">
         <name>__TI_cinit_table</name>
         <load_address>0x1884</load_address>
         <readonly>true</readonly>
         <run_address>0x1884</run_address>
         <size>0x10</size>
         <alignment>0x4</alignment>
      </object_component>
      <object_component id="oc-b6">
         <name>.data.last_sw1</name>
         <load_address>0x2000010a</load_address>
         <readwrite>true</readwrite>
         <run_address>0x2000010a</run_address>
         <size>0x1</size>
         <alignment>0x1</alignment>
         <input_file_ref idref="fl-8"/>
      </object_component>
      <object_component id="oc-b7">
         <name>.data.last_sw2</name>
         <load_address>0x2000010b</load_address>
         <readwrite>true</readwrite>
         <run_address>0x2000010b</run_address>
         <size>0x1</size>
         <alignment>0x1</alignment>
         <input_file_ref idref="fl-8"/>
      </object_component>
      <object_component id="oc-7e">
         <name>.common:system</name>
         <uninitialized>true</uninitialized>
         <readwrite>true</readwrite>
         <run_address>0x20000100</run_address>
         <size>0xa</size>
         <alignment>0x2</alignment>
      </object_component>
      <object_component id="oc-13">
         <name>.stack</name>
         <uninitialized>true</uninitialized>
         <readwrite>true</readwrite>
         <run_address>0x20000000</run_address>
         <size>0x4</size>
         <alignment>0x4</alignment>
         <input_file_ref idref="fl-37"/>
      </object_component>
      <object_component id="oc-168">
         <name>.stack</name>
         <uninitialized>true</uninitialized>
         <readwrite>true</readwrite>
         <run_address>0x20000000</run_address>
         <size>0x0</size>
         <alignment>0x8</alignment>
      </object_component>
      <object_component id="oc-114">
         <name>.rodata.str1.16613078617017302901.1</name>
         <load_address>0x17c8</load_address>
         <readonly>true</readonly>
         <run_address>0x17c8</run_address>
         <size>0x11</size>
         <alignment>0x1</alignment>
         <input_file_ref idref="fl-9"/>
      </object_component>
      <object_component id="oc-d1">
         <name>.rodata.str1.10594799503128334244.1</name>
         <load_address>0x17d9</load_address>
         <readonly>true</readonly>
         <run_address>0x17d9</run_address>
         <size>0xf</size>
         <alignment>0x1</alignment>
         <input_file_ref idref="fl-3"/>
      </object_component>
      <object_component id="oc-cf">
         <name>.rodata.str1.10899599654568504247.1</name>
         <load_address>0x17e8</load_address>
         <readonly>true</readonly>
         <run_address>0x17e8</run_address>
         <size>0xe</size>
         <alignment>0x1</alignment>
         <input_file_ref idref="fl-3"/>
      </object_component>
      <object_component id="oc-c7">
         <name>.rodata.str1.15159059442110792349.1</name>
         <load_address>0x17f6</load_address>
         <readonly>true</readonly>
         <run_address>0x17f6</run_address>
         <size>0xe</size>
         <alignment>0x1</alignment>
         <input_file_ref idref="fl-2"/>
      </object_component>
      <object_component id="oc-b1">
         <name>.rodata.str1.16857564704301768665.1</name>
         <load_address>0x1804</load_address>
         <readonly>true</readonly>
         <run_address>0x1804</run_address>
         <size>0xd</size>
         <alignment>0x1</alignment>
         <input_file_ref idref="fl-9"/>
      </object_component>
      <object_component id="oc-ce">
         <name>.rodata.str1.8650044326576809537.1</name>
         <load_address>0x1811</load_address>
         <readonly>true</readonly>
         <run_address>0x1811</run_address>
         <size>0xd</size>
         <alignment>0x1</alignment>
         <input_file_ref idref="fl-3"/>
      </object_component>
      <object_component id="oc-ab">
         <name>.rodata.str1.561729138136085595.1</name>
         <load_address>0x181e</load_address>
         <readonly>true</readonly>
         <run_address>0x181e</run_address>
         <size>0xc</size>
         <alignment>0x1</alignment>
         <input_file_ref idref="fl-9"/>
      </object_component>
      <object_component id="oc-d0">
         <name>.rodata.str1.9409152763965699502.1</name>
         <load_address>0x182a</load_address>
         <readonly>true</readonly>
         <run_address>0x182a</run_address>
         <size>0xb</size>
         <alignment>0x1</alignment>
         <input_file_ref idref="fl-3"/>
      </object_component>
      <object_component id="oc-c8">
         <name>.rodata.str1.8154729771448623357.1</name>
         <load_address>0x1835</load_address>
         <readonly>true</readonly>
         <run_address>0x1835</run_address>
         <size>0xa</size>
         <alignment>0x1</alignment>
         <input_file_ref idref="fl-2"/>
      </object_component>
      <object_component id="oc-ae">
         <name>.rodata.str1.8640563807904019103.1</name>
         <load_address>0x183f</load_address>
         <readonly>true</readonly>
         <run_address>0x183f</run_address>
         <size>0xa</size>
         <alignment>0x1</alignment>
         <input_file_ref idref="fl-9"/>
      </object_component>
      <object_component id="oc-113">
         <name>.rodata.str1.11827960463098020270.1</name>
         <load_address>0x1849</load_address>
         <readonly>true</readonly>
         <run_address>0x1849</run_address>
         <size>0x9</size>
         <alignment>0x1</alignment>
         <input_file_ref idref="fl-9"/>
      </object_component>
      <object_component id="oc-cb">
         <name>.rodata.str1.18227636981041470289.1</name>
         <load_address>0x1852</load_address>
         <readonly>true</readonly>
         <run_address>0x1852</run_address>
         <size>0x9</size>
         <alignment>0x1</alignment>
         <input_file_ref idref="fl-2"/>
      </object_component>
      <object_component id="oc-cc">
         <name>.rodata.str1.2846389346932560359.1</name>
         <load_address>0x185b</load_address>
         <readonly>true</readonly>
         <run_address>0x185b</run_address>
         <size>0x5</size>
         <alignment>0x1</alignment>
         <input_file_ref idref="fl-2"/>
      </object_component>
      <object_component id="oc-ca">
         <name>.rodata.str1.17100691992556644108.1</name>
         <load_address>0x1860</load_address>
         <readonly>true</readonly>
         <run_address>0x1860</run_address>
         <size>0x4</size>
         <alignment>0x1</alignment>
         <input_file_ref idref="fl-2"/>
      </object_component>
      <object_component id="oc-b0">
         <name>.rodata.str1.5697117810892938982.1</name>
         <load_address>0x1864</load_address>
         <readonly>true</readonly>
         <run_address>0x1864</run_address>
         <size>0x3</size>
         <alignment>0x1</alignment>
         <input_file_ref idref="fl-9"/>
      </object_component>
      <object_component id="oc-aa">
         <name>.debug_info</name>
         <load_address>0x0</load_address>
         <run_address>0x0</run_address>
         <size>0x441</size>
         <alignment>0x0</alignment>
         <input_file_ref idref="fl-18"/>
      </object_component>
      <object_component id="oc-6f">
         <name>.debug_info</name>
         <load_address>0x441</load_address>
         <run_address>0x441</run_address>
         <size>0x2e4</size>
         <alignment>0x0</alignment>
         <input_file_ref idref="fl-18"/>
      </object_component>
      <object_component id="oc-ea">
         <name>.debug_info</name>
         <load_address>0x725</load_address>
         <run_address>0x725</run_address>
         <size>0x51</size>
         <alignment>0x0</alignment>
         <input_file_ref idref="fl-18"/>
      </object_component>
      <object_component id="oc-f8">
         <name>.debug_info</name>
         <load_address>0x776</load_address>
         <run_address>0x776</run_address>
         <size>0x26b</size>
         <alignment>0x0</alignment>
         <input_file_ref idref="fl-18"/>
      </object_component>
      <object_component id="oc-ee">
         <name>.debug_info</name>
         <load_address>0x9e1</load_address>
         <run_address>0x9e1</run_address>
         <size>0x8b</size>
         <alignment>0x0</alignment>
         <input_file_ref idref="fl-18"/>
      </object_component>
      <object_component id="oc-e3">
         <name>.debug_info</name>
         <load_address>0xa6c</load_address>
         <run_address>0xa6c</run_address>
         <size>0x297</size>
         <alignment>0x0</alignment>
         <input_file_ref idref="fl-18"/>
      </object_component>
      <object_component id="oc-f3">
         <name>.debug_info</name>
         <load_address>0xd03</load_address>
         <run_address>0xd03</run_address>
         <size>0xef</size>
         <alignment>0x0</alignment>
         <input_file_ref idref="fl-18"/>
      </object_component>
      <object_component id="oc-a5">
         <name>.debug_info</name>
         <load_address>0xdf2</load_address>
         <run_address>0xdf2</run_address>
         <size>0xbb</size>
         <alignment>0x0</alignment>
         <input_file_ref idref="fl-18"/>
      </object_component>
      <object_component id="oc-14">
         <name>.debug_info</name>
         <load_address>0xead</load_address>
         <run_address>0xead</run_address>
         <size>0x49d</size>
         <alignment>0x1</alignment>
         <input_file_ref idref="fl-37"/>
      </object_component>
      <object_component id="oc-8f">
         <name>.debug_info</name>
         <load_address>0x134a</load_address>
         <run_address>0x134a</run_address>
         <size>0x73e</size>
         <alignment>0x1</alignment>
         <input_file_ref idref="fl-39"/>
      </object_component>
      <object_component id="oc-58">
         <name>.debug_info</name>
         <load_address>0x1a88</load_address>
         <run_address>0x1a88</run_address>
         <size>0x46</size>
         <alignment>0x1</alignment>
         <input_file_ref idref="fl-3a"/>
      </object_component>
      <object_component id="oc-3e">
         <name>.debug_info</name>
         <load_address>0x1ace</load_address>
         <run_address>0x1ace</run_address>
         <size>0x190</size>
         <alignment>0x1</alignment>
         <input_file_ref idref="fl-3c"/>
      </object_component>
      <object_component id="oc-1a">
         <name>.debug_info</name>
         <load_address>0x1c5e</load_address>
         <run_address>0x1c5e</run_address>
         <size>0xc6</size>
         <alignment>0x1</alignment>
         <input_file_ref idref="fl-3d"/>
      </object_component>
      <object_component id="oc-17">
         <name>.debug_info</name>
         <load_address>0x1d24</load_address>
         <run_address>0x1d24</run_address>
         <size>0x17a</size>
         <alignment>0x1</alignment>
         <input_file_ref idref="fl-3e"/>
      </object_component>
      <object_component id="oc-86">
         <name>.debug_info</name>
         <load_address>0x1e9e</load_address>
         <run_address>0x1e9e</run_address>
         <size>0xf8</size>
         <alignment>0x1</alignment>
         <input_file_ref idref="fl-3f"/>
      </object_component>
      <object_component id="oc-d4">
         <name>.debug_info</name>
         <load_address>0x1f96</load_address>
         <run_address>0x1f96</run_address>
         <size>0x3b</size>
         <alignment>0x1</alignment>
         <input_file_ref idref="fl-135"/>
      </object_component>
      <object_component id="oc-c6">
         <name>.debug_info</name>
         <load_address>0x1fd1</load_address>
         <run_address>0x1fd1</run_address>
         <size>0x1a1</size>
         <alignment>0x1</alignment>
         <input_file_ref idref="fl-136"/>
      </object_component>
      <object_component id="oc-bb">
         <name>.debug_info</name>
         <load_address>0x2172</load_address>
         <run_address>0x2172</run_address>
         <size>0x191</size>
         <alignment>0x1</alignment>
         <input_file_ref idref="fl-137"/>
      </object_component>
      <object_component id="oc-c2">
         <name>.debug_info</name>
         <load_address>0x2303</load_address>
         <run_address>0x2303</run_address>
         <size>0x18f</size>
         <alignment>0x1</alignment>
         <input_file_ref idref="fl-138"/>
      </object_component>
      <object_component id="oc-102">
         <name>.debug_info</name>
         <load_address>0x2492</load_address>
         <run_address>0x2492</run_address>
         <size>0xb0</size>
         <alignment>0x1</alignment>
         <input_file_ref idref="fl-139"/>
      </object_component>
      <object_component id="oc-38">
         <name>.debug_info</name>
         <load_address>0x2542</load_address>
         <run_address>0x2542</run_address>
         <size>0x193</size>
         <alignment>0x1</alignment>
         <input_file_ref idref="fl-13a"/>
      </object_component>
      <object_component id="oc-11d">
         <name>.debug_info</name>
         <load_address>0x26d5</load_address>
         <run_address>0x26d5</run_address>
         <size>0x187</size>
         <alignment>0x1</alignment>
         <input_file_ref idref="fl-13c"/>
      </object_component>
      <object_component id="oc-67">
         <name>.debug_info</name>
         <load_address>0x285c</load_address>
         <run_address>0x285c</run_address>
         <size>0x2de</size>
         <alignment>0x1</alignment>
         <input_file_ref idref="fl-13e"/>
      </object_component>
      <object_component id="oc-169">
         <name>.debug_info</name>
         <load_address>0x2b3a</load_address>
         <run_address>0x2b3a</run_address>
         <size>0x98</size>
         <alignment>0x0</alignment>
      </object_component>
      <object_component id="oc-e9">
         <name>.debug_line</name>
         <load_address>0x0</load_address>
         <run_address>0x0</run_address>
         <size>0x13d</size>
         <alignment>0x0</alignment>
         <input_file_ref idref="fl-18"/>
      </object_component>
      <object_component id="oc-72">
         <name>.debug_line</name>
         <load_address>0x13d</load_address>
         <run_address>0x13d</run_address>
         <size>0xee</size>
         <alignment>0x0</alignment>
         <input_file_ref idref="fl-18"/>
      </object_component>
      <object_component id="oc-ec">
         <name>.debug_line</name>
         <load_address>0x22b</load_address>
         <run_address>0x22b</run_address>
         <size>0x7f</size>
         <alignment>0x0</alignment>
         <input_file_ref idref="fl-18"/>
      </object_component>
      <object_component id="oc-fb">
         <name>.debug_line</name>
         <load_address>0x2aa</load_address>
         <run_address>0x2aa</run_address>
         <size>0x71</size>
         <alignment>0x0</alignment>
         <input_file_ref idref="fl-18"/>
      </object_component>
      <object_component id="oc-f1">
         <name>.debug_line</name>
         <load_address>0x31b</load_address>
         <run_address>0x31b</run_address>
         <size>0x20</size>
         <alignment>0x0</alignment>
         <input_file_ref idref="fl-18"/>
      </object_component>
      <object_component id="oc-e6">
         <name>.debug_line</name>
         <load_address>0x33b</load_address>
         <run_address>0x33b</run_address>
         <size>0x75</size>
         <alignment>0x0</alignment>
         <input_file_ref idref="fl-18"/>
      </object_component>
      <object_component id="oc-f6">
         <name>.debug_line</name>
         <load_address>0x3b0</load_address>
         <run_address>0x3b0</run_address>
         <size>0x71</size>
         <alignment>0x0</alignment>
         <input_file_ref idref="fl-18"/>
      </object_component>
      <object_component id="oc-a8">
         <name>.debug_line</name>
         <load_address>0x421</load_address>
         <run_address>0x421</run_address>
         <size>0x72</size>
         <alignment>0x0</alignment>
         <input_file_ref idref="fl-18"/>
      </object_component>
      <object_component id="oc-2f">
         <name>.debug_line</name>
         <load_address>0x493</load_address>
         <run_address>0x493</run_address>
         <size>0x251</size>
         <alignment>0x1</alignment>
         <input_file_ref idref="fl-37"/>
      </object_component>
      <object_component id="oc-8d">
         <name>.debug_line</name>
         <load_address>0x6e4</load_address>
         <run_address>0x6e4</run_address>
         <size>0x4f5</size>
         <alignment>0x1</alignment>
         <input_file_ref idref="fl-39"/>
      </object_component>
      <object_component id="oc-56">
         <name>.debug_line</name>
         <load_address>0xbd9</load_address>
         <run_address>0xbd9</run_address>
         <size>0x3d</size>
         <alignment>0x1</alignment>
         <input_file_ref idref="fl-3a"/>
      </object_component>
      <object_component id="oc-41">
         <name>.debug_line</name>
         <load_address>0xc16</load_address>
         <run_address>0xc16</run_address>
         <size>0xf1</size>
         <alignment>0x1</alignment>
         <input_file_ref idref="fl-3c"/>
      </object_component>
      <object_component id="oc-1c">
         <name>.debug_line</name>
         <load_address>0xd07</load_address>
         <run_address>0xd07</run_address>
         <size>0xb3</size>
         <alignment>0x1</alignment>
         <input_file_ref idref="fl-3d"/>
      </object_component>
      <object_component id="oc-18">
         <name>.debug_line</name>
         <load_address>0xdba</load_address>
         <run_address>0xdba</run_address>
         <size>0x1d7</size>
         <alignment>0x1</alignment>
         <input_file_ref idref="fl-3e"/>
      </object_component>
      <object_component id="oc-88">
         <name>.debug_line</name>
         <load_address>0xf91</load_address>
         <run_address>0xf91</run_address>
         <size>0x61</size>
         <alignment>0x1</alignment>
         <input_file_ref idref="fl-3f"/>
      </object_component>
      <object_component id="oc-d3">
         <name>.debug_line</name>
         <load_address>0xff2</load_address>
         <run_address>0xff2</run_address>
         <size>0x41</size>
         <alignment>0x1</alignment>
         <input_file_ref idref="fl-135"/>
      </object_component>
      <object_component id="oc-c5">
         <name>.debug_line</name>
         <load_address>0x1033</load_address>
         <run_address>0x1033</run_address>
         <size>0x129</size>
         <alignment>0x1</alignment>
         <input_file_ref idref="fl-136"/>
      </object_component>
      <object_component id="oc-bd">
         <name>.debug_line</name>
         <load_address>0x115c</load_address>
         <run_address>0x115c</run_address>
         <size>0xb3</size>
         <alignment>0x1</alignment>
         <input_file_ref idref="fl-137"/>
      </object_component>
      <object_component id="oc-c0">
         <name>.debug_line</name>
         <load_address>0x120f</load_address>
         <run_address>0x120f</run_address>
         <size>0xc2</size>
         <alignment>0x1</alignment>
         <input_file_ref idref="fl-138"/>
      </object_component>
      <object_component id="oc-104">
         <name>.debug_line</name>
         <load_address>0x12d1</load_address>
         <run_address>0x12d1</run_address>
         <size>0xae</size>
         <alignment>0x1</alignment>
         <input_file_ref idref="fl-139"/>
      </object_component>
      <object_component id="oc-37">
         <name>.debug_line</name>
         <load_address>0x137f</load_address>
         <run_address>0x137f</run_address>
         <size>0x9b</size>
         <alignment>0x1</alignment>
         <input_file_ref idref="fl-13a"/>
      </object_component>
      <object_component id="oc-11e">
         <name>.debug_line</name>
         <load_address>0x141a</load_address>
         <run_address>0x141a</run_address>
         <size>0xe5</size>
         <alignment>0x1</alignment>
         <input_file_ref idref="fl-13c"/>
      </object_component>
      <object_component id="oc-66">
         <name>.debug_line</name>
         <load_address>0x14ff</load_address>
         <run_address>0x14ff</run_address>
         <size>0xa1</size>
         <alignment>0x1</alignment>
         <input_file_ref idref="fl-13e"/>
      </object_component>
      <object_component id="oc-73">
         <name>.debug_frame</name>
         <load_address>0x0</load_address>
         <run_address>0x0</run_address>
         <size>0x68</size>
         <alignment>0x4</alignment>
         <input_file_ref idref="fl-18"/>
      </object_component>
      <object_component id="oc-45">
         <name>.debug_frame</name>
         <load_address>0x68</load_address>
         <run_address>0x68</run_address>
         <size>0x90</size>
         <alignment>0x4</alignment>
         <input_file_ref idref="fl-37"/>
      </object_component>
      <object_component id="oc-8e">
         <name>.debug_frame</name>
         <load_address>0xf8</load_address>
         <run_address>0xf8</run_address>
         <size>0x100</size>
         <alignment>0x4</alignment>
         <input_file_ref idref="fl-39"/>
      </object_component>
      <object_component id="oc-57">
         <name>.debug_frame</name>
         <load_address>0x1f8</load_address>
         <run_address>0x1f8</run_address>
         <size>0x20</size>
         <alignment>0x4</alignment>
         <input_file_ref idref="fl-3a"/>
      </object_component>
      <object_component id="oc-40">
         <name>.debug_frame</name>
         <load_address>0x218</load_address>
         <run_address>0x218</run_address>
         <size>0x38</size>
         <alignment>0x4</alignment>
         <input_file_ref idref="fl-3c"/>
      </object_component>
      <object_component id="oc-1b">
         <name>.debug_frame</name>
         <load_address>0x250</load_address>
         <run_address>0x250</run_address>
         <size>0x20</size>
         <alignment>0x4</alignment>
         <input_file_ref idref="fl-3d"/>
      </object_component>
      <object_component id="oc-16">
         <name>.debug_frame</name>
         <load_address>0x270</load_address>
         <run_address>0x270</run_address>
         <size>0x30</size>
         <alignment>0x4</alignment>
         <input_file_ref idref="fl-3e"/>
      </object_component>
      <object_component id="oc-87">
         <name>.debug_frame</name>
         <load_address>0x2a0</load_address>
         <run_address>0x2a0</run_address>
         <size>0x30</size>
         <alignment>0x4</alignment>
         <input_file_ref idref="fl-3f"/>
      </object_component>
      <object_component id="oc-d5">
         <name>.debug_frame</name>
         <load_address>0x2d0</load_address>
         <run_address>0x2d0</run_address>
         <size>0x20</size>
         <alignment>0x4</alignment>
         <input_file_ref idref="fl-135"/>
      </object_component>
      <object_component id="oc-103">
         <name>.debug_frame</name>
         <load_address>0x2f0</load_address>
         <run_address>0x2f0</run_address>
         <size>0x30</size>
         <alignment>0x4</alignment>
         <input_file_ref idref="fl-139"/>
      </object_component>
      <object_component id="oc-e8">
         <name>.debug_abbrev</name>
         <load_address>0x0</load_address>
         <run_address>0x0</run_address>
         <size>0xbb</size>
         <alignment>0x0</alignment>
         <input_file_ref idref="fl-18"/>
      </object_component>
      <object_component id="oc-a4">
         <name>.debug_abbrev</name>
         <load_address>0xbb</load_address>
         <run_address>0xbb</run_address>
         <size>0x7a</size>
         <alignment>0x0</alignment>
         <input_file_ref idref="fl-18"/>
      </object_component>
      <object_component id="oc-eb">
         <name>.debug_abbrev</name>
         <load_address>0x135</load_address>
         <run_address>0x135</run_address>
         <size>0x38</size>
         <alignment>0x0</alignment>
         <input_file_ref idref="fl-18"/>
      </object_component>
      <object_component id="oc-fa">
         <name>.debug_abbrev</name>
         <load_address>0x16d</load_address>
         <run_address>0x16d</run_address>
         <size>0x69</size>
         <alignment>0x0</alignment>
         <input_file_ref idref="fl-18"/>
      </object_component>
      <object_component id="oc-f0">
         <name>.debug_abbrev</name>
         <load_address>0x1d6</load_address>
         <run_address>0x1d6</run_address>
         <size>0x1f</size>
         <alignment>0x0</alignment>
         <input_file_ref idref="fl-18"/>
      </object_component>
      <object_component id="oc-e5">
         <name>.debug_abbrev</name>
         <load_address>0x1f5</load_address>
         <run_address>0x1f5</run_address>
         <size>0x5c</size>
         <alignment>0x0</alignment>
         <input_file_ref idref="fl-18"/>
      </object_component>
      <object_component id="oc-f5">
         <name>.debug_abbrev</name>
         <load_address>0x251</load_address>
         <run_address>0x251</run_address>
         <size>0x24</size>
         <alignment>0x0</alignment>
         <input_file_ref idref="fl-18"/>
      </object_component>
      <object_component id="oc-a7">
         <name>.debug_abbrev</name>
         <load_address>0x275</load_address>
         <run_address>0x275</run_address>
         <size>0x24</size>
         <alignment>0x0</alignment>
         <input_file_ref idref="fl-18"/>
      </object_component>
      <object_component id="oc-2d">
         <name>.debug_abbrev</name>
         <load_address>0x299</load_address>
         <run_address>0x299</run_address>
         <size>0xc3</size>
         <alignment>0x1</alignment>
         <input_file_ref idref="fl-37"/>
      </object_component>
      <object_component id="oc-dc">
         <name>.debug_abbrev</name>
         <load_address>0x35c</load_address>
         <run_address>0x35c</run_address>
         <size>0x181</size>
         <alignment>0x1</alignment>
         <input_file_ref idref="fl-39"/>
      </object_component>
      <object_component id="oc-6c">
         <name>.debug_abbrev</name>
         <load_address>0x4dd</load_address>
         <run_address>0x4dd</run_address>
         <size>0x39</size>
         <alignment>0x1</alignment>
         <input_file_ref idref="fl-3a"/>
      </object_component>
      <object_component id="oc-4f">
         <name>.debug_abbrev</name>
         <load_address>0x516</load_address>
         <run_address>0x516</run_address>
         <size>0xcb</size>
         <alignment>0x1</alignment>
         <input_file_ref idref="fl-3c"/>
      </object_component>
      <object_component id="oc-3a">
         <name>.debug_abbrev</name>
         <load_address>0x5e1</load_address>
         <run_address>0x5e1</run_address>
         <size>0x70</size>
         <alignment>0x1</alignment>
         <input_file_ref idref="fl-3d"/>
      </object_component>
      <object_component id="oc-32">
         <name>.debug_abbrev</name>
         <load_address>0x651</load_address>
         <run_address>0x651</run_address>
         <size>0x9c</size>
         <alignment>0x1</alignment>
         <input_file_ref idref="fl-3e"/>
      </object_component>
      <object_component id="oc-d6">
         <name>.debug_abbrev</name>
         <load_address>0x6ed</load_address>
         <run_address>0x6ed</run_address>
         <size>0x98</size>
         <alignment>0x1</alignment>
         <input_file_ref idref="fl-3f"/>
      </object_component>
      <object_component id="oc-108">
         <name>.debug_abbrev</name>
         <load_address>0x785</load_address>
         <run_address>0x785</run_address>
         <size>0x2c</size>
         <alignment>0x1</alignment>
         <input_file_ref idref="fl-135"/>
      </object_component>
      <object_component id="oc-107">
         <name>.debug_abbrev</name>
         <load_address>0x7b1</load_address>
         <run_address>0x7b1</run_address>
         <size>0x27</size>
         <alignment>0x1</alignment>
         <input_file_ref idref="fl-136"/>
      </object_component>
      <object_component id="oc-ff">
         <name>.debug_abbrev</name>
         <load_address>0x7d8</load_address>
         <run_address>0x7d8</run_address>
         <size>0x27</size>
         <alignment>0x1</alignment>
         <input_file_ref idref="fl-137"/>
      </object_component>
      <object_component id="oc-106">
         <name>.debug_abbrev</name>
         <load_address>0x7ff</load_address>
         <run_address>0x7ff</run_address>
         <size>0x27</size>
         <alignment>0x1</alignment>
         <input_file_ref idref="fl-138"/>
      </object_component>
      <object_component id="oc-119">
         <name>.debug_abbrev</name>
         <load_address>0x826</load_address>
         <run_address>0x826</run_address>
         <size>0x56</size>
         <alignment>0x1</alignment>
         <input_file_ref idref="fl-139"/>
      </object_component>
      <object_component id="oc-4e">
         <name>.debug_abbrev</name>
         <load_address>0x87c</load_address>
         <run_address>0x87c</run_address>
         <size>0x27</size>
         <alignment>0x1</alignment>
         <input_file_ref idref="fl-13a"/>
      </object_component>
      <object_component id="oc-123">
         <name>.debug_abbrev</name>
         <load_address>0x8a3</load_address>
         <run_address>0x8a3</run_address>
         <size>0x27</size>
         <alignment>0x1</alignment>
         <input_file_ref idref="fl-13c"/>
      </object_component>
      <object_component id="oc-9d">
         <name>.debug_abbrev</name>
         <load_address>0x8ca</load_address>
         <run_address>0x8ca</run_address>
         <size>0x25</size>
         <alignment>0x1</alignment>
         <input_file_ref idref="fl-13e"/>
      </object_component>
      <object_component id="oc-16a">
         <name>.debug_abbrev</name>
         <load_address>0x8ef</load_address>
         <run_address>0x8ef</run_address>
         <size>0xf</size>
         <alignment>0x0</alignment>
      </object_component>
      <object_component id="oc-ed">
         <name>.debug_str</name>
         <load_address>0x0</load_address>
         <run_address>0x0</run_address>
         <size>0x138</size>
         <alignment>0x0</alignment>
         <input_file_ref idref="fl-18"/>
      </object_component>
      <object_component id="oc-fc">
         <name>.debug_str</name>
         <load_address>0x138</load_address>
         <run_address>0x138</run_address>
         <size>0x2df</size>
         <alignment>0x0</alignment>
         <input_file_ref idref="fl-18"/>
      </object_component>
      <object_component id="oc-f2">
         <name>.debug_str</name>
         <load_address>0x417</load_address>
         <run_address>0x417</run_address>
         <size>0xfe</size>
         <alignment>0x0</alignment>
         <input_file_ref idref="fl-18"/>
      </object_component>
      <object_component id="oc-e7">
         <name>.debug_str</name>
         <load_address>0x515</load_address>
         <run_address>0x515</run_address>
         <size>0x36e</size>
         <alignment>0x0</alignment>
         <input_file_ref idref="fl-18"/>
      </object_component>
      <object_component id="oc-f7">
         <name>.debug_str</name>
         <load_address>0x883</load_address>
         <run_address>0x883</run_address>
         <size>0x1ea</size>
         <alignment>0x0</alignment>
         <input_file_ref idref="fl-18"/>
      </object_component>
      <object_component id="oc-a9">
         <name>.debug_str</name>
         <load_address>0xa6d</load_address>
         <run_address>0xa6d</run_address>
         <size>0x177</size>
         <alignment>0x0</alignment>
         <input_file_ref idref="fl-18"/>
      </object_component>
      <object_component id="oc-2e">
         <name>.debug_str</name>
         <load_address>0xbe4</load_address>
         <run_address>0xbe4</run_address>
         <size>0x245</size>
         <alignment>0x1</alignment>
         <input_file_ref idref="fl-37"/>
      </object_component>
      <object_component id="oc-dd">
         <name>.debug_str</name>
         <load_address>0xe29</load_address>
         <run_address>0xe29</run_address>
         <size>0x328</size>
         <alignment>0x1</alignment>
         <input_file_ref idref="fl-39"/>
      </object_component>
      <object_component id="oc-6d">
         <name>.debug_str</name>
         <load_address>0x1151</load_address>
         <run_address>0x1151</run_address>
         <size>0xee</size>
         <alignment>0x1</alignment>
         <input_file_ref idref="fl-3a"/>
      </object_component>
      <object_component id="oc-50">
         <name>.debug_str</name>
         <load_address>0x123f</load_address>
         <run_address>0x123f</run_address>
         <size>0x194</size>
         <alignment>0x1</alignment>
         <input_file_ref idref="fl-3c"/>
      </object_component>
      <object_component id="oc-3b">
         <name>.debug_str</name>
         <load_address>0x13d3</load_address>
         <run_address>0x13d3</run_address>
         <size>0x161</size>
         <alignment>0x1</alignment>
         <input_file_ref idref="fl-3d"/>
      </object_component>
      <object_component id="oc-33">
         <name>.debug_str</name>
         <load_address>0x1534</load_address>
         <run_address>0x1534</run_address>
         <size>0x1ce</size>
         <alignment>0x1</alignment>
         <input_file_ref idref="fl-3e"/>
      </object_component>
      <object_component id="oc-d7">
         <name>.debug_str</name>
         <load_address>0x1702</load_address>
         <run_address>0x1702</run_address>
         <size>0x141</size>
         <alignment>0x1</alignment>
         <input_file_ref idref="fl-3f"/>
      </object_component>
      <object_component id="oc-109">
         <name>.debug_str</name>
         <load_address>0x1843</load_address>
         <run_address>0x1843</run_address>
         <size>0xe2</size>
         <alignment>0x1</alignment>
         <input_file_ref idref="fl-135"/>
      </object_component>
      <object_component id="oc-11a">
         <name>.debug_str</name>
         <load_address>0x1925</load_address>
         <run_address>0x1925</run_address>
         <size>0x197</size>
         <alignment>0x1</alignment>
         <input_file_ref idref="fl-139"/>
      </object_component>
      <object_component id="oc-70">
         <name>.debug_aranges</name>
         <load_address>0x0</load_address>
         <run_address>0x0</run_address>
         <size>0x20</size>
         <alignment>0x0</alignment>
         <input_file_ref idref="fl-18"/>
      </object_component>
      <object_component id="oc-c4">
         <name>.debug_aranges</name>
         <load_address>0x20</load_address>
         <run_address>0x20</run_address>
         <size>0x20</size>
         <alignment>0x1</alignment>
         <input_file_ref idref="fl-136"/>
      </object_component>
      <object_component id="oc-bc">
         <name>.debug_aranges</name>
         <load_address>0x40</load_address>
         <run_address>0x40</run_address>
         <size>0x20</size>
         <alignment>0x1</alignment>
         <input_file_ref idref="fl-137"/>
      </object_component>
      <object_component id="oc-c1">
         <name>.debug_aranges</name>
         <load_address>0x60</load_address>
         <run_address>0x60</run_address>
         <size>0x20</size>
         <alignment>0x1</alignment>
         <input_file_ref idref="fl-138"/>
      </object_component>
      <object_component id="oc-39">
         <name>.debug_aranges</name>
         <load_address>0x80</load_address>
         <run_address>0x80</run_address>
         <size>0x20</size>
         <alignment>0x1</alignment>
         <input_file_ref idref="fl-13a"/>
      </object_component>
      <object_component id="oc-11c">
         <name>.debug_aranges</name>
         <load_address>0xa0</load_address>
         <run_address>0xa0</run_address>
         <size>0x20</size>
         <alignment>0x1</alignment>
         <input_file_ref idref="fl-13c"/>
      </object_component>
      <object_component id="oc-68">
         <name>.debug_aranges</name>
         <load_address>0xc0</load_address>
         <run_address>0xc0</run_address>
         <size>0x28</size>
         <alignment>0x1</alignment>
         <input_file_ref idref="fl-13e"/>
      </object_component>
      <object_component id="oc-71">
         <name>.debug_pubnames</name>
         <load_address>0x0</load_address>
         <run_address>0x0</run_address>
         <size>0x25</size>
         <alignment>0x0</alignment>
         <input_file_ref idref="fl-18"/>
      </object_component>
      <object_component id="oc-f9">
         <name>.debug_pubtypes</name>
         <load_address>0x0</load_address>
         <run_address>0x0</run_address>
         <size>0x25c</size>
         <alignment>0x0</alignment>
         <input_file_ref idref="fl-18"/>
      </object_component>
      <object_component id="oc-ef">
         <name>.debug_pubtypes</name>
         <load_address>0x25c</load_address>
         <run_address>0x25c</run_address>
         <size>0xff</size>
         <alignment>0x0</alignment>
         <input_file_ref idref="fl-18"/>
      </object_component>
      <object_component id="oc-e4">
         <name>.debug_pubtypes</name>
         <load_address>0x35b</load_address>
         <run_address>0x35b</run_address>
         <size>0x325</size>
         <alignment>0x0</alignment>
         <input_file_ref idref="fl-18"/>
      </object_component>
      <object_component id="oc-f4">
         <name>.debug_pubtypes</name>
         <load_address>0x680</load_address>
         <run_address>0x680</run_address>
         <size>0x12e</size>
         <alignment>0x0</alignment>
         <input_file_ref idref="fl-18"/>
      </object_component>
      <object_component id="oc-a6">
         <name>.debug_pubtypes</name>
         <load_address>0x7ae</load_address>
         <run_address>0x7ae</run_address>
         <size>0xaa</size>
         <alignment>0x0</alignment>
         <input_file_ref idref="fl-18"/>
      </object_component>
      <object_component id="oc-31">
         <name>.debug_loc</name>
         <load_address>0x0</load_address>
         <run_address>0x0</run_address>
         <size>0x200</size>
         <alignment>0x1</alignment>
         <input_file_ref idref="fl-37"/>
      </object_component>
      <object_component id="oc-90">
         <name>.debug_loc</name>
         <load_address>0x200</load_address>
         <run_address>0x200</run_address>
         <size>0x32a</size>
         <alignment>0x1</alignment>
         <input_file_ref idref="fl-39"/>
      </object_component>
      <object_component id="oc-42">
         <name>.debug_loc</name>
         <load_address>0x52a</load_address>
         <run_address>0x52a</run_address>
         <size>0x146</size>
         <alignment>0x1</alignment>
         <input_file_ref idref="fl-3c"/>
      </object_component>
      <object_component id="oc-3c">
         <name>.debug_loc</name>
         <load_address>0x670</load_address>
         <run_address>0x670</run_address>
         <size>0x6f</size>
         <alignment>0x1</alignment>
         <input_file_ref idref="fl-3d"/>
      </object_component>
      <object_component id="oc-34">
         <name>.debug_loc</name>
         <load_address>0x6df</load_address>
         <run_address>0x6df</run_address>
         <size>0x11c</size>
         <alignment>0x1</alignment>
         <input_file_ref idref="fl-3e"/>
      </object_component>
      <object_component id="oc-8a">
         <name>.debug_loc</name>
         <load_address>0x7fb</load_address>
         <run_address>0x7fb</run_address>
         <size>0x26</size>
         <alignment>0x1</alignment>
         <input_file_ref idref="fl-3f"/>
      </object_component>
      <object_component id="oc-30">
         <name>.debug_ranges</name>
         <load_address>0x0</load_address>
         <run_address>0x0</run_address>
         <size>0x48</size>
         <alignment>0x1</alignment>
         <input_file_ref idref="fl-37"/>
      </object_component>
      <object_component id="oc-8c">
         <name>.debug_ranges</name>
         <load_address>0x48</load_address>
         <run_address>0x48</run_address>
         <size>0xa8</size>
         <alignment>0x1</alignment>
         <input_file_ref idref="fl-39"/>
      </object_component>
      <object_component id="oc-3f">
         <name>.debug_ranges</name>
         <load_address>0xf0</load_address>
         <run_address>0xf0</run_address>
         <size>0x18</size>
         <alignment>0x1</alignment>
         <input_file_ref idref="fl-3c"/>
      </object_component>
      <object_component id="oc-35">
         <name>.debug_ranges</name>
         <load_address>0x108</load_address>
         <run_address>0x108</run_address>
         <size>0x60</size>
         <alignment>0x1</alignment>
         <input_file_ref idref="fl-3e"/>
      </object_component>
      <object_component id="oc-85">
         <name>.debug_ranges</name>
         <load_address>0x168</load_address>
         <run_address>0x168</run_address>
         <size>0x18</size>
         <alignment>0x1</alignment>
         <input_file_ref idref="fl-3f"/>
      </object_component>
      <object_component id="oc-101">
         <name>.debug_ranges</name>
         <load_address>0x180</load_address>
         <run_address>0x180</run_address>
         <size>0x18</size>
         <alignment>0x1</alignment>
         <input_file_ref idref="fl-139"/>
      </object_component>
      <object_component id="oc-65">
         <name>.debug_ranges</name>
         <load_address>0x198</load_address>
         <run_address>0x198</run_address>
         <size>0x28</size>
         <alignment>0x1</alignment>
         <input_file_ref idref="fl-13e"/>
      </object_component>
   </object_component_list>
   <logical_group_list>
      <logical_group id="lg-3" display="no" color="cyan">
         <name>.intvecs</name>
         <load_address>0x0</load_address>
         <run_address>0x0</run_address>
         <size>0x26c</size>
         <contents>
            <object_component_ref idref="oc-12"/>
         </contents>
      </logical_group>
      <logical_group id="lg-4" display="no" color="cyan">
         <name>.text</name>
         <load_address>0x270</load_address>
         <run_address>0x270</run_address>
         <size>0x1558</size>
         <contents>
            <object_component_ref idref="oc-c3"/>
            <object_component_ref idref="oc-83"/>
            <object_component_ref idref="oc-81"/>
            <object_component_ref idref="oc-fd"/>
            <object_component_ref idref="oc-b9"/>
            <object_component_ref idref="oc-11b"/>
            <object_component_ref idref="oc-b8"/>
            <object_component_ref idref="oc-82"/>
            <object_component_ref idref="oc-6e"/>
            <object_component_ref idref="oc-75"/>
            <object_component_ref idref="oc-78"/>
            <object_component_ref idref="oc-77"/>
            <object_component_ref idref="oc-76"/>
            <object_component_ref idref="oc-7f"/>
            <object_component_ref idref="oc-c9"/>
            <object_component_ref idref="oc-59"/>
            <object_component_ref idref="oc-74"/>
            <object_component_ref idref="oc-15"/>
            <object_component_ref idref="oc-fe"/>
            <object_component_ref idref="oc-bf"/>
            <object_component_ref idref="oc-ad"/>
            <object_component_ref idref="oc-b5"/>
            <object_component_ref idref="oc-80"/>
            <object_component_ref idref="oc-79"/>
            <object_component_ref idref="oc-b4"/>
            <object_component_ref idref="oc-8b"/>
            <object_component_ref idref="oc-ba"/>
            <object_component_ref idref="oc-46"/>
            <object_component_ref idref="oc-7a"/>
            <object_component_ref idref="oc-af"/>
            <object_component_ref idref="oc-b3"/>
            <object_component_ref idref="oc-cd"/>
            <object_component_ref idref="oc-ac"/>
            <object_component_ref idref="oc-7c"/>
            <object_component_ref idref="oc-b2"/>
            <object_component_ref idref="oc-64"/>
            <object_component_ref idref="oc-3d"/>
            <object_component_ref idref="oc-7d"/>
            <object_component_ref idref="oc-19"/>
            <object_component_ref idref="oc-29"/>
            <object_component_ref idref="oc-7b"/>
            <object_component_ref idref="oc-84"/>
            <object_component_ref idref="oc-2b"/>
            <object_component_ref idref="oc-d2"/>
            <object_component_ref idref="oc-2c"/>
            <object_component_ref idref="oc-2a"/>
            <object_component_ref idref="oc-105"/>
            <object_component_ref idref="oc-55"/>
            <object_component_ref idref="oc-36"/>
         </contents>
      </logical_group>
      <logical_group id="lg-5" display="no" color="cyan">
         <name>.const</name>
         <run_address>0x0</run_address>
         <size>0x0</size>
         <contents>
         </contents>
      </logical_group>
      <logical_group id="lg-6" display="no" color="cyan">
         <name>.cinit</name>
         <load_address>0x1868</load_address>
         <run_address>0x1868</run_address>
         <size>0x2c</size>
         <contents>
            <object_component_ref idref="oc-163"/>
            <object_component_ref idref="oc-166"/>
            <object_component_ref idref="oc-165"/>
            <object_component_ref idref="oc-164"/>
         </contents>
      </logical_group>
      <logical_group id="lg-7" display="no" color="cyan">
         <name>.pinit</name>
         <run_address>0x0</run_address>
         <size>0x0</size>
         <contents>
         </contents>
      </logical_group>
      <logical_group id="lg-8" display="no" color="cyan">
         <name>.init_array</name>
         <run_address>0x0</run_address>
         <size>0x0</size>
         <contents>
         </contents>
      </logical_group>
      <logical_group id="lg-9" display="no" color="cyan">
         <name>.vtable</name>
         <run_address>0x0</run_address>
         <size>0x0</size>
         <contents>
         </contents>
      </logical_group>
      <logical_group id="lg-a" display="no" color="cyan">
         <name>.data</name>
         <run_address>0x2000010a</run_address>
         <size>0x2</size>
         <contents>
            <object_component_ref idref="oc-b6"/>
            <object_component_ref idref="oc-b7"/>
         </contents>
      </logical_group>
      <logical_group id="lg-b" display="no" color="cyan">
         <name>.bss</name>
         <run_address>0x20000100</run_address>
         <size>0xa</size>
         <contents>
            <object_component_ref idref="oc-7e"/>
         </contents>
      </logical_group>
      <logical_group id="lg-c" display="no" color="cyan">
         <name>.sysmem</name>
         <run_address>0x0</run_address>
         <size>0x0</size>
         <contents>
         </contents>
      </logical_group>
      <logical_group id="lg-d" display="no" color="cyan">
         <name>.stack</name>
         <run_address>0x20000000</run_address>
         <size>0x100</size>
         <contents>
            <object_component_ref idref="oc-13"/>
            <object_component_ref idref="oc-168"/>
         </contents>
      </logical_group>
      <logical_group id="lg-124" display="no" color="cyan">
         <name>.TI.noinit</name>
         <run_address>0x0</run_address>
         <size>0x0</size>
         <contents>
         </contents>
      </logical_group>
      <logical_group id="lg-125" display="no" color="cyan">
         <name>.TI.persistent</name>
         <run_address>0x0</run_address>
         <size>0x0</size>
         <contents>
         </contents>
      </logical_group>
      <logical_group id="lg-126" display="no" color="cyan">
         <name>.TI.local</name>
         <run_address>0x0</run_address>
         <size>0x0</size>
         <contents>
         </contents>
      </logical_group>
      <logical_group id="lg-127" display="no" color="cyan">
         <name>.TI.onchip</name>
         <run_address>0x0</run_address>
         <size>0x0</size>
         <contents>
         </contents>
      </logical_group>
      <logical_group id="lg-128" display="no" color="cyan">
         <name>.TI.offchip</name>
         <run_address>0x0</run_address>
         <size>0x0</size>
         <contents>
         </contents>
      </logical_group>
      <logical_group id="lg-129" display="no" color="cyan">
         <name>__llvm_prf_cnts</name>
         <run_address>0x20000000</run_address>
         <size>0x0</size>
         <contents>
         </contents>
      </logical_group>
      <logical_group id="lg-12b" display="no" color="cyan">
         <name>__llvm_prf_bits</name>
         <run_address>0x20000000</run_address>
         <size>0x0</size>
         <contents>
         </contents>
      </logical_group>
      <logical_group id="lg-13f" display="no" color="cyan">
         <name>.rodata</name>
         <load_address>0x17c8</load_address>
         <run_address>0x17c8</run_address>
         <size>0x9f</size>
         <contents>
            <object_component_ref idref="oc-114"/>
            <object_component_ref idref="oc-d1"/>
            <object_component_ref idref="oc-cf"/>
            <object_component_ref idref="oc-c7"/>
            <object_component_ref idref="oc-b1"/>
            <object_component_ref idref="oc-ce"/>
            <object_component_ref idref="oc-ab"/>
            <object_component_ref idref="oc-d0"/>
            <object_component_ref idref="oc-c8"/>
            <object_component_ref idref="oc-ae"/>
            <object_component_ref idref="oc-113"/>
            <object_component_ref idref="oc-cb"/>
            <object_component_ref idref="oc-cc"/>
            <object_component_ref idref="oc-ca"/>
            <object_component_ref idref="oc-b0"/>
         </contents>
      </logical_group>
      <logical_group id="lg-141" display="never" color="cyan">
         <name>.debug_info</name>
         <load_address>0x0</load_address>
         <run_address>0x0</run_address>
         <size>0x2bd2</size>
         <contents>
            <object_component_ref idref="oc-aa"/>
[...]
      </logical_group>
      <logical_group id="lg-14b" display="never" color="cyan">
         <name>.debug_aranges</name>
         <load_address>0x0</load_address>
         <run_address>0x0</run_address>
         <size>0xe8</size>
         <contents>
            <object_component_ref idref="oc-70"/>
            <object_component_ref idref="oc-c4"/>
            <object_component_ref idref="oc-bc"/>
            <object_component_ref idref="oc-c1"/>
            <object_component_ref idref="oc-39"/>
            <object_component_ref idref="oc-11c"/>
            <object_component_ref idref="oc-68"/>
         </contents>
      </logical_group>
      <logical_group id="lg-14d" display="never" color="cyan">
         <name>.debug_pubnames</name>
         <load_address>0x0</load_address>
         <run_address>0x0</run_address>
         <size>0x25</size>
         <contents>
            <object_component_ref idref="oc-71"/>
         </contents>
      </logical_group>
      <logical_group id="lg-14f" display="never" color="cyan">
         <name>.debug_pubtypes</name>
         <load_address>0x0</load_address>
         <run_address>0x0</run_address>
         <size>0x858</size>
         <contents>
            <object_component_ref idref="oc-f9"/>
            <object_component_ref idref="oc-ef"/>
            <object_component_ref idref="oc-e4"/>
            <object_component_ref idref="oc-f4"/>
            <object_component_ref idref="oc-a6"/>
         </contents>
      </logical_group>
      <logical_group id="lg-151" display="never" color="cyan">
         <name>.debug_loc</name>
         <load_address>0x0</load_address>
         <run_address>0x0</run_address>
         <size>0x821</size>
         <contents>
            <object_component_ref idref="oc-31"/>
            <object_component_ref idref="oc-90"/>
            <object_component_ref idref="oc-42"/>
            <object_component_ref idref="oc-3c"/>
            <object_component_ref idref="oc-34"/>
            <object_component_ref idref="oc-8a"/>
         </contents>
      </logical_group>
      <logical_group id="lg-153" display="never" color="cyan">
         <name>.debug_ranges</name>
         <load_address>0x0</load_address>
         <run_address>0x0</run_address>
         <size>0x1c0</size>
         <contents>
            <object_component_ref idref="oc-30"/>
            <object_component_ref idref="oc-8c"/>
            <object_component_ref idref="oc-3f"/>
            <object_component_ref idref="oc-35"/>
            <object_component_ref idref="oc-85"/>
            <object_component_ref idref="oc-101"/>
            <object_component_ref idref="oc-65"/>
         </contents>
      </logical_group>
      <logical_group id="lg-167" display="no" color="cyan">
         <name>Veneer$$CMSE</name>
         <run_address>0x0</run_address>
         <size>0x0</size>
         <contents>
         </contents>
      </logical_group>
      <load_segment id="lg-16d" display="no" color="cyan">
         <name>SEGMENT_0</name>
         <load_address>0x0</load_address>
         <run_address>0x0</run_address>
         <size>0x1894</size>
         <flags>0x5</flags>
         <contents>
            <logical_group_ref idref="lg-3"/>
            <logical_group_ref idref="lg-4"/>
            <logical_group_ref idref="lg-13f"/>
            <logical_group_ref idref="lg-6"/>
         </contents>
      </load_segment>
      <load_segment id="lg-16e" display="no" color="cyan">
         <name>SEGMENT_1</name>
         <run_address>0x20000000</run_address>
         <size>0x10c</size>
         <flags>0x6</flags>
         <contents>
            <logical_group_ref idref="lg-d"/>
            <logical_group_ref idref="lg-b"/>
            <logical_group_ref idref="lg-a"/>
         </contents>
      </load_segment>
   </logical_group_list>
   <placement_map>
      <memory_area display="yes" color="green">
         <name>FLASH</name>
         <page_id>0x0</page_id>
         <origin>0x0</origin>
         <length>0x40000</length>
         <used_space>0x188f</used_space>
         <unused_space>0x3e771</unused_space>
         <attributes>RX</attributes>
         <usage_details>
            <allocated_space>
               <start_address>0x0</start_address>
               <size>0x26c</size>
               <logical_group_ref idref="lg-3"/>
            </allocated_space>
            <available_space>
               <start_address>0x26c</start_address>
               <size>0x4</size>
            </available_space>
            <allocated_space>
               <start_address>0x270</start_address>
               <size>0x1558</size>
               <logical_group_ref idref="lg-4"/>
            </allocated_space>
            <allocated_space>
               <start_address>0x17c8</start_address>
               <size>0x9f</size>
               <logical_group_ref idref="lg-13f"/>
            </allocated_space>
            <available_space>
               <start_address>0x1867</start_address>
               <size>0x1</size>
            </available_space>
            <allocated_space>
               <start_address>0x1868</start_address>
               <size>0x2c</size>
               <logical_group_ref idref="lg-6"/>
            </allocated_space>
            <available_space>
               <start_address>0x1894</start_address>
               <size>0x3e76c</size>
            </available_space>
         </usage_details>
      </memory_area>
      <memory_area display="yes" color="green">
         <name>SRAM</name>
         <page_id>0x0</page_id>
         <origin>0x20000000</origin>
         <length>0x8000</length>
         <used_space>0x10c</used_space>
         <unused_space>0x7ef4</unused_space>
         <attributes>RWX</attributes>
         <usage_details>
            <allocated_space>
               <start_address>0x20000000</start_address>
               <size>0x0</size>
               <logical_group_ref idref="lg-129"/>
            </allocated_space>
            <allocated_space>
               <start_address>0x20000000</start_address>
               <size>0x0</size>
               <logical_group_ref idref="lg-12b"/>
            </allocated_space>
            <allocated_space>
               <start_address>0x20000000</start_address>
               <size>0x100</size>
               <logical_group_ref idref="lg-d"/>
            </allocated_space>
            <allocated_space>
               <start_address>0x20000100</start_address>
               <size>0xa</size>
               <logical_group_ref idref="lg-b"/>
            </allocated_space>
            <allocated_space>
               <start_address>0x2000010a</start_address>
               <size>0x2</size>
               <logical_group_ref idref="lg-a"/>
            </allocated_space>
            <available_space>
               <start_address>0x2000010c</start_address>
               <size>0x7ef4</size>
            </available_space>
         </usage_details>
      </memory_area>
   </placement_map>
   <cptbl_list>
      <cptbl>
         <name>__TI_cinit_table</name>
         <cprec>
            <name>.bss</name>
            <load_address>0x1874</load_address>
            <load_size>0x8</load_size>
            <run_address>0x20000100</run_address>
            <run_size>0xa</run_size>
            <compression>zero_init</compression>
         </cprec>
         <cprec>
            <name>.data</name>
            <load_address>0x187c</load_address>
            <load_size>0x6</load_size>
            <run_address>0x2000010a</run_address>
            <run_size>0x2</run_size>
            <compression>lzss</compression>
         </cprec>
      </cptbl>
   </cptbl_list>
   <handler_table>
      <handler_table_name>__TI_handler_table</handler_table_name>
      <handler>
         <index>0x0</index>
         <name>__TI_decompress_lzss</name>
      </handler>
      <handler>
         <index>0x1</index>
         <name>__TI_decompress_none</name>
      </handler>
      <handler>
         <index>0x2</index>
         <name>__TI_zero_init</name>
      </handler>
   </handler_table>
   <symbol_table>
      <symbol id="sm-1">
         <name>__STACK_TOP</name>
         <value>0x20000100</value>
      </symbol>
      <symbol id="sm-2">
         <name>__start___llvm_prf_cnts</name>
         <value>0x20000000</value>
      </symbol>
      <symbol id="sm-3">
         <name>__stop___llvm_prf_cnts</name>
         <value>0x20000000</value>
      </symbol>
      <symbol id="sm-4">
         <name>__start___llvm_prf_bits</name>
         <value>0x20000000</value>
      </symbol>
      <symbol id="sm-5">
         <name>__stop___llvm_prf_bits</name>
         <value>0x20000000</value>
      </symbol>
      <symbol id="sm-6">
         <name>__TI_CINIT_Base</name>
         <value>0x1884</value>
      </symbol>
      <symbol id="sm-7">
         <name>__TI_CINIT_Limit</name>
         <value>0x1894</value>
      </symbol>
      <symbol id="sm-8">
         <name>__TI_CINIT_Warm</name>
         <value>0x1894</value>
      </symbol>
      <symbol id="sm-9">
         <name>__TI_Handler_Table_Base</name>
         <value>0x1868</value>
      </symbol>
      <symbol id="sm-a">
         <name>__TI_Handler_Table_Limit</name>
         <value>0x1874</value>
      </symbol>
      <symbol id="sm-b">
         <name>binit</name>
         <value>0xffffffff</value>
      </symbol>
      <symbol id="sm-c">
         <name>__binit__</name>
         <value>0xffffffff</value>
      </symbol>
      <symbol id="sm-d">
         <name>__STACK_SIZE</name>
         <value>0x100</value>
      </symbol>
      <symbol id="sm-e">
         <name>__STACK_END</name>
         <value>0x20000100</value>
      </symbol>
      <symbol id="sm-f">
         <name>__TI_pprof_out_hndl</name>
         <value>0xffffffff</value>
      </symbol>
      <symbol id="sm-10">
         <name>__TI_prof_data_start</name>
         <value>0xffffffff</value>
      </symbol>
      <symbol id="sm-11">
         <name>__TI_prof_data_size</name>
         <value>0xffffffff</value>
      </symbol>
      <symbol id="sm-38">
         <name>ResetISR</name>
         <value>0x179b</value>
         <object_component_ref idref="oc-29"/>
      </symbol>
      <symbol id="sm-39">
         <name>g_pfnVectors</name>
         <value>0x0</value>
         <object_component_ref idref="oc-12"/>
      </symbol>
      <symbol id="sm-43">
         <name>delayMs</name>
         <value>0x157f</value>
         <object_component_ref idref="oc-b4"/>
      </symbol>
      <symbol id="sm-44">
         <name>main</name>
         <value>0x11bb</value>
         <object_component_ref idref="oc-59"/>
      </symbol>
      <symbol id="sm-45">
         <name>system</name>
         <value>0x20000100</value>
      </symbol>
      <symbol id="sm-46">
         <name>Display_Data_To_Putty</name>
         <value>0xb49</value>
         <object_component_ref idref="oc-82"/>
      </symbol>
      <symbol id="sm-4f">
         <name>StateMachine_Run</name>
         <value>0x429</value>
         <object_component_ref idref="oc-83"/>
      </symbol>
      <symbol id="sm-54">
         <name>AM2301B_Init</name>
         <value>0x177d</value>
         <object_component_ref idref="oc-7d"/>
      </symbol>
      <symbol id="sm-55">
         <name>AM2301B_Read</name>
         <value>0x5a9</value>
         <object_component_ref idref="oc-81"/>
      </symbol>
      <symbol id="sm-5e">
         <name>LCD_TestInit</name>
         <value>0x1661</value>
         <object_component_ref idref="oc-7a"/>
      </symbol>
      <symbol id="sm-5f">
         <name>LCD_Command</name>
         <value>0x16bd</value>
         <object_component_ref idref="oc-b3"/>
      </symbol>
      <symbol id="sm-60">
         <name>I2C0_BurstWrite</name>
         <value>0x719</value>
         <object_component_ref idref="oc-fd"/>
      </symbol>
      <symbol id="sm-61">
         <name>LCD_Init</name>
         <value>0x153f</value>
         <object_component_ref idref="oc-79"/>
      </symbol>
      <symbol id="sm-62">
         <name>LCD_WriteChar</name>
         <value>0x172b</value>
         <object_component_ref idref="oc-7c"/>
      </symbol>
      <symbol id="sm-67">
         <name>ADC0_Init</name>
         <value>0xf99</value>
         <object_component_ref idref="oc-76"/>
      </symbol>
      <symbol id="sm-68">
         <name>ADC0_Read</name>
         <value>0x14f9</value>
         <object_component_ref idref="oc-80"/>
      </symbol>
      <symbol id="sm-6f">
         <name>PortF_Init</name>
         <value>0x1269</value>
         <object_component_ref idref="oc-74"/>
      </symbol>
      <symbol id="sm-70">
         <name>Button_Read</name>
         <value>0x1055</value>
         <object_component_ref idref="oc-7f"/>
      </symbol>
      <symbol id="sm-71">
         <name>LED_Set</name>
         <value>0x16e3</value>
         <object_component_ref idref="oc-cd"/>
      </symbol>
      <symbol id="sm-81">
         <name>I2C0_Init</name>
         <value>0xed7</value>
         <object_component_ref idref="oc-77"/>
      </symbol>
      <symbol id="sm-82">
         <name>I2C0_WriteCmdOnly</name>
         <value>0x14a7</value>
         <object_component_ref idref="oc-b5"/>
      </symbol>
      <symbol id="sm-83">
         <name>I2C0_ProbeAddr</name>
         <value>0x143f</value>
         <object_component_ref idref="oc-ad"/>
      </symbol>
      <symbol id="sm-84">
         <name>I2C0_ScanBus</name>
         <value>0xe0d</value>
         <object_component_ref idref="oc-78"/>
      </symbol>
      <symbol id="sm-85">
         <name>I2C0_ReadBytes</name>
         <value>0x83b</value>
         <object_component_ref idref="oc-b9"/>
      </symbol>
      <symbol id="sm-86">
         <name>I2C0_WriteBytesOnly</name>
         <value>0xa51</value>
         <object_component_ref idref="oc-b8"/>
      </symbol>
      <symbol id="sm-8c">
         <name>UART0_Init</name>
         <value>0xd31</value>
         <object_component_ref idref="oc-75"/>
      </symbol>
      <symbol id="sm-8d">
         <name>UART0_WriteChar</name>
         <value>0x168f</value>
         <object_component_ref idref="oc-af"/>
      </symbol>
      <symbol id="sm-8e">
         <name>UART0_WriteString</name>
         <value>0x1707</value>
         <object_component_ref idref="oc-ac"/>
      </symbol>
      <symbol id="sm-8f">
         <name>UART0_WriteInt</name>
         <value>0x110b</value>
         <object_component_ref idref="oc-c9"/>
      </symbol>
      <symbol id="sm-90">
         <name>__TI_ATRegion0_src_addr</name>
         <value>0x0</value>
      </symbol>
      <symbol id="sm-91">
         <name>__TI_ATRegion0_trg_addr</name>
         <value>0x0</value>
      </symbol>
      <symbol id="sm-92">
         <name>__TI_ATRegion0_region_sz</name>
         <value>0x0</value>
      </symbol>
      <symbol id="sm-93">
         <name>__TI_ATRegion1_src_addr</name>
         <value>0x0</value>
      </symbol>
      <symbol id="sm-94">
         <name>__TI_ATRegion1_trg_addr</name>
         <value>0x0</value>
      </symbol>
      <symbol id="sm-95">
         <name>__TI_ATRegion1_region_sz</name>
         <value>0x0</value>
      </symbol>
      <symbol id="sm-96">
         <name>__TI_ATRegion2_src_addr</name>
         <value>0x0</value>
      </symbol>
      <symbol id="sm-97">
         <name>__TI_ATRegion2_trg_addr</name>
         <value>0x0</value>
      </symbol>
      <symbol id="sm-98">
         <name>__TI_ATRegion2_region_sz</name>
         <value>0x0</value>
      </symbol>
      <symbol id="sm-d2">
         <name>SysCtlClockSet</name>
         <value>0xc3d</value>
         <object_component_ref idref="oc-6e"/>
      </symbol>
      <symbol id="sm-d3">
         <name>SysCtlDelay</name>
         <value>0x17a1</value>
         <object_component_ref idref="oc-7b"/>
      </symbol>
      <symbol id="sm-e0">
         <name>_c_int00_noargs</name>
         <value>0x162d</value>
         <object_component_ref idref="oc-46"/>
      </symbol>
      <symbol id="sm-e1">
         <name>__stack</name>
         <value>0x20000000</value>
         <object_component_ref idref="oc-13"/>
      </symbol>
      <symbol id="sm-ed">
         <name>__TI_auto_init_nobinit_nopinit</name>
         <value>0x15bd</value>
         <object_component_ref idref="oc-8b"/>
      </symbol>
      <symbol id="sm-f5">
         <name>_system_pre_init</name>
         <value>0x17c1</value>
         <object_component_ref idref="oc-55"/>
      </symbol>
      <symbol id="sm-100">
         <name>__TI_zero_init_nomemset</name>
         <value>0x176b</value>
         <object_component_ref idref="oc-3d"/>
      </symbol>
      <symbol id="sm-109">
         <name>__TI_decompress_none</name>
         <value>0x178d</value>
         <object_component_ref idref="oc-19"/>
      </symbol>
      <symbol id="sm-113">
         <name>__TI_decompress_lzss</name>
         <value>0x12eb</value>
         <object_component_ref idref="oc-15"/>
      </symbol>
      <symbol id="sm-11d">
         <name>abort</name>
         <value>0x17a7</value>
         <object_component_ref idref="oc-84"/>
      </symbol>
      <symbol id="sm-127">
         <name>HOSTexit</name>
         <value>0x17b1</value>
         <object_component_ref idref="oc-d2"/>
      </symbol>
      <symbol id="sm-128">
         <name>C$$EXIT</name>
         <value>0x17b0</value>
         <object_component_ref idref="oc-d2"/>
      </symbol>
      <symbol id="sm-12e">
         <name>__aeabi_dadd</name>
         <value>0x27b</value>
         <object_component_ref idref="oc-c3"/>
      </symbol>
      <symbol id="sm-12f">
         <name>__adddf3</name>
         <value>0x27b</value>
         <object_component_ref idref="oc-c3"/>
      </symbol>
      <symbol id="sm-130">
         <name>__aeabi_dsub</name>
         <value>0x271</value>
         <object_component_ref idref="oc-c3"/>
      </symbol>
      <symbol id="sm-131">
         <name>__subdf3</name>
         <value>0x271</value>
         <object_component_ref idref="oc-c3"/>
      </symbol>
      <symbol id="sm-137">
         <name>__aeabi_f2d</name>
         <value>0x15f5</value>
         <object_component_ref idref="oc-ba"/>
      </symbol>
      <symbol id="sm-138">
         <name>__extendsfdf2</name>
         <value>0x15f5</value>
         <object_component_ref idref="oc-ba"/>
      </symbol>
      <symbol id="sm-13e">
         <name>__aeabi_d2f</name>
         <value>0x13d1</value>
         <object_component_ref idref="oc-bf"/>
      </symbol>
      <symbol id="sm-13f">
         <name>__truncdfsf2</name>
         <value>0x13d1</value>
         <object_component_ref idref="oc-bf"/>
      </symbol>
      <symbol id="sm-148">
         <name>__aeabi_dmul</name>
         <value>0x17bd</value>
         <object_component_ref idref="oc-105"/>
      </symbol>
      <symbol id="sm-14e">
         <name>__aeabi_memcpy</name>
         <value>0x17c5</value>
         <object_component_ref idref="oc-36"/>
      </symbol>
      <symbol id="sm-14f">
         <name>__aeabi_memcpy4</name>
         <value>0x17c5</value>
         <object_component_ref idref="oc-36"/>
      </symbol>
      <symbol id="sm-150">
         <name>__aeabi_memcpy8</name>
         <value>0x17c5</value>
         <object_component_ref idref="oc-36"/>
      </symbol>
      <symbol id="sm-156">
         <name>__muldf3</name>
         <value>0x955</value>
         <object_component_ref idref="oc-11b"/>
      </symbol>
      <symbol id="sm-15f">
         <name>TI_memcpy_small</name>
         <value>0x1759</value>
         <object_component_ref idref="oc-64"/>
      </symbol>
      <symbol id="sm-160">
         <name>__TI_static_base__</name>
         <value>0x0</value>
      </symbol>
      <symbol id="sm-163">
         <name>__mpu_init</name>
         <value>0x0</value>
      </symbol>
      <symbol id="sm-164">
         <name>_system_post_cinit</name>
         <value>0x0</value>
      </symbol>
   </symbol_table>
   <title>Link successful</title>
</link_info>
